Component: ARM Compiler 6.16 Tool: armlink [5dfeaa00]

==============================================================================

Section Cross References

    main.o(.text.main) refers to zf_common_clock.o(.text.clock_init) for clock_init
    main.o(.text.main) refers to zf_common_debug.o(.text.debug_init) for debug_init
    main.o(.text.main) refers to encoder.o(.text.Encoder_Init) for Encoder_Init
    main.o(.text.main) refers to motor.o(.text.Motor_Init) for Motor_Init
    main.o(.text.main) refers to chassis_control.o(.text.Chassis_Init) for Chassis_Init
    main.o(.text.main) refers to menu.o(.text.Menu_Init) for Menu_Init
    main.o(.text.main) refers to imu.o(.text.JY61P_Init) for JY61P_Init
    main.o(.text.main) refers to uppermonitor.o(.text.UpperMonitor_Init) for UpperMonitor_Init
    main.o(.text.main) refers to zf_driver_pit.o(.text.pit_ms_init) for pit_ms_init
    main.o(.text.main) refers to chassis_control.o(.bss.Differential_Wheel_Info) for Differential_Wheel_Info
    main.o(.text.main) refers to main.o(.text._50HZ_Callback) for _50HZ_Callback
    main.o(.ARM.exidx.text.main) refers to main.o(.text.main) for [Anonymous Symbol]
    main.o(.text._50HZ_Callback) refers to menu.o(.text.Menu_Process) for Menu_Process
    main.o(.text._50HZ_Callback) refers to imu.o(.text.JY61P_Analysis_Process) for JY61P_Analysis_Process
    main.o(.text._50HZ_Callback) refers to uppermonitor.o(.text.UpperMonitor_Cmd_Send) for UpperMonitor_Cmd_Send
    main.o(.text._50HZ_Callback) refers to chassis_control.o(.text.Chassis_Proceed) for Chassis_Proceed
    main.o(.text._50HZ_Callback) refers to uppermonitor.o(.bss.UpperMonitor_Handle) for UpperMonitor_Handle
    main.o(.text._50HZ_Callback) refers to chassis_control.o(.bss.Differential_Wheel_Info) for Differential_Wheel_Info
    main.o(.ARM.exidx.text._50HZ_Callback) refers to main.o(.text._50HZ_Callback) for [Anonymous Symbol]
    isr.o(.text.TIMA0_IRQHandler) refers to zf_driver_pit.o(.bss.pit_callback_list) for pit_callback_list
    isr.o(.text.TIMA0_IRQHandler) refers to zf_driver_pit.o(.data.pit_callback_ptr_list) for pit_callback_ptr_list
    isr.o(.ARM.exidx.text.TIMA0_IRQHandler) refers to isr.o(.text.TIMA0_IRQHandler) for [Anonymous Symbol]
    isr.o(.text.TIMA1_IRQHandler) refers to zf_driver_pit.o(.bss.pit_callback_list) for pit_callback_list
    isr.o(.text.TIMA1_IRQHandler) refers to zf_driver_pit.o(.data.pit_callback_ptr_list) for pit_callback_ptr_list
    isr.o(.ARM.exidx.text.TIMA1_IRQHandler) refers to isr.o(.text.TIMA1_IRQHandler) for [Anonymous Symbol]
    isr.o(.text.TIMG0_IRQHandler) refers to zf_driver_pit.o(.bss.pit_callback_list) for pit_callback_list
    isr.o(.text.TIMG0_IRQHandler) refers to zf_driver_pit.o(.data.pit_callback_ptr_list) for pit_callback_ptr_list
    isr.o(.ARM.exidx.text.TIMG0_IRQHandler) refers to isr.o(.text.TIMG0_IRQHandler) for [Anonymous Symbol]
    isr.o(.text.TIMG6_IRQHandler) refers to zf_driver_pit.o(.bss.pit_callback_list) for pit_callback_list
    isr.o(.text.TIMG6_IRQHandler) refers to zf_driver_pit.o(.data.pit_callback_ptr_list) for pit_callback_ptr_list
    isr.o(.ARM.exidx.text.TIMG6_IRQHandler) refers to isr.o(.text.TIMG6_IRQHandler) for [Anonymous Symbol]
    isr.o(.text.TIMG7_IRQHandler) refers to zf_driver_pit.o(.bss.pit_callback_list) for pit_callback_list
    isr.o(.text.TIMG7_IRQHandler) refers to zf_driver_pit.o(.data.pit_callback_ptr_list) for pit_callback_ptr_list
    isr.o(.ARM.exidx.text.TIMG7_IRQHandler) refers to isr.o(.text.TIMG7_IRQHandler) for [Anonymous Symbol]
    isr.o(.text.TIMG8_IRQHandler) refers to zf_driver_pit.o(.bss.pit_callback_list) for pit_callback_list
    isr.o(.text.TIMG8_IRQHandler) refers to zf_driver_pit.o(.data.pit_callback_ptr_list) for pit_callback_ptr_list
    isr.o(.ARM.exidx.text.TIMG8_IRQHandler) refers to isr.o(.text.TIMG8_IRQHandler) for [Anonymous Symbol]
    isr.o(.text.TIMG12_IRQHandler) refers to zf_driver_pit.o(.bss.pit_callback_list) for pit_callback_list
    isr.o(.text.TIMG12_IRQHandler) refers to zf_driver_pit.o(.data.pit_callback_ptr_list) for pit_callback_ptr_list
    isr.o(.ARM.exidx.text.TIMG12_IRQHandler) refers to isr.o(.text.TIMG12_IRQHandler) for [Anonymous Symbol]
    isr.o(.text.UART0_IRQHandler) refers to isr.o(.text.DL_UART_getPendingInterrupt) for DL_UART_getPendingInterrupt
    isr.o(.text.UART0_IRQHandler) refers to zf_common_debug.o(.text.debug_interrupr_handler) for debug_interrupr_handler
    isr.o(.text.UART0_IRQHandler) refers to isr.o(.text.DL_UART_clearInterruptStatus) for DL_UART_clearInterruptStatus
    isr.o(.text.UART0_IRQHandler) refers to zf_driver_uart.o(.data.uart_callback_list) for uart_callback_list
    isr.o(.text.UART0_IRQHandler) refers to zf_driver_uart.o(.bss.uart_callback_ptr_list) for uart_callback_ptr_list
    isr.o(.ARM.exidx.text.UART0_IRQHandler) refers to isr.o(.text.UART0_IRQHandler) for [Anonymous Symbol]
[...]
    _memset_w                                0x000003b5   Thumb Code    26  rt_memclr.o(.text)
    _memset                                  0x000003cf   Thumb Code    30  rt_memclr.o(.text)
    __aeabi_memclr                           0x000003ed   Thumb Code     4  rt_memclr.o(.text)
    __rt_memclr                              0x000003ed   Thumb Code     0  rt_memclr.o(.text)
    __aeabi_memclr4                          0x000003f1   Thumb Code     0  rt_memclr.o(.text)
    __aeabi_memclr8                          0x000003f1   Thumb Code     0  rt_memclr.o(.text)
    __rt_memclr_w                            0x000003f1   Thumb Code     4  rt_memclr.o(.text)
    __aeabi_uidiv                            0x000003f5   Thumb Code     0  aeabi_sdiv.o(.text)
    __aeabi_uidivmod                         0x000003f5   Thumb Code    20  aeabi_sdiv.o(.text)
    __aeabi_idiv                             0x00000409   Thumb Code     0  aeabi_sdiv.o(.text)
    __aeabi_idivmod                          0x00000409   Thumb Code   338  aeabi_sdiv.o(.text)
    __use_two_region_memory                  0x00000561   Thumb Code     2  heapauxi.o(.text)
    __rt_heap_escrow$2region                 0x00000563   Thumb Code     2  heapauxi.o(.text)
    __rt_heap_expand$2region                 0x00000565   Thumb Code     2  heapauxi.o(.text)
    __aeabi_d2f                              0x00000569   Thumb Code     0  d2f.o(.text)
    _d2f                                     0x00000569   Thumb Code   120  d2f.o(.text)
    __aeabi_dadd                             0x000008dd   Thumb Code     0  daddsub.o(.text)
    _dadd                                    0x000008dd   Thumb Code    26  daddsub.o(.text)
    __aeabi_dsub                             0x000008f7   Thumb Code     0  daddsub.o(.text)
    _dsub                                    0x000008f7   Thumb Code    22  daddsub.o(.text)
    __aeabi_drsub                            0x0000090d   Thumb Code     0  daddsub.o(.text)
    _drsb                                    0x0000090d   Thumb Code    28  daddsub.o(.text)
    __aeabi_ddiv                             0x0000093d   Thumb Code     0  ddiv.o(.text)
    _ddiv                                    0x0000093d   Thumb Code  1072  ddiv.o(.text)
    _drdiv                                   0x00000d6d   Thumb Code    20  ddiv.o(.text)
    __aeabi_d2iz                             0x00000d85   Thumb Code     0  dfixi.o(.text)
    _dfix                                    0x00000d85   Thumb Code    98  dfixi.o(.text)
    __aeabi_i2d_normalise                    0x00000df1   Thumb Code    66  dflti.o(.text)
    __aeabi_i2d                              0x00000e33   Thumb Code    16  dflti.o(.text)
    _dflt                                    0x00000e33   Thumb Code     0  dflti.o(.text)
    __aeabi_ui2d                             0x00000e43   Thumb Code     6  dflti.o(.text)
    _dfltu                                   0x00000e43   Thumb Code     0  dflti.o(.text)
    __aeabi_dmul                             0x00000e49   Thumb Code     0  dmul.o(.text)
    _dmul                                    0x00000e49   Thumb Code   558  dmul.o(.text)
    __aeabi_f2d                              0x00001091   Thumb Code     0  f2d.o(.text)
    _f2d                                     0x00001091   Thumb Code    80  f2d.o(.text)
    __aeabi_fdiv                             0x000010e5   Thumb Code     0  fdiv.o(.text)
    _fdiv                                    0x000010e5   Thumb Code   334  fdiv.o(.text)
    _frdiv                                   0x00001233   Thumb Code     8  fdiv.o(.text)
    __aeabi_f2iz                             0x00001245   Thumb Code     0  ffixi.o(.text)
    _ffix                                    0x00001245   Thumb Code    76  ffixi.o(.text)
    __aeabi_i2f_normalise                    0x00001291   Thumb Code    72  fflti.o(.text)
    __aeabi_i2f                              0x000012d9   Thumb Code    16  fflti.o(.text)
    _fflt                                    0x000012d9   Thumb Code     0  fflti.o(.text)
    __aeabi_ui2f                             0x000012e9   Thumb Code     6  fflti.o(.text)
    _ffltu                                   0x000012e9   Thumb Code     0  fflti.o(.text)
    _printf_pre_padding                      0x000012ef   Thumb Code    44  _printf_pad.o(.text)
    _printf_post_padding                     0x0000131b   Thumb Code    34  _printf_pad.o(.text)
    _printf_truncate_signed                  0x0000133d   Thumb Code    18  _printf_truncate.o(.text)
    _printf_truncate_unsigned                0x0000134f   Thumb Code    18  _printf_truncate.o(.text)
    _printf_str                              0x00001361   Thumb Code    82  _printf_str.o(.text)
    _printf_int_dec                          0x000013b5   Thumb Code    90  _printf_dec.o(.text)
    _printf_charcount                        0x00001421   Thumb Code    38  _printf_charcount.o(.text)
    _printf_char_common                      0x00001453   Thumb Code    32  _printf_char_common.o(.text)
    _sputc                                   0x00001479   Thumb Code    10  _sputc.o(.text)
    _printf_wctomb                           0x00001485   Thumb Code   182  _printf_wctomb.o(.text)
    _printf_longlong_dec                     0x00001541   Thumb Code    94  _printf_longlong_dec.o(.text)
    _printf_longlong_oct                     0x000015b1   Thumb Code    68  _printf_oct_int_ll.o(.text)
    _printf_int_oct                          0x000015f5   Thumb Code    24  _printf_oct_int_ll.o(.text)
    _printf_ll_oct                           0x0000160d   Thumb Code    10  _printf_oct_int_ll.o(.text)
    _printf_longlong_hex                     0x00001621   Thumb Code    88  _printf_hex_int_ll_ptr.o(.text)
    _printf_int_hex                          0x00001679   Thumb Code    28  _printf_hex_int_ll_ptr.o(.text)
    _printf_ll_hex                           0x00001695   Thumb Code    10  _printf_hex_int_ll_ptr.o(.text)
    _printf_hex_ptr                          0x0000169f   Thumb Code    22  _printf_hex_int_ll_ptr.o(.text)
    __printf                                 0x000016b9   Thumb Code   386  __printf_flags_ss_wp.o(.text)
    _ll_udiv10                               0x00001841   Thumb Code   122  lludiv10.o(.text)
    _printf_int_common                       0x000018bb   Thumb Code   176  _printf_intcommon.o(.text)
    _printf_fp_dec_real                      0x00001b09   Thumb Code   620  _printf_fp_dec.o(.text)
    _printf_fp_hex_real                      0x00001d81   Thumb Code   718  _printf_fp_hex.o(.text)
    _printf_cs_common                        0x00002059   Thumb Code    22  _printf_char.o(.text)
    _printf_char                             0x0000206f   Thumb Code    16  _printf_char.o(.text)
    _printf_string                           0x0000207f   Thumb Code     8  _printf_char.o(.text)
    _printf_lcs_common                       0x00002087   Thumb Code    22  _printf_wchar.o(.text)
    _printf_wchar                            0x0000209d   Thumb Code    16  _printf_wchar.o(.text)
    _printf_wstring                          0x000020ad   Thumb Code     8  _printf_wchar.o(.text)
    _c16rtomb                                0x000020b5   Thumb Code    66  _c16rtomb.o(.text)
    _wcrtomb                                 0x000020b5   Thumb Code     0  _c16rtomb.o(.text)
    __rt_udiv10                              0x000020f7   Thumb Code    40  rtudiv10.o(.text)
    __fpl_dcmp_InfNaN                        0x00002121   Thumb Code   154  dcmpin.o(.text)
    __fpl_fcmp_InfNaN                        0x000021c1   Thumb Code    96  fcmpin.o(.text)
    __user_libspace                          0x00002225   Thumb Code     8  libspace.o(.text)
    __user_perproc_libspace                  0x00002225   Thumb Code     0  libspace.o(.text)
    __user_perthread_libspace                0x00002225   Thumb Code     0  libspace.o(.text)
    __user_setup_stackheap                   0x0000222d   Thumb Code    62  sys_stackheap_outer.o(.text)
    __rt_ctype_table                         0x0000226d   Thumb Code    16  rt_ctype_table.o(.text)
    __rt_locale                              0x0000227d   Thumb Code     8  rt_locale_intlibspace.o(.text)
    _printf_fp_infnan                        0x00002285   Thumb Code   120  _printf_fp_infnan.o(.text)
    _btod_etento                             0x0000230d   Thumb Code   210  bigflt0.o(.text)
    _btod_d2e                                0x000023e5   Thumb Code    64  btod.o(.text)
    _btod_emul                               0x00002819   Thumb Code    28  btod.o(.text)
    _btod_emuld                              0x00002835   Thumb Code   144  btod.o(.text)
    _btod_ediv                               0x000028c5   Thumb Code    26  btod.o(.text)
    _btod_edivd                              0x000028df   Thumb Code   124  btod.o(.text)
    exit                                     0x00002965   Thumb Code    16  exit.o(.text)
    __fpl_cmpreturn                          0x00002975   Thumb Code    46  cmpret.o(.text)
    __fpl_dcheck_NaN2                        0x000029a5   Thumb Code    14  dnan2.o(.text)
    __fpl_fcheck_NaN2                        0x000029b9   Thumb Code    10  fnan2.o(.text)
    strcmp                                   0x000029c9   Thumb Code   132  strcmp.o(.text)
    __fpl_return_NaN                         0x00002a51   Thumb Code    94  retnan.o(.text)
    __decompress                             0x00002aaf   Thumb Code     0  __dczerorl2.o(.text)
    __decompress1                            0x00002aaf   Thumb Code    86  __dczerorl2.o(.text)
    Chassis_Info_Show                        0x00002bf5   Thumb Code    72  menu.o(.text.Chassis_Info_Show)
    Chassis_Init                             0x00002c45   Thumb Code   148  chassis_control.o(.text.Chassis_Init)
    Chassis_Proceed                          0x00002d8d   Thumb Code    22  chassis_control.o(.text.Chassis_Proceed)
    DL_Common_delayCycles                    0x00002e6d   Thumb Code    20  dl_common.o(.text.DL_Common_delayCycles)
    DL_SPI_init                              0x000030ad   Thumb Code    64  dl_spi.o(.text.DL_SPI_init)
    DL_SPI_setClockConfig                    0x00003131   Thumb Code    32  dl_spi.o(.text.DL_SPI_setClockConfig)
    DL_SYSCTL_configSYSPLL                   0x00003185   Thumb Code   212  ti_msp_dl_config.o(.text.DL_SYSCTL_configSYSPLL)
    DL_SYSCTL_setHFCLKSourceHFXTParams       0x00003309   Thumb Code   160  ti_msp_dl_config.o(.text.DL_SYSCTL_setHFCLKSourceHFXTParams)
    DL_SYSCTL_setLFCLKSourceLFXT             0x000033b9   Thumb Code    76  ti_msp_dl_config.o(.text.DL_SYSCTL_setLFCLKSourceLFXT)
    DL_SYSCTL_switchMCLKfromSYSOSCtoHSCLK    0x0000345d   Thumb Code    32  ti_msp_dl_config.o(.text.DL_SYSCTL_switchMCLKfromSYSOSCtoHSCLK)
    DL_UART_init                             0x00003581   Thumb Code    68  dl_uart.o(.text.DL_UART_init)
    DL_UART_setClockConfig                   0x00003665   Thumb Code    32  dl_uart.o(.text.DL_UART_setClockConfig)
    DL_VREF_configReference                  0x000036bd   Thumb Code    48  dl_vref.o(.text.DL_VREF_configReference)
    Encoder_Count_Get                        0x000037ad   Thumb Code    20  encoder.o(.text.Encoder_Count_Get)
    Encoder_Init                             0x000037c5   Thumb Code    64  encoder.o(.text.Encoder_Init)
    GROUP1_IRQHandler                        0x0000380d   Thumb Code   224  isr.o(.text.GROUP1_IRQHandler)
    IMU_Info_Show                            0x000038fd   Thumb Code   124  menu.o(.text.IMU_Info_Show)
    JY61P_Analysis_Process                   0x0000398d   Thumb Code    36  imu.o(.text.JY61P_Analysis_Process)
    JY61P_IIC                                0x000039b9   Thumb Code    40  imu.o(.text.JY61P_IIC)
    JY61P_Init                               0x000039e9   Thumb Code    40  imu.o(.text.JY61P_Init)
    Menu_Init                                0x00003fa5   Thumb Code    48  menu.o(.text.Menu_Init)
    Menu_Process                             0x00003fd5   Thumb Code    20  menu.o(.text.Menu_Process)
    Motor_Cmd                                0x00003fe9   Thumb Code   176  motor.o(.text.Motor_Cmd)
    Motor_Init                               0x00004099   Thumb Code    64  motor.o(.text.Motor_Init)
    PID_calc                                 0x000040e5   Thumb Code   538  pid.o(.text.PID_calc)
    PID_init                                 0x000042ff   Thumb Code   126  pid.o(.text.PID_init)
    SYSCFG_DL_GPIO_init                      0x0000437d   Thumb Code   120  ti_msp_dl_config.o(.text.SYSCFG_DL_GPIO_init)
    SYSCFG_DL_SYSCTL_init                    0x000043f5   Thumb Code    96  ti_msp_dl_config.o(.text.SYSCFG_DL_SYSCTL_init)
    SYSCFG_DL_SYSTICK_init                   0x0000445d   Thumb Code    14  ti_msp_dl_config.o(.text.SYSCFG_DL_SYSTICK_init)
    SYSCFG_DL_VREF_init                      0x0000446d   Thumb Code    12  ti_msp_dl_config.o(.text.SYSCFG_DL_VREF_init)
    SYSCFG_DL_init                           0x0000447d   Thumb Code    24  ti_msp_dl_config.o(.text.SYSCFG_DL_init)
    SYSCFG_DL_initPower                      0x00004495   Thumb Code    56  ti_msp_dl_config.o(.text.SYSCFG_DL_initPower)
    TIMA0_IRQHandler                         0x000044d9   Thumb Code    16  isr.o(.text.TIMA0_IRQHandler)
    TIMA1_IRQHandler                         0x000044e9   Thumb Code    16  isr.o(.text.TIMA1_IRQHandler)
    TIMG0_IRQHandler                         0x000044f9   Thumb Code    16  isr.o(.text.TIMG0_IRQHandler)
    TIMG12_IRQHandler                        0x00004509   Thumb Code    16  isr.o(.text.TIMG12_IRQHandler)
    TIMG6_IRQHandler                         0x00004519   Thumb Code    16  isr.o(.text.TIMG6_IRQHandler)
    TIMG7_IRQHandler                         0x00004529   Thumb Code    16  isr.o(.text.TIMG7_IRQHandler)
    TIMG8_IRQHandler                         0x00004539   Thumb Code    16  isr.o(.text.TIMG8_IRQHandler)
    Task1                                    0x00004551   Thumb Code    12  menu.o(.text.Task1)
    Task2                                    0x0000455d   Thumb Code    16  menu.o(.text.Task2)
    Task3                                    0x00004571   Thumb Code    16  menu.o(.text.Task3)
    Task4                                    0x00004585   Thumb Code    16  menu.o(.text.Task4)
    UART0_IRQHandler                         0x00004599   Thumb Code    76  isr.o(.text.UART0_IRQHandler)
    UART1_IRQHandler                         0x000045ed   Thumb Code    80  isr.o(.text.UART1_IRQHandler)
    UART2_IRQHandler                         0x00004649   Thumb Code    72  isr.o(.text.UART2_IRQHandler)
    UART3_IRQHandler                         0x00004699   Thumb Code    72  isr.o(.text.UART3_IRQHandler)
    UpperMonitor_Cmd_Send                    0x000046f1   Thumb Code    78  uppermonitor.o(.text.UpperMonitor_Cmd_Send)
    UpperMonitor_Init                        0x0000473f   Thumb Code     2  uppermonitor.o(.text.UpperMonitor_Init)
    UpperMonitor_Motor_PID_Send_Hook         0x00004741   Thumb Code    68  uppermonitor.o(.text.UpperMonitor_Motor_PID_Send_Hook)
    _sys_exit                                0x0000489d   Thumb Code     8  zf_common_debug.o(.text._sys_exit)
    afio_init                                0x000048a5   Thumb Code   328  zf_driver_gpio.o(.text.afio_init)
    clock_init                               0x000049fd   Thumb Code    26  zf_common_clock.o(.text.clock_init)
    debug_assert_handler                     0x00004b51   Thumb Code    92  zf_common_debug.o(.text.debug_assert_handler)
    debug_init                               0x00004bf9   Thumb Code    72  zf_common_debug.o(.text.debug_init)
    debug_interrupr_handler                  0x00004c51   Thumb Code    28  zf_common_debug.o(.text.debug_interrupr_handler)
    debug_output_init                        0x00004fb9   Thumb Code    64  zf_common_debug.o(.text.debug_output_init)
    debug_output_struct_init                 0x00005001   Thumb Code    48  zf_common_debug.o(.text.debug_output_struct_init)
    exti_init                                0x00005055   Thumb Code   292  zf_driver_exti.o(.text.exti_init)
    fifo_init                                0x0000523d   Thumb Code   136  zf_common_fifo.o(.text.fifo_init)
    fifo_write_buffer                        0x000052cd   Thumb Code   932  zf_common_fifo.o(.text.fifo_write_buffer)
    func_double_to_str                       0x00005675   Thumb Code   568  zf_common_function.o(.text.func_double_to_str)
    func_int_to_str                          0x000058b1   Thumb Code   204  zf_common_function.o(.text.func_int_to_str)
    gpio_get_level                           0x00005981   Thumb Code    52  zf_driver_gpio.o(.text.gpio_get_level)
    gpio_init                                0x000059b5   Thumb Code   424  zf_driver_gpio.o(.text.gpio_init)
    gpio_set_level                           0x00005b7d   Thumb Code   100  zf_driver_gpio.o(.text.gpio_set_level)
    interrupt_disable                        0x00005be1   Thumb Code    22  zf_common_interrupt.o(.text.interrupt_disable)
    interrupt_enable                         0x00005bf7   Thumb Code    22  zf_common_interrupt.o(.text.interrupt_enable)
    interrupt_global_disable                 0x00005c0d   Thumb Code    28  zf_common_interrupt.o(.text.interrupt_global_disable)
    interrupt_init                           0x00005c2d   Thumb Code     2  zf_common_interrupt.o(.text.interrupt_init)
    interrupt_set_priority                   0x00005c2f   Thumb Code    30  zf_common_interrupt.o(.text.interrupt_set_priority)
    ips114_clear                             0x00005c4d   Thumb Code   212  zf_device_ips114.o(.text.ips114_clear)
    ips114_init                              0x00005da5   Thumb Code   740  zf_device_ips114.o(.text.ips114_init)
    ips114_set_color                         0x000060a5   Thumb Code    28  zf_device_ips114.o(.text.ips114_set_color)
    ips114_set_dir                           0x000060c9   Thumb Code    64  zf_device_ips114.o(.text.ips114_set_dir)
    ips114_show_char                         0x00006305   Thumb Code   676  zf_device_ips114.o(.text.ips114_show_char)
    ips114_show_float                        0x000065d9   Thumb Code   400  zf_device_ips114.o(.text.ips114_show_float)
    ips114_show_int                          0x00006785   Thumb Code   256  zf_device_ips114.o(.text.ips114_show_int)
    ips114_show_string                       0x00006891   Thumb Code   208  zf_device_ips114.o(.text.ips114_show_string)
    key_get_state                            0x000069b9   Thumb Code    20  zf_device_key.o(.text.key_get_state)
    key_init                                 0x000069cd   Thumb Code    92  zf_device_key.o(.text.key_init)
    key_scanner                              0x00006a2d   Thumb Code   228  zf_device_key.o(.text.key_scanner)
    main                                     0x00006b25   Thumb Code    80  main.o(.text.main)
    pit_enable                               0x00006b8d   Thumb Code   148  zf_driver_pit.o(.text.pit_enable)
    pit_ms_init                              0x00006c3d   Thumb Code   348  zf_driver_pit.o(.text.pit_ms_init)
    pwm_init                                 0x00006db5   Thumb Code   580  zf_driver_pwm.o(.text.pwm_init)
    pwm_set_duty                             0x00007045   Thumb Code   356  zf_driver_pwm.o(.text.pwm_set_duty)
    soft_iic_init                            0x000071e1   Thumb Code   132  zf_driver_soft_iic.o(.text.soft_iic_init)
    soft_iic_read_16bit_register             0x00007269   Thumb Code   136  zf_driver_soft_iic.o(.text.soft_iic_read_16bit_register)
    soft_iic_read_data                       0x000072f1   Thumb Code   340  zf_driver_soft_iic.o(.text.soft_iic_read_data)
    soft_iic_send_ack                        0x00007445   Thumb Code   272  zf_driver_soft_iic.o(.text.soft_iic_send_ack)
    soft_iic_send_data                       0x00007559   Thumb Code   280  zf_driver_soft_iic.o(.text.soft_iic_send_data)
    soft_iic_start                           0x0000767d   Thumb Code   208  zf_driver_soft_iic.o(.text.soft_iic_start)
    soft_iic_stop                            0x00007755   Thumb Code   208  zf_driver_soft_iic.o(.text.soft_iic_stop)
    soft_iic_wait_ack                        0x00007831   Thumb Code   244  zf_driver_soft_iic.o(.text.soft_iic_wait_ack)
    spi_init                                 0x00007a5d   Thumb Code   600  zf_driver_spi.o(.text.spi_init)
    spi_write_16bit                          0x00007cdd   Thumb Code    28  zf_driver_spi.o(.text.spi_write_16bit)
    spi_write_16bit_array                    0x00007cf9   Thumb Code    64  zf_driver_spi.o(.text.spi_write_16bit_array)
    spi_write_8bit                           0x00007d3d   Thumb Code    28  zf_driver_spi.o(.text.spi_write_8bit)
    system_delay_init                        0x00007d59   Thumb Code     2  zf_driver_delay.o(.text.system_delay_init)
    system_delay_ms                          0x00007d5d   Thumb Code    68  zf_driver_delay.o(.text.system_delay_ms)
    timer_clock_enable                       0x00007db1   Thumb Code   148  zf_driver_timer.o(.text.timer_clock_enable)
    timer_funciton_check                     0x00007e61   Thumb Code    88  zf_driver_timer.o(.text.timer_funciton_check)
    uart_init                                0x00007ec9   Thumb Code   380  zf_driver_uart.o(.text.uart_init)
    uart_query_byte                          0x00008061   Thumb Code    88  zf_driver_uart.o(.text.uart_query_byte)
    uart_set_interrupt_config                0x000080b9   Thumb Code   384  zf_driver_uart.o(.text.uart_set_interrupt_config)
    uart_write_buffer                        0x00008241   Thumb Code    96  zf_driver_uart.o(.text.uart_write_buffer)
    uart_write_string                        0x000082a1   Thumb Code    88  zf_driver_uart.o(.text.uart_write_string)
    __ARM_common_ll_muluu                    0x00008301   Thumb Code    48  btod.o(i.__ARM_common_ll_muluu)
    __ARM_fpclassify                         0x00008331   Thumb Code    40  fpclassify.o(i.__ARM_fpclassify)
    __aeabi_dcmpeq                           0x0000835d   Thumb Code     0  dcmp.o(i._deq)
    _deq                                     0x0000835d   Thumb Code    22  dcmp.o(i._deq)
    __aeabi_dcmpge                           0x00008373   Thumb Code     0  dcmp.o(i._dgeq)
    _dgeq                                    0x00008373   Thumb Code    22  dcmp.o(i._dgeq)
    __aeabi_fcmpge                           0x00008389   Thumb Code     0  fcmp.o(i._fgeq)
    _fgeq                                    0x00008389   Thumb Code    22  fcmp.o(i._fgeq)
    __aeabi_fcmple                           0x0000839f   Thumb Code     0  fcmp.o(i._fleq)
    _fleq                                    0x0000839f   Thumb Code    26  fcmp.o(i._fleq)
    _is_digit                                0x000083b9   Thumb Code    14  __printf_wp.o(i._is_digit)
    _get_lc_numeric                          0x000083c9   Thumb Code    44  lc_numeric_c.o(locale$$code)
    _get_lc_ctype                            0x000083f5   Thumb Code    44  lc_ctype_c.o(locale$$code)
    __aeabi_cdcmpeq                          0x00008421   Thumb Code     0  deqf.o(x$fpl$deqf)
    _dcmpeq                                  0x00008421   Thumb Code    94  deqf.o(x$fpl$deqf)
    _dcmpge                                  0x00008485   Thumb Code    94  dgef.o(x$fpl$dgeqf)
    __aeabi_fadd                             0x000084e9   Thumb Code     0  faddsub.o(x$fpl$fadd)
    _fadd                                    0x000084e9   Thumb Code   134  faddsub.o(x$fpl$fadd)
    _fcmpge                                  0x00008575   Thumb Code    78  fgef.o(x$fpl$fgeqf)
    __aeabi_cfcmple                          0x000085c9   Thumb Code     0  flef.o(x$fpl$fleqf)
    _fcmple                                  0x000085c9   Thumb Code    78  flef.o(x$fpl$fleqf)
    __aeabi_fmul                             0x0000861d   Thumb Code     0  fmul.o(x$fpl$fmul)
    _fmul                                    0x0000861d   Thumb Code   172  fmul.o(x$fpl$fmul)
    __aeabi_fsub                             0x000086cd   Thumb Code     0  faddsub.o(x$fpl$fsub)
    _fsub                                    0x000086cd   Thumb Code   204  faddsub.o(x$fpl$fsub)
    _printf_fp_dec                           0x0000879d   Thumb Code    16  printf1.o(x$fpl$printf1)
    _printf_fp_hex                           0x000087ad   Thumb Code    16  printf2.o(x$fpl$printf2)
    __I$use$fp                               0x000087bc   Number         0  usenofp.o(x$fpl$usenofp)
    ascii_font_6x8                           0x000089a0   Data         552  zf_common_font.o(.rodata.ascii_font_6x8)
    ascii_font_8x16                          0x00008bc8   Data        1520  zf_common_font.o(.rodata.ascii_font_8x16)
    gpio_iomux_index                         0x000091f0   Data          60  zf_driver_gpio.o(.rodata.gpio_iomux_index)
    Region$$Table$$Base                      0x00009488   Number         0  anon$$obj.o(Region$$Table)
    Region$$Table$$Limit                     0x000094a8   Number         0  anon$$obj.o(Region$$Table)
    __ctype                                  0x000094d1   Data           0  lc_ctype_c.o(locale$$data)
    Hardware_Info_Menu                       0x20200004   Data          88  menu.o(.data.Hardware_Info_Menu)
    Main_Menu                                0x2020005c   Data         132  menu.o(.data.Main_Menu)
    Motor_PID_Menu                           0x202000e0   Data          88  menu.o(.data.Motor_PID_Menu)
    Motor_PID_SET_Menu                       0x20200138   Data         132  menu.o(.data.Motor_PID_SET_Menu)
    PID_Menu                                 0x202001bc   Data          44  menu.o(.data.PID_Menu)
    Task_Menu                                0x202001e8   Data         176  menu.o(.data.Task_Menu)
    exti_callback_ptr_list                   0x20200298   Data         128  zf_driver_exti.o(.data.exti_callback_ptr_list)
    gpio_group                               0x20200318   Data           8  zf_driver_gpio.o(.data.gpio_group)
    ips114_height_max                        0x20200324   Data           2  zf_device_ips114.o(.data.ips114_height_max)
    ips114_width_max                         0x20200328   Data           2  zf_device_ips114.o(.data.ips114_width_max)
    motor1_speed_pid_ki                      0x2020032c   Data           4  chassis_control.o(.data.motor1_speed_pid_ki)
    motor1_speed_pid_kp                      0x20200330   Data           4  chassis_control.o(.data.motor1_speed_pid_kp)
    motor_angle_pid_kp                       0x20200334   Data           4  chassis_control.o(.data.motor_angle_pid_kp)
    pit_callback_ptr_list                    0x20200338   Data          28  zf_driver_pit.o(.data.pit_callback_ptr_list)
    uart_callback_list                       0x2020035c   Data          16  zf_driver_uart.o(.data.uart_callback_list)
    wireless_module_uart_handler             0x20200380   Data           4  zf_device_type.o(.data.wireless_module_uart_handler)
    __libspace_start                         0x20200388   Data          96  libspace.o(.bss)
    Angle_Yaw                                0x202003e8   Data           4  imu.o(.bss.Angle_Yaw)
    __temporary_stack_top$libspace           0x202003e8   Data           0  libspace.o(.bss)
    Differential_Wheel_Info                  0x202003fc   Data         240  chassis_control.o(.bss.Differential_Wheel_Info)
    Encoder_count                            0x202004ec   Data           4  encoder.o(.bss.Encoder_count)
    JY61P_iic_buff                           0x202004f0   Data           2  imu.o(.bss.JY61P_iic_buff)
    JY61P_iic_struct                         0x202004f4   Data          16  imu.o(.bss.JY61P_iic_struct)
    Menu_Button                              0x2020050c   Data           4  menu.o(.bss.Menu_Button)
    UpperMonitor_Handle                      0x20200510   Data         201  uppermonitor.o(.bss.UpperMonitor_Handle)
    YawAngle                                 0x20200604   Data           8  imu.o(.bss.YawAngle)
    debug_uart_buffer                        0x20200624   Data          64  zf_common_debug.o(.bss.debug_uart_buffer)
    debug_uart_data                          0x20200664   Data           1  zf_common_debug.o(.bss.debug_uart_data)
    debug_uart_fifo                          0x20200665   Data          22  zf_common_debug.o(.bss.debug_uart_fifo)
    exti_callback_list                       0x2020067c   Data         128  zf_driver_exti.o(.bss.exti_callback_list)
    motor1_speed_pid_kd                      0x20200718   Data           4  chassis_control.o(.bss.motor1_speed_pid_kd)
    motor_angle_pid_kd                       0x2020071c   Data           4  chassis_control.o(.bss.motor_angle_pid_kd)
    motor_angle_pid_ki                       0x20200720   Data           4  chassis_control.o(.bss.motor_angle_pid_ki)
    pit_callback_list                        0x20200724   Data          28  zf_driver_pit.o(.bss.pit_callback_list)
    pitch                                    0x20200740   Data           4  imu.o(.bss.pitch)
    roll                                     0x20200744   Data           4  imu.o(.bss.roll)
    timer_function_state                     0x2020074c   Data           7  zf_driver_timer.o(.bss.timer_function_state)
    uart_callback_ptr_list                   0x20200754   Data          16  zf_driver_uart.o(.bss.uart_callback_ptr_list)



==============================================================================

Memory Map of the image

  Image Entry point : 0x000000c1

  Load Region LR_IROM1 (Base: 0x00000000, Size: 0x00009960, Max: 0x00020000, ABSOLUTE, COMPRESSED[0x000096d8])

    Execution Region ER_IROM1 (Exec base: 0x00000000, Load base: 0x00000000, Size: 0x000095d4, Max: 0x00020000, ABSOLUTE)

    Exec Addr    Load Addr    Size         Type   Attr      Idx    E Section Name        Object

    0x00000000   0x00000000   0x000000c0   Data   RO         1351    RESET               startup_mspm0g350x_uvision.o
    0x000000c0   0x000000c0   0x00000008   Code   RO         2836  * !!!main             c_p.l(__main.o)
    0x000000c8   0x000000c8   0x0000003c   Code   RO         3296    !!!scatter          c_p.l(__scatter.o)
    0x00000104   0x00000104   0x00000004   PAD
    0x00000108   0x00000108   0x0000001c   Code   RO         3298    !!handler_zi        c_p.l(__scatter_zi.o)
    0x00000124   0x00000124   0x00000002   Code   RO         2995    .ARM.Collect$$_printf_percent$$00000000  c_p.l(_printf_percent.o)
    0x00000126   0x00000126   0x0000000a   Code   RO         2984    .ARM.Collect$$_printf_percent$$00000001  c_p.l(_printf_n.o)
    0x00000130   0x00000130   0x0000000a   Code   RO         2986    .ARM.Collect$$_printf_percent$$00000002  c_p.l(_printf_p.o)
    0x0000013a   0x0000013a   0x0000000a   Code   RO         2991    .ARM.Collect$$_printf_percent$$00000003  c_p.l(_printf_f.o)
    0x00000144   0x00000144   0x0000000a   Code   RO         2992    .ARM.Collect$$_printf_percent$$00000004  c_p.l(_printf_e.o)
    0x0000014e   0x0000014e   0x0000000a   Code   RO         2993    .ARM.Collect$$_printf_percent$$00000005  c_p.l(_printf_g.o)
    0x00000158   0x00000158   0x0000000a   Code   RO         2994    .ARM.Collect$$_printf_percent$$00000006  c_p.l(_printf_a.o)
    0x00000162   0x00000162   0x0000000a   Code   RO         2999    .ARM.Collect$$_printf_percent$$00000007  c_p.l(_printf_ll.o)
    0x0000016c   0x0000016c   0x0000000a   Code   RO         2988    .ARM.Collect$$_printf_percent$$00000008  c_p.l(_printf_i.o)
    0x00000176   0x00000176   0x0000000a   Code   RO         2989    .ARM.Collect$$_printf_percent$$00000009  c_p.l(_printf_d.o)
    0x00000180   0x00000180   0x0000000a   Code   RO         2990    .ARM.Collect$$_printf_percent$$0000000A  c_p.l(_printf_u.o)
    0x0000018a   0x0000018a   0x0000000a   Code   RO         2987    .ARM.Collect$$_printf_percent$$0000000B  c_p.l(_printf_o.o)
    0x00000194   0x00000194   0x0000000a   Code   RO         2985    .ARM.Collect$$_printf_percent$$0000000C  c_p.l(_printf_x.o)
    0x0000019e   0x0000019e   0x0000000a   Code   RO         2996    .ARM.Collect$$_printf_percent$$0000000D  c_p.l(_printf_lli.o)
    0x000001a8   0x000001a8   0x0000000a   Code   RO         2997    .ARM.Collect$$_printf_percent$$0000000E  c_p.l(_printf_lld.o)
    0x000001b2   0x000001b2   0x0000000a   Code   RO         2998    .ARM.Collect$$_printf_percent$$0000000F  c_p.l(_printf_llu.o)
    0x000001bc   0x000001bc   0x0000000a   Code   RO         3003    .ARM.Collect$$_printf_percent$$00000010  c_p.l(_printf_llo.o)
    0x000001c6   0x000001c6   0x0000000a   Code   RO         3004    .ARM.Collect$$_printf_percent$$00000011  c_p.l(_printf_llx.o)
    0x000001d0   0x000001d0   0x0000000a   Code   RO         3000    .ARM.Collect$$_printf_percent$$00000012  c_p.l(_printf_l.o)
    0x000001da   0x000001da   0x0000000a   Code   RO         2982    .ARM.Collect$$_printf_percent$$00000013  c_p.l(_printf_c.o)
    0x000001e4   0x000001e4   0x0000000a   Code   RO         2983    .ARM.Collect$$_printf_percent$$00000014  c_p.l(_printf_s.o)
    0x000001ee   0x000001ee   0x0000000a   Code   RO         3001    .ARM.Collect$$_printf_percent$$00000015  c_p.l(_printf_lc.o)
    0x000001f8   0x000001f8   0x0000000a   Code   RO         3002    .ARM.Collect$$_printf_percent$$00000016  c_p.l(_printf_ls.o)
    0x00000202   0x00000202   0x00000004   Code   RO         3098    .ARM.Collect$$_printf_percent$$00000017  c_p.l(_printf_percent_end.o)
    0x00000206   0x00000206   0x00000002   Code   RO         3146    .ARM.Collect$$libinit$$00000000  c_p.l(libinit.o)
    0x00000208   0x00000208   0x00000000   Code   RO         3172    .ARM.Collect$$libinit$$00000002  c_p.l(libinit2.o)
    0x00000208   0x00000208   0x00000000   Code   RO         3174    .ARM.Collect$$libinit$$00000004  c_p.l(libinit2.o)
    0x00000208   0x00000208   0x00000000   Code   RO         3177    .ARM.Collect$$libinit$$0000000A  c_p.l(libinit2.o)
    0x00000208   0x00000208   0x00000000   Code   RO         3179    .ARM.Collect$$libinit$$0000000C  c_p.l(libinit2.o)
    0x00000208   0x00000208   0x00000000   Code   RO         3181    .ARM.Collect$$libinit$$0000000E  c_p.l(libinit2.o)
    0x00000208   0x00000208   0x00000006   Code   RO         3182    .ARM.Collect$$libinit$$0000000F  c_p.l(libinit2.o)
    0x0000020e   0x0000020e   0x00000000   Code   RO         3184    .ARM.Collect$$libinit$$00000011  c_p.l(libinit2.o)
    0x0000020e   0x0000020e   0x0000000c   Code   RO         3185    .ARM.Collect$$libinit$$00000012  c_p.l(libinit2.o)
    0x0000021a   0x0000021a   0x00000000   Code   RO         3186    .ARM.Collect$$libinit$$00000013  c_p.l(libinit2.o)
    0x0000021a   0x0000021a   0x00000000   Code   RO         3188    .ARM.Collect$$libinit$$00000015  c_p.l(libinit2.o)
    0x0000021a   0x0000021a   0x0000000a   Code   RO         3189    .ARM.Collect$$libinit$$00000016  c_p.l(libinit2.o)
    0x00000224   0x00000224   0x00000000   Code   RO         3190    .ARM.Collect$$libinit$$00000017  c_p.l(libinit2.o)
    0x00000224   0x00000224   0x00000000   Code   RO         3192    .ARM.Collect$$libinit$$00000019  c_p.l(libinit2.o)
    0x00000224   0x00000224   0x00000000   Code   RO         3194    .ARM.Collect$$libinit$$0000001B  c_p.l(libinit2.o)
    0x00000224   0x00000224   0x00000000   Code   RO         3196    .ARM.Collect$$libinit$$0000001D  c_p.l(libinit2.o)
    0x00000224   0x00000224   0x00000000   Code   RO         3198    .ARM.Collect$$libinit$$0000001F  c_p.l(libinit2.o)
    0x00000224   0x00000224   0x00000000   Code   RO         3200    .ARM.Collect$$libinit$$00000021  c_p.l(libinit2.o)
    0x00000224   0x00000224   0x00000000   Code   RO         3202    .ARM.Collect$$libinit$$00000023  c_p.l(libinit2.o)
    0x00000224   0x00000224   0x00000000   Code   RO         3204    .ARM.Collect$$libinit$$00000025  c_p.l(libinit2.o)
    0x00000224   0x00000224   0x00000000   Code   RO         3208    .ARM.Collect$$libinit$$0000002C  c_p.l(libinit2.o)
    0x00000224   0x00000224   0x00000000   Code   RO         3210    .ARM.Collect$$libinit$$0000002E  c_p.l(libinit2.o)
    0x00000224   0x00000224   0x00000000   Code   RO         3212    .ARM.Collect$$libinit$$00000030  c_p.l(libinit2.o)
    0x00000224   0x00000224   0x00000000   Code   RO         3214    .ARM.Collect$$libinit$$00000032  c_p.l(libinit2.o)
    0x00000224   0x00000224   0x00000002   Code   RO         3215    .ARM.Collect$$libinit$$00000033  c_p.l(libinit2.o)
    0x00000226   0x00000226   0x00000002   Code   RO         3247    .ARM.Collect$$libshutdown$$00000000  c_p.l(libshutdown.o)
    0x00000228   0x00000228   0x00000000   Code   RO         3278    .ARM.Collect$$libshutdown$$00000002  c_p.l(libshutdown2.o)
    0x00000228   0x00000228   0x00000000   Code   RO         3280    .ARM.Collect$$libshutdown$$00000004  c_p.l(libshutdown2.o)
    0x00000228   0x00000228   0x00000000   Code   RO         3283    .ARM.Collect$$libshutdown$$00000007  c_p.l(libshutdown2.o)
    0x00000228   0x00000228   0x00000000   Code   RO         3286    .ARM.Collect$$libshutdown$$0000000A  c_p.l(libshutdown2.o)
    0x00000228   0x00000228   0x00000000   Code   RO         3288    .ARM.Collect$$libshutdown$$0000000C  c_p.l(libshutdown2.o)
    0x00000228   0x00000228   0x00000000   Code   RO         3291    .ARM.Collect$$libshutdown$$0000000F  c_p.l(libshutdown2.o)
    0x00000228   0x00000228   0x00000002   Code   RO         3292    .ARM.Collect$$libshutdown$$00000010  c_p.l(libshutdown2.o)
    0x0000022a   0x0000022a   0x00000000   Code   RO         2905    .ARM.Collect$$rtentry$$00000000  c_p.l(__rtentry.o)
    0x0000022a   0x0000022a   0x00000000   Code   RO         3060    .ARM.Collect$$rtentry$$00000002  c_p.l(__rtentry2.o)
    0x0000022a   0x0000022a   0x00000006   Code   RO         3072    .ARM.Collect$$rtentry$$00000004  c_p.l(__rtentry4.o)
    0x00000230   0x00000230   0x00000000   Code   RO         3062    .ARM.Collect$$rtentry$$00000009  c_p.l(__rtentry2.o)
    0x00000230   0x00000230   0x00000004   Code   RO         3063    .ARM.Collect$$rtentry$$0000000A  c_p.l(__rtentry2.o)
    0x00000234   0x00000234   0x00000000   Code   RO         3065    .ARM.Collect$$rtentry$$0000000C  c_p.l(__rtentry2.o)
    0x00000234   0x00000234   0x00000008   Code   RO         3066    .ARM.Collect$$rtentry$$0000000D  c_p.l(__rtentry2.o)
    0x0000023c   0x0000023c   0x00000002   Code   RO         3156    .ARM.Collect$$rtexit$$00000000  c_p.l(rtexit.o)
    0x0000023e   0x0000023e   0x00000000   Code   RO         3219    .ARM.Collect$$rtexit$$00000002  c_p.l(rtexit2.o)
    0x0000023e   0x0000023e   0x00000004   Code   RO         3220    .ARM.Collect$$rtexit$$00000003  c_p.l(rtexit2.o)
    0x00000242   0x00000242   0x00000006   Code   RO         3221    .ARM.Collect$$rtexit$$00000004  c_p.l(rtexit2.o)
    0x00000248   0x00000248   0x00000038   Code   RO         2820    .emb_text           c_p.l(rt_memcpy.o)
    0x00000280   0x00000280   0x00000030   Code   RO         1352    .text               startup_mspm0g350x_uvision.o
    0x000002b0   0x000002b0   0x0000002c   Code   RO         2808    .text               c_p.l(sprintf.o)
    0x000002dc   0x000002dc   0x00000044   Code   RO         2818    .text               c_p.l(strlen.o)
    0x00000320   0x00000320   0x00000082   Code   RO         2821    .text               c_p.l(rt_memcpy.o)
    0x000003a2   0x000003a2   0x00000012   Code   RO         2824    .text               c_p.l(aeabi_memset.o)
    0x000003b4   0x000003b4   0x00000040   Code   RO         2828    .text               c_p.l(rt_memclr.o)
    0x000003f4   0x000003f4   0x0000016c   Code   RO         2830    .text               c_p.l(aeabi_sdiv.o)
    0x00000560   0x00000560   0x00000006   Code   RO         2834    .text               c_p.l(heapauxi.o)
    0x00000566   0x00000566   0x00000002   PAD
    0x00000568   0x00000568   0x0000007c   Code   RO         2838    .text               fz_ps.l(d2f.o)
    0x000005e4   0x000005e4   0x00000358   Code   RO         2840    .text               fz_ps.l(daddsub.o)
    0x0000093c   0x0000093c   0x00000448   Code   RO         2854    .text               fz_ps.l(ddiv.o)
    0x00000d84   0x00000d84   0x0000006c   Code   RO         2857    .text               fz_ps.l(dfixi.o)
    0x00000df0   0x00000df0   0x00000058   Code   RO         2861    .text               fz_ps.l(dflti.o)
    0x00000e48   0x00000e48   0x00000248   Code   RO         2863    .text               fz_ps.l(dmul.o)
    0x00001090   0x00001090   0x00000054   Code   RO         2865    .text               fz_ps.l(f2d.o)
    0x000010e4   0x000010e4   0x00000160   Code   RO         2885    .text               fz_ps.l(fdiv.o)
    0x00001244   0x00001244   0x0000004c   Code   RO         2888    .text               fz_ps.l(ffixi.o)
    0x00001290   0x00001290   0x0000005e   Code   RO         2890    .text               fz_ps.l(fflti.o)
    0x000012ee   0x000012ee   0x0000004e   Code   RO         2914    .text               c_p.l(_printf_pad.o)
    0x0000133c   0x0000133c   0x00000024   Code   RO         2916    .text               c_p.l(_printf_truncate.o)
    0x00001360   0x00001360   0x00000052   Code   RO         2918    .text               c_p.l(_printf_str.o)
    0x000013b2   0x000013b2   0x00000002   PAD
    0x000013b4   0x000013b4   0x0000006c   Code   RO         2920    .text               c_p.l(_printf_dec.o)
    0x00001420   0x00001420   0x00000026   Code   RO         2922    .text               c_p.l(_printf_charcount.o)
    0x00001446   0x00001446   0x00000002   PAD
    0x00001448   0x00001448   0x00000030   Code   RO         2924    .text               c_p.l(_printf_char_common.o)
    0x00001478   0x00001478   0x0000000a   Code   RO         2926    .text               c_p.l(_sputc.o)
    0x00001482   0x00001482   0x00000002   PAD
    0x00001484   0x00001484   0x000000bc   Code   RO         2930    .text               c_p.l(_printf_wctomb.o)
    0x00001540   0x00001540   0x00000070   Code   RO         2933    .text               c_p.l(_printf_longlong_dec.o)
    0x000015b0   0x000015b0   0x00000070   Code   RO         2939    .text               c_p.l(_printf_oct_int_ll.o)
    0x00001620   0x00001620   0x00000098   Code   RO         2959    .text               c_p.l(_printf_hex_int_ll_ptr.o)
    0x000016b8   0x000016b8   0x00000188   Code   RO         2979    .text               c_p.l(__printf_flags_ss_wp.o)
    0x00001840   0x00001840   0x0000007a   Code   RO         3081    .text               c_p.l(lludiv10.o)
    0x000018ba   0x000018ba   0x000000b0   Code   RO         3083    .text               c_p.l(_printf_intcommon.o)
    0x0000196a   0x0000196a   0x00000002   PAD
    0x0000196c   0x0000196c   0x00000414   Code   RO         3085    .text               c_p.l(_printf_fp_dec.o)
    0x00001d80   0x00001d80   0x000002d8   Code   RO         3089    .text               c_p.l(_printf_fp_hex.o)
    0x00002058   0x00002058   0x0000002e   Code   RO         3094    .text               c_p.l(_printf_char.o)
    0x00002086   0x00002086   0x0000002e   Code   RO         3096    .text               c_p.l(_printf_wchar.o)
    0x000020b4   0x000020b4   0x00000042   Code   RO         3099    .text               c_p.l(_c16rtomb.o)
    0x000020f6   0x000020f6   0x00000028   Code   RO         3101    .text               c_p.l(rtudiv10.o)
    0x0000211e   0x0000211e   0x00000002   PAD
    0x00002120   0x00002120   0x000000a0   Code   RO         3103    .text               fz_ps.l(dcmpin.o)
    0x000021c0   0x000021c0   0x00000064   Code   RO         3105    .text               fz_ps.l(fcmpin.o)
    0x00002224   0x00002224   0x00000008   Code   RO         3107    .text               c_p.l(libspace.o)
    0x0000222c   0x0000222c   0x0000003e   Code   RO         3110    .text               c_p.l(sys_stackheap_outer.o)
    0x0000226a   0x0000226a   0x00000002   PAD
    0x0000226c   0x0000226c   0x00000010   Code   RO         3113    .text               c_p.l(rt_ctype_table.o)
    0x0000227c   0x0000227c   0x00000008   Code   RO         3118    .text               c_p.l(rt_locale_intlibspace.o)
    0x00002284   0x00002284   0x00000088   Code   RO         3120    .text               c_p.l(_printf_fp_infnan.o)
    0x0000230c   0x0000230c   0x000000d8   Code   RO         3122    .text               c_p.l(bigflt0.o)
    0x000023e4   0x000023e4   0x00000580   Code   RO         3125    .text               c_p.l(btod.o)
    0x00002964   0x00002964   0x00000010   Code   RO         3135    .text               c_p.l(exit.o)
    0x00002974   0x00002974   0x0000002e   Code   RO         3147    .text               fz_ps.l(cmpret.o)
    0x000029a2   0x000029a2   0x00000002   PAD
    0x000029a4   0x000029a4   0x00000014   Code   RO         3149    .text               fz_ps.l(dnan2.o)
    0x000029b8   0x000029b8   0x00000010   Code   RO         3151    .text               fz_ps.l(fnan2.o)
    0x000029c8   0x000029c8   0x00000088   Code   RO         3169    .text               c_p.l(strcmp.o)
    0x00002a50   0x00002a50   0x0000005e   Code   RO         3216    .text               fz_ps.l(retnan.o)
    0x00002aae   0x00002aae   0x00000056   Code   RO         3294    .text               c_p.l(__dczerorl2.o)
    0x00002b04   0x00002b04   0x000000f0   Code   RO         2642    .text.Chassis_Control_Loop  chassis_control.o
    0x00002bf4   0x00002bf4   0x00000050   Code   RO         2581    .text.Chassis_Info_Show  menu.o
    0x00002c44   0x00002c44   0x000000b4   Code   RO         2636    .text.Chassis_Init  chassis_control.o
    0x00002cf8   0x00002cf8   0x00000094   Code   RO         2644    .text.Chassis_Kinematics_Solve  chassis_control.o
    0x00002d8c   0x00002d8c   0x00000016   Code   RO         2638    .text.Chassis_Proceed  chassis_control.o
    0x00002da2   0x00002da2   0x00000002   PAD
    0x00002da4   0x00002da4   0x000000a4   Code   RO         2640    .text.Chassis_Update  chassis_control.o
    0x00002e48   0x00002e48   0x00000014   Code   RO           71    .text.DL_ADC12_enablePower  zf_common_clock.o
    0x00002e5c   0x00002e5c   0x00000010   Code   RO           69    .text.DL_ADC12_reset  zf_common_clock.o
    0x00002e6c   0x00002e6c   0x00000014   Code   RO         1494    .text.DL_Common_delayCycles  dl_common.o
    0x00002e80   0x00002e80   0x00000028   Code   RO          520    .text.DL_Common_updateReg  zf_driver_spi.o
    0x00002ea8   0x00002ea8   0x00000028   Code   RO          593    .text.DL_Common_updateReg  zf_driver_uart.o
    0x00002ed0   0x00002ed0   0x00000028   Code   RO         1429    .text.DL_Common_updateReg  ti_msp_dl_config.o
    0x00002ef8   0x00002ef8   0x00000028   Code   RO         2298    .text.DL_Common_updateReg  dl_spi.o
    0x00002f20   0x00002f20   0x00000028   Code   RO         2504    .text.DL_Common_updateReg  dl_uart.o
    0x00002f48   0x00002f48   0x0000001c   Code   RO         1391    .text.DL_GPIO_clearInterruptStatus  ti_msp_dl_config.o
    0x00002f64   0x00002f64   0x00000014   Code   RO         1385    .text.DL_GPIO_clearPins  ti_msp_dl_config.o
    0x00002f78   0x00002f78   0x0000001c   Code   RO         1393    .text.DL_GPIO_enableInterrupt  ti_msp_dl_config.o
    0x00002f94   0x00002f94   0x00000018   Code   RO         1387    .text.DL_GPIO_enableOutput  ti_msp_dl_config.o
    0x00002fac   0x00002fac   0x00000014   Code   RO           55    .text.DL_GPIO_enablePower  zf_common_clock.o
    0x00002fc0   0x00002fc0   0x00000014   Code   RO         1375    .text.DL_GPIO_enablePower  ti_msp_dl_config.o
    0x00002fd4   0x00002fd4   0x00000030   Code   RO         1383    .text.DL_GPIO_initDigitalInputFeatures  ti_msp_dl_config.o
    0x00003004   0x00003004   0x0000002c   Code   RO         1381    .text.DL_GPIO_initDigitalOutputFeatures  ti_msp_dl_config.o
    0x00003030   0x00003030   0x00000018   Code   RO         1379    .text.DL_GPIO_initPeripheralAnalogFunction  ti_msp_dl_config.o
    0x00003048   0x00003048   0x00000010   Code   RO           53    .text.DL_GPIO_reset  zf_common_clock.o
    0x00003058   0x00003058   0x00000010   Code   RO         1371    .text.DL_GPIO_reset  ti_msp_dl_config.o
    0x00003068   0x00003068   0x00000018   Code   RO         1389    .text.DL_GPIO_setUpperPinsPolarity  ti_msp_dl_config.o
    0x00003080   0x00003080   0x00000014   Code   RO          518    .text.DL_SPI_enable  zf_driver_spi.o
    0x00003094   0x00003094   0x00000018   Code   RO           67    .text.DL_SPI_enablePower  zf_common_clock.o
    0x000030ac   0x000030ac   0x00000048   Code   RO         2296    .text.DL_SPI_init   dl_spi.o
    0x000030f4   0x000030f4   0x00000018   Code   RO           65    .text.DL_SPI_reset  zf_common_clock.o
    0x0000310c   0x0000310c   0x00000024   Code   RO          514    .text.DL_SPI_setBitRateSerialClockDivider  zf_driver_spi.o
    0x00003130   0x00003130   0x00000024   Code   RO         2300    .text.DL_SPI_setClockConfig  dl_spi.o
    0x00003154   0x00003154   0x00000030   Code   RO          516    .text.DL_SPI_setFIFOThreshold  zf_driver_spi.o
    0x00003184   0x00003184   0x000000ec   Code   RO         1397    .text.DL_SYSCTL_configSYSPLL  ti_msp_dl_config.o
    0x00003270   0x00003270   0x0000000c   Code   RO         1411    .text.DL_SYSCTL_disableHFXT  ti_msp_dl_config.o
    0x0000327c   0x0000327c   0x00000010   Code   RO         1413    .text.DL_SYSCTL_disableSYSPLL  ti_msp_dl_config.o
    0x0000328c   0x0000328c   0x00000010   Code   RO         1419    .text.DL_SYSCTL_enableMFCLK  ti_msp_dl_config.o
    0x0000329c   0x0000329c   0x00000010   Code   RO         1421    .text.DL_SYSCTL_enableMFPCLK  ti_msp_dl_config.o
    0x000032ac   0x000032ac   0x0000000c   Code   RO         1399    .text.DL_SYSCTL_getClockStatus  ti_msp_dl_config.o
    0x000032b8   0x000032b8   0x00000018   Code   RO         1405    .text.DL_SYSCTL_setBORThreshold  ti_msp_dl_config.o
    0x000032d0   0x000032d0   0x0000001c   Code   RO         1407    .text.DL_SYSCTL_setFlashWaitState  ti_msp_dl_config.o
    0x000032ec   0x000032ec   0x0000001c   Code   RO         1417    .text.DL_SYSCTL_setHFCLKDividerForMFPCLK  ti_msp_dl_config.o
    0x00003308   0x00003308   0x000000b0   Code   RO         1395    .text.DL_SYSCTL_setHFCLKSourceHFXTParams  ti_msp_dl_config.o
    0x000033b8   0x000033b8   0x00000050   Code   RO         1401    .text.DL_SYSCTL_setLFCLKSourceLFXT  ti_msp_dl_config.o
    0x00003408   0x00003408   0x00000020   Code   RO         1423    .text.DL_SYSCTL_setMFPCLKSource  ti_msp_dl_config.o
    0x00003428   0x00003428   0x0000001c   Code   RO         1409    .text.DL_SYSCTL_setSYSOSCFreq  ti_msp_dl_config.o
    0x00003444   0x00003444   0x00000018   Code   RO         1415    .text.DL_SYSCTL_setULPCLKDivider  ti_msp_dl_config.o
    0x0000345c   0x0000345c   0x00000028   Code   RO         1403    .text.DL_SYSCTL_switchMCLKfromSYSOSCtoHSCLK  ti_msp_dl_config.o
    0x00003484   0x00003484   0x0000000c   Code   RO         1427    .text.DL_SYSTICK_enable  ti_msp_dl_config.o
    0x00003490   0x00003490   0x00000028   Code   RO         1425    .text.DL_SYSTICK_init  ti_msp_dl_config.o
    0x000034b8   0x000034b8   0x00000014   Code   RO           59    .text.DL_Timer_enablePower  zf_common_clock.o
    0x000034cc   0x000034cc   0x00000010   Code   RO           57    .text.DL_Timer_reset  zf_common_clock.o
    0x000034dc   0x000034dc   0x00000018   Code   RO           32    .text.DL_UART_clearInterruptStatus  isr.o
    0x000034f4   0x000034f4   0x00000016   Code   RO         2502    .text.DL_UART_disable  dl_uart.o
    0x0000350a   0x0000350a   0x00000002   PAD
    0x0000350c   0x0000350c   0x00000018   Code   RO          581    .text.DL_UART_disableInterrupt  zf_driver_uart.o
    0x00003524   0x00003524   0x00000016   Code   RO          591    .text.DL_UART_enable  zf_driver_uart.o
    0x0000353a   0x0000353a   0x00000002   PAD
    0x0000353c   0x0000353c   0x0000001c   Code   RO          583    .text.DL_UART_enableInterrupt  zf_driver_uart.o
    0x00003558   0x00003558   0x00000014   Code   RO           63    .text.DL_UART_enablePower  zf_common_clock.o
    0x0000356c   0x0000356c   0x00000012   Code   RO           30    .text.DL_UART_getPendingInterrupt  isr.o
    0x0000357e   0x0000357e   0x00000002   PAD
    0x00003580   0x00003580   0x00000048   Code   RO         2500    .text.DL_UART_init  dl_uart.o
    0x000035c8   0x000035c8   0x00000014   Code   RO          561    .text.DL_UART_isBusy  zf_driver_uart.o
    0x000035dc   0x000035dc   0x00000014   Code   RO          571    .text.DL_UART_isRXFIFOEmpty  zf_driver_uart.o
    0x000035f0   0x000035f0   0x00000014   Code   RO          573    .text.DL_UART_receiveData  zf_driver_uart.o
    0x00003604   0x00003604   0x00000014   Code   RO           61    .text.DL_UART_reset  zf_common_clock.o
    0x00003618   0x00003618   0x0000004c   Code   RO          589    .text.DL_UART_setBaudRateDivisor  zf_driver_uart.o
    0x00003664   0x00003664   0x00000024   Code   RO         2506    .text.DL_UART_setClockConfig  dl_uart.o
    0x00003688   0x00003688   0x0000001e   Code   RO          587    .text.DL_UART_setOversampling  zf_driver_uart.o
    0x000036a6   0x000036a6   0x00000016   Code   RO          563    .text.DL_UART_transmitData  zf_driver_uart.o
    0x000036bc   0x000036bc   0x00000034   Code   RO         2557    .text.DL_VREF_configReference  dl_vref.o
    0x000036f0   0x000036f0   0x00000014   Code   RO           75    .text.DL_VREF_enablePower  zf_common_clock.o
    0x00003704   0x00003704   0x00000018   Code   RO         1377    .text.DL_VREF_enablePower  ti_msp_dl_config.o
    0x0000371c   0x0000371c   0x00000010   Code   RO           73    .text.DL_VREF_reset  zf_common_clock.o
    0x0000372c   0x0000372c   0x00000018   Code   RO         1373    .text.DL_VREF_reset  ti_msp_dl_config.o
    0x00003744   0x00003744   0x0000003c   Code   RO         2774    .text.Encoder1_EXTI_Callback  encoder.o
    0x00003780   0x00003780   0x0000002c   Code   RO         2776    .text.Encoder2_EXTI_Callback  encoder.o
    0x000037ac   0x000037ac   0x00000018   Code   RO         2778    .text.Encoder_Count_Get  encoder.o
    0x000037c4   0x000037c4   0x00000048   Code   RO         2772    .text.Encoder_Init  encoder.o
    0x0000380c   0x0000380c   0x000000f0   Code   RO           40    .text.GROUP1_IRQHandler  isr.o
    0x000038fc   0x000038fc   0x00000090   Code   RO         2579    .text.IMU_Info_Show  menu.o
    0x0000398c   0x0000398c   0x0000002c   Code   RO         2745    .text.JY61P_Analysis_Process  imu.o
    0x000039b8   0x000039b8   0x00000030   Code   RO         2743    .text.JY61P_IIC     imu.o
    0x000039e8   0x000039e8   0x0000002c   Code   RO         2741    .text.JY61P_Init    imu.o
    0x00003a14   0x00003a14   0x00000448   Code   RO         2587    .text.Menu_Behaviour  menu.o
    0x00003e5c   0x00003e5c   0x00000050   Code   RO         2585    .text.Menu_Button_Interface  menu.o
    0x00003eac   0x00003eac   0x000000f8   Code   RO         2589    .text.Menu_Display  menu.o
    0x00003fa4   0x00003fa4   0x00000030   Code   RO         2591    .text.Menu_Init     menu.o
    0x00003fd4   0x00003fd4   0x00000014   Code   RO         2583    .text.Menu_Process  menu.o
    0x00003fe8   0x00003fe8   0x000000b0   Code   RO         2790    .text.Motor_Cmd     motor.o
    0x00004098   0x00004098   0x0000004c   Code   RO         2788    .text.Motor_Init    motor.o
    0x000040e4   0x000040e4   0x0000021a   Code   RO         2714    .text.PID_calc      pid.o
    0x000042fe   0x000042fe   0x0000007e   Code   RO         2712    .text.PID_init      pid.o
    0x0000437c   0x0000437c   0x00000078   Code   RO         1363    .text.SYSCFG_DL_GPIO_init  ti_msp_dl_config.o
    0x000043f4   0x000043f4   0x00000068   Code   RO         1365    .text.SYSCFG_DL_SYSCTL_init  ti_msp_dl_config.o
    0x0000445c   0x0000445c   0x0000000e   Code   RO         1369    .text.SYSCFG_DL_SYSTICK_init  ti_msp_dl_config.o
    0x0000446a   0x0000446a   0x00000002   PAD
    0x0000446c   0x0000446c   0x00000010   Code   RO         1367    .text.SYSCFG_DL_VREF_init  ti_msp_dl_config.o
    0x0000447c   0x0000447c   0x00000018   Code   RO         1359    .text.SYSCFG_DL_init  ti_msp_dl_config.o
    0x00004494   0x00004494   0x00000044   Code   RO         1361    .text.SYSCFG_DL_initPower  ti_msp_dl_config.o
    0x000044d8   0x000044d8   0x00000010   Code   RO           14    .text.TIMA0_IRQHandler  isr.o
    0x000044e8   0x000044e8   0x00000010   Code   RO           16    .text.TIMA1_IRQHandler  isr.o
    0x000044f8   0x000044f8   0x00000010   Code   RO           18    .text.TIMG0_IRQHandler  isr.o
    0x00004508   0x00004508   0x00000010   Code   RO           26    .text.TIMG12_IRQHandler  isr.o
    0x00004518   0x00004518   0x00000010   Code   RO           20    .text.TIMG6_IRQHandler  isr.o
    0x00004528   0x00004528   0x00000010   Code   RO           22    .text.TIMG7_IRQHandler  isr.o
    0x00004538   0x00004538   0x00000018   Code   RO           24    .text.TIMG8_IRQHandler  isr.o
    0x00004550   0x00004550   0x0000000c   Code   RO         2571    .text.Task1         menu.o
    0x0000455c   0x0000455c   0x00000014   Code   RO         2573    .text.Task2         menu.o
    0x00004570   0x00004570   0x00000014   Code   RO         2575    .text.Task3         menu.o
    0x00004584   0x00004584   0x00000014   Code   RO         2577    .text.Task4         menu.o
    0x00004598   0x00004598   0x00000054   Code   RO           28    .text.UART0_IRQHandler  isr.o
    0x000045ec   0x000045ec   0x0000005c   Code   RO           34    .text.UART1_IRQHandler  isr.o
    0x00004648   0x00004648   0x00000050   Code   RO           36    .text.UART2_IRQHandler  isr.o
    0x00004698   0x00004698   0x00000058   Code   RO           38    .text.UART3_IRQHandler  isr.o
    0x000046f0   0x000046f0   0x0000004e   Code   RO         2664    .text.UpperMonitor_Cmd_Send  uppermonitor.o
    0x0000473e   0x0000473e   0x00000002   Code   RO         2668    .text.UpperMonitor_Init  uppermonitor.o
    0x00004740   0x00004740   0x0000004c   Code   RO         2666    .text.UpperMonitor_Motor_PID_Send_Hook  uppermonitor.o
    0x0000478c   0x0000478c   0x00000028   Code   RO            4    .text._50HZ_Callback  main.o
    0x000047b4   0x000047b4   0x00000034   Code   RO          225    .text.__NVIC_DisableIRQ  zf_common_interrupt.o
    0x000047e8   0x000047e8   0x0000002c   Code   RO          221    .text.__NVIC_EnableIRQ  zf_common_interrupt.o
    0x00004814   0x00004814   0x00000088   Code   RO          229    .text.__NVIC_SetPriority  zf_common_interrupt.o
    0x0000489c   0x0000489c   0x00000008   Code   RO           92    .text._sys_exit     zf_common_debug.o
    0x000048a4   0x000048a4   0x00000158   Code   RO          359    .text.afio_init     zf_driver_gpio.o
    0x000049fc   0x000049fc   0x0000001a   Code   RO           49    .text.clock_init    zf_common_clock.o
    0x00004a16   0x00004a16   0x00000002   PAD
    0x00004a18   0x00004a18   0x00000138   Code   RO           51    .text.clock_reset   zf_common_clock.o
    0x00004b50   0x00004b50   0x00000068   Code   RO          102    .text.debug_assert_handler  zf_common_debug.o
    0x00004bb8   0x00004bb8   0x0000003e   Code   RO          108    .text.debug_delay   zf_common_debug.o
    0x00004bf6   0x00004bf6   0x00000002   PAD
    0x00004bf8   0x00004bf8   0x00000058   Code   RO          116    .text.debug_init    zf_common_debug.o
    0x00004c50   0x00004c50   0x00000024   Code   RO           90    .text.debug_interrupr_handler  zf_common_debug.o
    0x00004c74   0x00004c74   0x00000344   Code   RO          106    .text.debug_output  zf_common_debug.o
    0x00004fb8   0x00004fb8   0x00000048   Code   RO          114    .text.debug_output_init  zf_common_debug.o
    0x00005000   0x00005000   0x00000034   Code   RO          112    .text.debug_output_struct_init  zf_common_debug.o
    0x00005034   0x00005034   0x00000002   Code   RO          104    .text.debug_protective_handler  zf_common_debug.o
    0x00005036   0x00005036   0x00000012   Code   RO          118    .text.debug_uart_str_output  zf_common_debug.o
    0x00005048   0x00005048   0x0000000a   Code   RO          332    .text.exti_callbakc_defalut  zf_driver_exti.o
    0x00005052   0x00005052   0x00000002   PAD
    0x00005054   0x00005054   0x00000140   Code   RO          338    .text.exti_init     zf_driver_exti.o
    0x00005194   0x00005194   0x000000a8   Code   RO          142    .text.fifo_head_offset  zf_common_fifo.o
    0x0000523c   0x0000523c   0x00000090   Code   RO          154    .text.fifo_init     zf_common_fifo.o
    0x000052cc   0x000052cc   0x000003a8   Code   RO          144    .text.fifo_write_buffer  zf_common_fifo.o
    0x00005674   0x00005674   0x0000023c   Code   RO          194    .text.func_double_to_str  zf_common_function.o
    0x000058b0   0x000058b0   0x000000d0   Code   RO          182    .text.func_int_to_str  zf_common_function.o
    0x00005980   0x00005980   0x00000034   Code   RO          351    .text.gpio_get_level  zf_driver_gpio.o
    0x000059b4   0x000059b4   0x000001c8   Code   RO          357    .text.gpio_init     zf_driver_gpio.o
    0x00005b7c   0x00005b7c   0x00000064   Code   RO          349    .text.gpio_set_level  zf_driver_gpio.o
    0x00005be0   0x00005be0   0x00000016   Code   RO          223    .text.interrupt_disable  zf_common_interrupt.o
    0x00005bf6   0x00005bf6   0x00000016   Code   RO          219    .text.interrupt_enable  zf_common_interrupt.o
    0x00005c0c   0x00005c0c   0x00000020   Code   RO          217    .text.interrupt_global_disable  zf_common_interrupt.o
    0x00005c2c   0x00005c2c   0x00000002   Code   RO          231    .text.interrupt_init  zf_common_interrupt.o
    0x00005c2e   0x00005c2e   0x0000001e   Code   RO          227    .text.interrupt_set_priority  zf_common_interrupt.o
    0x00005c4c   0x00005c4c   0x000000dc   Code   RO          822    .text.ips114_clear  zf_device_ips114.o
    0x00005d28   0x00005d28   0x0000007c   Code   RO          862    .text.ips114_debug_init  zf_device_ips114.o
    0x00005da4   0x00005da4   0x00000300   Code   RO          858    .text.ips114_init   zf_device_ips114.o
    0x000060a4   0x000060a4   0x00000024   Code   RO          832    .text.ips114_set_color  zf_device_ips114.o
    0x000060c8   0x000060c8   0x0000004c   Code   RO          828    .text.ips114_set_dir  zf_device_ips114.o
    0x00006114   0x00006114   0x000001f0   Code   RO          824    .text.ips114_set_region  zf_device_ips114.o
    0x00006304   0x00006304   0x000002d4   Code   RO          838    .text.ips114_show_char  zf_device_ips114.o
    0x000065d8   0x000065d8   0x000001ac   Code   RO          846    .text.ips114_show_float  zf_device_ips114.o
    0x00006784   0x00006784   0x0000010c   Code   RO          842    .text.ips114_show_int  zf_device_ips114.o
    0x00006890   0x00006890   0x000000e4   Code   RO          840    .text.ips114_show_string  zf_device_ips114.o
    0x00006974   0x00006974   0x00000044   Code   RO          860    .text.ips114_write_index  zf_device_ips114.o
    0x000069b8   0x000069b8   0x00000014   Code   RO         1330    .text.key_get_state  zf_device_key.o
    0x000069cc   0x000069cc   0x00000060   Code   RO         1336    .text.key_init      zf_device_key.o
    0x00006a2c   0x00006a2c   0x000000f8   Code   RO         1328    .text.key_scanner   zf_device_key.o
    0x00006b24   0x00006b24   0x0000005c   Code   RO            2    .text.main          main.o
    0x00006b80   0x00006b80   0x0000000a   Code   RO          371    .text.pit_callbakc_defalut  zf_driver_pit.o
    0x00006b8a   0x00006b8a   0x00000002   PAD
    0x00006b8c   0x00006b8c   0x000000b0   Code   RO          373    .text.pit_enable    zf_driver_pit.o
    0x00006c3c   0x00006c3c   0x00000178   Code   RO          381    .text.pit_ms_init   zf_driver_pit.o
    0x00006db4   0x00006db4   0x00000290   Code   RO          398    .text.pwm_init      zf_driver_pwm.o
    0x00007044   0x00007044   0x0000019c   Code   RO          396    .text.pwm_set_duty  zf_driver_pwm.o
    0x000071e0   0x000071e0   0x00000088   Code   RO          462    .text.soft_iic_init  zf_driver_soft_iic.o
    0x00007268   0x00007268   0x00000088   Code   RO          448    .text.soft_iic_read_16bit_register  zf_driver_soft_iic.o
    0x000072f0   0x000072f0   0x00000154   Code   RO          418    .text.soft_iic_read_data  zf_driver_soft_iic.o
    0x00007444   0x00007444   0x00000114   Code   RO          412    .text.soft_iic_send_ack  zf_driver_soft_iic.o
    0x00007558   0x00007558   0x00000124   Code   RO          416    .text.soft_iic_send_data  zf_driver_soft_iic.o
    0x0000767c   0x0000767c   0x000000d8   Code   RO          408    .text.soft_iic_start  zf_driver_soft_iic.o
    0x00007754   0x00007754   0x000000dc   Code   RO          410    .text.soft_iic_stop  zf_driver_soft_iic.o
    0x00007830   0x00007830   0x00000100   Code   RO          414    .text.soft_iic_wait_ack  zf_driver_soft_iic.o
    0x00007930   0x00007930   0x000000b4   Code   RO          480    .text.spi_16bit_data_handler  zf_driver_spi.o
    0x000079e4   0x000079e4   0x00000078   Code   RO          474    .text.spi_8bit_data_handler  zf_driver_spi.o
    0x00007a5c   0x00007a5c   0x00000280   Code   RO          512    .text.spi_init      zf_driver_spi.o
    0x00007cdc   0x00007cdc   0x0000001c   Code   RO          478    .text.spi_write_16bit  zf_driver_spi.o
    0x00007cf8   0x00007cf8   0x00000044   Code   RO          482    .text.spi_write_16bit_array  zf_driver_spi.o
    0x00007d3c   0x00007d3c   0x0000001c   Code   RO          472    .text.spi_write_8bit  zf_driver_spi.o
    0x00007d58   0x00007d58   0x00000002   Code   RO          323    .text.system_delay_init  zf_driver_delay.o
    0x00007d5a   0x00007d5a   0x00000002   PAD
    0x00007d5c   0x00007d5c   0x00000054   Code   RO          319    .text.system_delay_ms  zf_driver_delay.o
    0x00007db0   0x00007db0   0x000000b0   Code   RO          535    .text.timer_clock_enable  zf_driver_timer.o
    0x00007e60   0x00007e60   0x0000005c   Code   RO          533    .text.timer_funciton_check  zf_driver_timer.o
    0x00007ebc   0x00007ebc   0x00000002   Code   RO         1153    .text.type_default_callback  zf_device_type.o
    0x00007ebe   0x00007ebe   0x0000000a   Code   RO          557    .text.uart_callbakc_defalut  zf_driver_uart.o
    0x00007ec8   0x00007ec8   0x00000198   Code   RO          585    .text.uart_init     zf_driver_uart.o
    0x00008060   0x00008060   0x00000058   Code   RO          575    .text.uart_query_byte  zf_driver_uart.o
    0x000080b8   0x000080b8   0x00000188   Code   RO          579    .text.uart_set_interrupt_config  zf_driver_uart.o
    0x00008240   0x00008240   0x00000060   Code   RO          565    .text.uart_write_buffer  zf_driver_uart.o
    0x000082a0   0x000082a0   0x00000060   Code   RO          567    .text.uart_write_string  zf_driver_uart.o
    0x00008300   0x00008300   0x00000030   Code   RO         3128    i.__ARM_common_ll_muluu  c_p.l(btod.o)
    0x00008330   0x00008330   0x0000002c   Code   RO         3045    i.__ARM_fpclassify  m_ps.l(fpclassify.o)
    0x0000835c   0x0000835c   0x00000016   Code   RO         2842    i._deq              fz_ps.l(dcmp.o)
    0x00008372   0x00008372   0x00000016   Code   RO         2843    i._dgeq             fz_ps.l(dcmp.o)
    0x00008388   0x00008388   0x00000016   Code   RO         2874    i._fgeq             fz_ps.l(fcmp.o)
    0x0000839e   0x0000839e   0x0000001a   Code   RO         2876    i._fleq             fz_ps.l(fcmp.o)
    0x000083b8   0x000083b8   0x0000000e   Code   RO         2972    i._is_digit         c_p.l(__printf_wp.o)
    0x000083c6   0x000083c6   0x00000002   PAD
    0x000083c8   0x000083c8   0x0000002c   Code   RO         3133    locale$$code        c_p.l(lc_numeric_c.o)
    0x000083f4   0x000083f4   0x0000002c   Code   RO         3163    locale$$code        c_p.l(lc_ctype_c.o)
    0x00008420   0x00008420   0x00000064   Code   RO         3005    x$fpl$deqf          fz_ps.l(deqf.o)
    0x00008484   0x00008484   0x00000064   Code   RO         3007    x$fpl$dgeqf         fz_ps.l(dgef.o)
    0x000084e8   0x000084e8   0x0000008c   Code   RO         2867    x$fpl$fadd          fz_ps.l(faddsub.o)
    0x00008574   0x00008574   0x00000054   Code   RO         3015    x$fpl$fgeqf         fz_ps.l(fgef.o)
    0x000085c8   0x000085c8   0x00000054   Code   RO         3017    x$fpl$fleqf         fz_ps.l(flef.o)
    0x0000861c   0x0000861c   0x000000b0   Code   RO         2894    x$fpl$fmul          fz_ps.l(fmul.o)
    0x000086cc   0x000086cc   0x000000d0   Code   RO         2869    x$fpl$fsub          fz_ps.l(faddsub.o)
    0x0000879c   0x0000879c   0x00000010   Code   RO         3019    x$fpl$printf1       fz_ps.l(printf1.o)
    0x000087ac   0x000087ac   0x00000010   Code   RO         3021    x$fpl$printf2       fz_ps.l(printf2.o)
    0x000087bc   0x000087bc   0x00000000   Code   RO         3027    x$fpl$usenofp       fz_ps.l(usenofp.o)
    0x000087bc   0x000087bc   0x00000080   Data   RO         2855    .constdata          fz_ps.l(ddiv.o)
    0x0000883c   0x0000883c   0x00000040   Data   RO         2886    .constdata          fz_ps.l(fdiv.o)
    0x0000887c   0x0000887c   0x00000008   Data   RO         2931    .constdata          c_p.l(_printf_wctomb.o)
    0x00008884   0x00008884   0x00000028   Data   RO         2960    .constdata          c_p.l(_printf_hex_int_ll_ptr.o)
    0x000088ac   0x000088ac   0x00000011   Data   RO         2980    .constdata          c_p.l(__printf_flags_ss_wp.o)
    0x000088bd   0x000088bd   0x00000026   Data   RO         3090    .constdata          c_p.l(_printf_fp_hex.o)
    0x000088e3   0x000088e3   0x00000001   PAD
    0x000088e4   0x000088e4   0x00000094   Data   RO         3123    .constdata          c_p.l(bigflt0.o)
    0x00008978   0x00008978   0x0000001c   Data   RO         2673    .rodata..L__const.UpperMonitor_Motor_PID_Send_Hook.Step_Signal  uppermonitor.o
    0x00008994   0x00008994   0x00000002   Data   RO          524    .rodata..L__const.spi_init.spi_default_clock_config  zf_driver_spi.o
    0x00008996   0x00008996   0x0000000a   Data   RO          523    .rodata..L__const.spi_init.spi_default_config  zf_driver_spi.o
    0x000089a0   0x000089a0   0x00000228   Data   RO          165    .rodata.ascii_font_6x8  zf_common_font.o
    0x00008bc8   0x00008bc8   0x000005f0   Data   RO          164    .rodata.ascii_font_8x16  zf_common_font.o
    0x000091b8   0x000091b8   0x00000003   Data   RO         1432    .rodata.gLFCLKConfig  ti_msp_dl_config.o
    0x000091bb   0x000091bb   0x00000001   PAD
    0x000091bc   0x000091bc   0x00000028   Data   RO         1431    .rodata.gSYSPLLConfig  ti_msp_dl_config.o
    0x000091e4   0x000091e4   0x0000000c   Data   RO         1433    .rodata.gVREFConfig  ti_msp_dl_config.o
    0x000091f0   0x000091f0   0x0000003c   Data   RO          362    .rodata.gpio_iomux_index  zf_driver_gpio.o
    0x0000922c   0x0000922c   0x00000004   Data   RO         1338    .rodata.key_index   zf_device_key.o
    0x00009230   0x00009230   0x0000005a   Data   RO          125    .rodata.str1.1      zf_common_debug.o
    0x0000928a   0x0000928a   0x0000002b   Data   RO          156    .rodata.str1.1      zf_common_fifo.o
    0x000092b5   0x000092b5   0x0000002f   Data   RO          206    .rodata.str1.1      zf_common_function.o
    0x000092e4   0x000092e4   0x0000002b   Data   RO          363    .rodata.str1.1      zf_driver_gpio.o
    0x0000930f   0x0000930f   0x0000002a   Data   RO          385    .rodata.str1.1      zf_driver_pit.o
    0x00009339   0x00009339   0x0000002a   Data   RO          400    .rodata.str1.1      zf_driver_pwm.o
    0x00009363   0x00009363   0x0000002f   Data   RO          464    .rodata.str1.1      zf_driver_soft_iic.o
    0x00009392   0x00009392   0x0000002a   Data   RO          522    .rodata.str1.1      zf_driver_spi.o
    0x000093bc   0x000093bc   0x0000002b   Data   RO          598    .rodata.str1.1      zf_driver_uart.o
    0x000093e7   0x000093e7   0x0000002d   Data   RO          870    .rodata.str1.1      zf_device_ips114.o
    0x00009414   0x00009414   0x0000002a   Data   RO         1342    .rodata.str1.1      zf_device_key.o
    0x0000943e   0x0000943e   0x0000003c   Data   RO         2599    .rodata.str1.1      menu.o
    0x0000947a   0x0000947a   0x00000002   Data   RO          601    .rodata.uart_init.uart_clock_config  zf_driver_uart.o
    0x0000947c   0x0000947c   0x0000000a   Data   RO          602    .rodata.uart_init.uart_default_config  zf_driver_uart.o
    0x00009486   0x00009486   0x00000002   PAD
    0x00009488   0x00009488   0x00000020   Data   RO         3293    Region$$Table       anon$$obj.o
    0x000094a8   0x000094a8   0x0000001c   Data   RO         3132    locale$$data        c_p.l(lc_numeric_c.o)
    0x000094c4   0x000094c4   0x00000110   Data   RO         3162    locale$$data        c_p.l(lc_ctype_c.o)


    Execution Region RW_IRAM2 (Exec base: 0x20200000, Load base: 0x000095d8, Size: 0x00000f70, Max: 0x00008000, ABSOLUTE, COMPRESSED[0x00000100])

    Exec Addr    Load Addr    Size         Type   Attr      Idx    E Section Name        Object

    0x20200000   COMPRESSED   0x00000004   Data   RW         2601    .data.Cur_Menu      menu.o
    0x20200004   COMPRESSED   0x00000058   Data   RW         2593    .data.Hardware_Info_Menu  menu.o
    0x2020005c   COMPRESSED   0x00000084   Data   RW         2596    .data.Main_Menu     menu.o
    0x202000e0   COMPRESSED   0x00000058   Data   RW         2597    .data.Motor_PID_Menu  menu.o
    0x20200138   COMPRESSED   0x00000084   Data   RW         2598    .data.Motor_PID_SET_Menu  menu.o
    0x202001bc   COMPRESSED   0x0000002c   Data   RW         2595    .data.PID_Menu      menu.o
    0x202001e8   COMPRESSED   0x000000b0   Data   RW         2594    .data.Task_Menu     menu.o
    0x20200298   COMPRESSED   0x00000080   Data   RW          341    .data.exti_callback_ptr_list  zf_driver_exti.o
    0x20200318   COMPRESSED   0x00000008   Data   RW          361    .data.gpio_group    zf_driver_gpio.o
    0x20200320   COMPRESSED   0x00000002   Data   RW          866    .data.ips114_bgcolor  zf_device_ips114.o
    0x20200322   COMPRESSED   0x00000001   Data   RW          868    .data.ips114_display_font  zf_device_ips114.o
    0x20200323   COMPRESSED   0x00000001   PAD
    0x20200324   COMPRESSED   0x00000002   Data   RW          865    .data.ips114_height_max  zf_device_ips114.o
    0x20200326   COMPRESSED   0x00000002   Data   RW          869    .data.ips114_pencolor  zf_device_ips114.o
    0x20200328   COMPRESSED   0x00000002   Data   RW          864    .data.ips114_width_max  zf_device_ips114.o
    0x2020032a   COMPRESSED   0x00000002   PAD
    0x2020032c   COMPRESSED   0x00000004   Data   RW         2647    .data.motor1_speed_pid_ki  chassis_control.o
    0x20200330   COMPRESSED   0x00000004   Data   RW         2646    .data.motor1_speed_pid_kp  chassis_control.o
    0x20200334   COMPRESSED   0x00000004   Data   RW         2652    .data.motor_angle_pid_kp  chassis_control.o
    0x20200338   COMPRESSED   0x0000001c   Data   RW          384    .data.pit_callback_ptr_list  zf_driver_pit.o
    0x20200354   COMPRESSED   0x00000008   Data   RW          525    .data.spi_list      zf_driver_spi.o
    0x2020035c   COMPRESSED   0x00000010   Data   RW          596    .data.uart_callback_list  zf_driver_uart.o
    0x2020036c   COMPRESSED   0x00000004   Data   RW          600    .data.uart_irq      zf_driver_uart.o
    0x20200370   COMPRESSED   0x00000010   Data   RW          597    .data.uart_list     zf_driver_uart.o
    0x20200380   COMPRESSED   0x00000004   Data   RW         1166    .data.wireless_module_uart_handler  zf_device_type.o
    0x20200384   COMPRESSED   0x00000001   Data   RW          123    .data.zf_debug_assert_enable  zf_common_debug.o
    0x20200385   COMPRESSED   0x00000003   PAD
    0x20200388        -       0x00000060   Zero   RW         3108    .bss                c_p.l(libspace.o)
    0x202003e8        -       0x00000004   Zero   RW         2759    .bss.Angle_Yaw      imu.o
    0x202003ec        -       0x00000004   Zero   RW         2656    .bss.Chassis_Update.Last_Angle_Yaw  chassis_control.o
    0x202003f0        -       0x00000002   Zero   RW         2603    .bss.Cur_Menu_Param_Step  menu.o
    0x202003f2   COMPRESSED   0x00000002   PAD
    0x202003f4        -       0x00000004   Zero   RW         2605    .bss.Cur_Menu_Param_base  menu.o
    0x202003f8        -       0x00000001   Zero   RW         2602    .bss.Cur_Menu_index  menu.o
    0x202003f9   COMPRESSED   0x00000003   PAD
    0x202003fc        -       0x000000f0   Zero   RW         2655    .bss.Differential_Wheel_Info  chassis_control.o
    0x202004ec        -       0x00000004   Zero   RW         2780    .bss.Encoder_count  encoder.o
    0x202004f0        -       0x00000002   Zero   RW         2763    .bss.JY61P_iic_buff  imu.o
    0x202004f2   COMPRESSED   0x00000002   PAD
    0x202004f4        -       0x00000010   Zero   RW         2762    .bss.JY61P_iic_struct  imu.o
    0x20200504        -       0x00000004   Zero   RW         2607    .bss.Last_Cur_Menu  menu.o
    0x20200508        -       0x00000002   Zero   RW         2606    .bss.Last_Cur_Menu_Param_Step  menu.o
    0x2020050a        -       0x00000001   Zero   RW         2608    .bss.Last_Cur_Menu_index  menu.o
    0x2020050b        -       0x00000001   Zero   RW         2604    .bss.Menu_Back_Cnt  menu.o
    0x2020050c        -       0x00000004   Zero   RW         2600    .bss.Menu_Button    menu.o
    0x20200510        -       0x000000c9   Zero   RW         2675    .bss.UpperMonitor_Handle  uppermonitor.o
    0x202005d9   COMPRESSED   0x00000003   PAD
    0x202005dc        -       0x00000028   Zero   RW         2674    .bss.UpperMonitor_Motor_PID_Send_Hook.Usart_Send_Buff  uppermonitor.o
    0x20200604        -       0x00000008   Zero   RW         2764    .bss.YawAngle       imu.o
    0x2020060c        -       0x00000001   Zero   RW          124    .bss.debug_assert_handler.assert_nest_index  zf_common_debug.o
    0x2020060d   COMPRESSED   0x00000003   PAD
    0x20200610        -       0x00000014   Zero   RW          126    .bss.debug_output_info  zf_common_debug.o
    0x20200624        -       0x00000040   Zero   RW          127    .bss.debug_uart_buffer  zf_common_debug.o
    0x20200664        -       0x00000001   Zero   RW          120    .bss.debug_uart_data  zf_common_debug.o
    0x20200665        -       0x00000016   Zero   RW          121    .bss.debug_uart_fifo  zf_common_debug.o
    0x2020067b   COMPRESSED   0x00000001   PAD
    0x2020067c        -       0x00000080   Zero   RW          340    .bss.exti_callback_list  zf_driver_exti.o
    0x202006fc        -       0x00000004   Zero   RW          233    .bss.interrupt_nest_count  zf_common_interrupt.o
    0x20200700        -       0x00000001   Zero   RW          867    .bss.ips114_display_dir  zf_device_ips114.o
    0x20200701   COMPRESSED   0x00000003   PAD
    0x20200704        -       0x00000010   Zero   RW         1339    .bss.key_press_time  zf_device_key.o
    0x20200714        -       0x00000004   Zero   RW         1341    .bss.key_state      zf_device_key.o
    0x20200718        -       0x00000004   Zero   RW         2648    .bss.motor1_speed_pid_kd  chassis_control.o
    0x2020071c        -       0x00000004   Zero   RW         2654    .bss.motor_angle_pid_kd  chassis_control.o
    0x20200720        -       0x00000004   Zero   RW         2653    .bss.motor_angle_pid_ki  chassis_control.o
    0x20200724        -       0x0000001c   Zero   RW          383    .bss.pit_callback_list  zf_driver_pit.o
    0x20200740        -       0x00000004   Zero   RW         2760    .bss.pitch          imu.o
    0x20200744        -       0x00000004   Zero   RW         2761    .bss.roll           imu.o
    0x20200748        -       0x00000004   Zero   RW         1340    .bss.scanner_period  zf_device_key.o
    0x2020074c        -       0x00000007   Zero   RW          547    .bss.timer_function_state  zf_driver_timer.o
    0x20200753   COMPRESSED   0x00000001   PAD
    0x20200754        -       0x00000010   Zero   RW          595    .bss.uart_callback_ptr_list  zf_driver_uart.o
    0x20200764        -       0x00000004   Zero   RW          599    .bss.uart_interrupt_state  zf_driver_uart.o
    0x20200768        -       0x00000001   Zero   RW          122    .bss.zf_debug_init_flag  zf_common_debug.o
    0x20200769   COMPRESSED   0x00000007   PAD
    0x20200770        -       0x00000400   Zero   RW         1350    HEAP                startup_mspm0g350x_uvision.o
    0x20200b70        -       0x00000400   Zero   RW         1349    STACK               startup_mspm0g350x_uvision.o



  Load Region LR_BCR (Base: 0x41c00000, Size: 0x00000000, Max: 0x00000100, ABSOLUTE)

    Execution Region BCR_CONFIG (Exec base: 0x41c00000, Load base: 0x41c00000, Size: 0x00000000, Max: 0x00000080, ABSOLUTE)

    **** No section assigned to this execution region ****



  Load Region LR_BSL (Base: 0x41c00100, Size: 0x00000000, Max: 0x00000100, ABSOLUTE)

    Execution Region BSL_CONFIG (Exec base: 0x41c00100, Load base: 0x41c00100, Size: 0x00000000, Max: 0x00000080, ABSOLUTE)

    **** No section assigned to this execution region ****


==============================================================================

Image component sizes


      Code (inc. data)   RO Data    RW Data    ZI Data      Debug   Object Name

       754         68          0         12        256       3268   chassis_control.o
        20          0          0          0          0        605   dl_common.o
       148         12          0          0          0      10637   dl_spi.o
       170          8          0          0          0      10699   dl_uart.o
        52          4          0          0          0       2513   dl_vref.o
       200         12          0          0          4       2332   encoder.o
       136         20          0          0         38       2458   imu.o
       746         72          0          0          0       5407   isr.o
       132         20          0          0          0        980   main.o
      1788        116         60        664         19       4725   menu.o
       252         12          0          0          0       5003   motor.o
       664          0          0          0          0       1945   pid.o
        48         22        192          0       2048        728   startup_mspm0g350x_uvision.o
      1530        140         55          0          0      16771   ti_msp_dl_config.o
       156          8         28          0        241       1789   uppermonitor.o
       570         80          0          0          0      11166   zf_common_clock.o
      1278         68         90          1        109       7703   zf_common_debug.o
      1248         12         43          0          0       5643   zf_common_fifo.o
         0          0       2072          0          0        708   zf_common_font.o
       780          8         47          0          0       8346   zf_common_function.o
       340         20          0          0          4       3594   zf_common_interrupt.o
      3436        240         45          9          1      12523   zf_device_ips114.o
       364         24         46          0         24       2937   zf_device_key.o
         2          0          0          4          0       1931   zf_device_type.o
        86         16          0          0          0       1161   zf_driver_delay.o
       330         28          0        128        128       3742   zf_driver_exti.o
       952        208        103          8          0       6735   zf_driver_gpio.o
       562        112         42         28         28       6666   zf_driver_pit.o
      1068        188         42          0          0       9435   zf_driver_pwm.o
      1872         52         47          0          0       8891   zf_driver_soft_iic.o
      1208         80         54          8          0      12362   zf_driver_spi.o
       268         60          0          0          7       5727   zf_driver_timer.o
      1392        108         55         36         20      12198   zf_driver_uart.o

    ----------------------------------------------------------------------
     22572       1818       3056        904       2952     191328   Object Totals
         0          0         32          0          0          0   (incl. Generated)
        20          0          3          6         25          0   (incl. Padding)

    ----------------------------------------------------------------------

      Code (inc. data)   RO Data    RW Data    ZI Data      Debug   Library Member Name

        86          0          0          0          0          0   __dczerorl2.o
         8          0          0          0          0         68   __main.o
       392          6         17          0          0         76   __printf_flags_ss_wp.o
        14          0          0          0          0         60   __printf_wp.o
         0          0          0          0          0          0   __rtentry.o
        12          0          0          0          0          0   __rtentry2.o
         6          0          0          0          0          0   __rtentry4.o
        60          8          0          0          0          0   __scatter.o
        28          0          0          0          0          0   __scatter_zi.o
        66          0          0          0          0         76   _c16rtomb.o
        10          0          0          0          0          0   _printf_a.o
        10          0          0          0          0          0   _printf_c.o
        46          0          0          0          0        100   _printf_char.o
        48          6          0          0          0         88   _printf_char_common.o
        38          0          0          0          0         60   _printf_charcount.o
        10          0          0          0          0          0   _printf_d.o
       108         18          0          0          0         76   _printf_dec.o
        10          0          0          0          0          0   _printf_e.o
        10          0          0          0          0          0   _printf_f.o
      1044         12          0          0          0        116   _printf_fp_dec.o
       728         10         38          0          0         84   _printf_fp_hex.o
       136         16          0          0          0         76   _printf_fp_infnan.o
        10          0          0          0          0          0   _printf_g.o
       152          4         40          0          0        148   _printf_hex_int_ll_ptr.o
        10          0          0          0          0          0   _printf_i.o
       176          0          0          0          0         84   _printf_intcommon.o
        10          0          0          0          0          0   _printf_l.o
        10          0          0          0          0          0   _printf_lc.o
        10          0          0          0          0          0   _printf_ll.o
        10          0          0          0          0          0   _printf_lld.o
        10          0          0          0          0          0   _printf_lli.o
        10          0          0          0          0          0   _printf_llo.o
        10          0          0          0          0          0   _printf_llu.o
        10          0          0          0          0          0   _printf_llx.o
       112         18          0          0          0         76   _printf_longlong_dec.o
        10          0          0          0          0          0   _printf_ls.o
        10          0          0          0          0          0   _printf_n.o
        10          0          0          0          0          0   _printf_o.o
       112         10          0          0          0        112   _printf_oct_int_ll.o
        10          0          0          0          0          0   _printf_p.o
        78          0          0          0          0        100   _printf_pad.o
         2          0          0          0          0          0   _printf_percent.o
         4          0          0          0          0          0   _printf_percent_end.o
        10          0          0          0          0          0   _printf_s.o
        82          0          0          0          0         72   _printf_str.o
        36          0          0          0          0         76   _printf_truncate.o
        10          0          0          0          0          0   _printf_u.o
        46          0          0          0          0        100   _printf_wchar.o
       188          6          8          0          0         80   _printf_wctomb.o
        10          0          0          0          0          0   _printf_x.o
        10          0          0          0          0         60   _sputc.o
        18          0          0          0          0         68   aeabi_memset.o
       364          4          0          0          0         92   aeabi_sdiv.o
       216          6        148          0          0         80   bigflt0.o
      1456         30          0          0          0        336   btod.o
        16          0          0          0          0         68   exit.o
         6          0          0          0          0        136   heapauxi.o
        44         10        272          0          0         76   lc_ctype_c.o
        44         10         28          0          0         76   lc_numeric_c.o
         2          0          0          0          0          0   libinit.o
        30          0          0          0          0          0   libinit2.o
         2          0          0          0          0          0   libshutdown.o
         2          0          0          0          0          0   libshutdown2.o
         8          4          0          0         96         68   libspace.o
       122          0          0          0          0         72   lludiv10.o
        16          4          0          0          0         76   rt_ctype_table.o
         8          4          0          0          0         68   rt_locale_intlibspace.o
        64          0          0          0          0        108   rt_memclr.o
       186          0          0          0          0        144   rt_memcpy.o
         2          0          0          0          0          0   rtexit.o
        10          0          0          0          0          0   rtexit2.o
        40          0          0          0          0         60   rtudiv10.o
        44          4          0          0          0         84   sprintf.o
       136          4          0          0          0         72   strcmp.o
        68          6          0          0          0         72   strlen.o
        62          0          0          0          0         80   sys_stackheap_outer.o
        46          0          0          0          0         60   cmpret.o
       124          4          0          0          0         72   d2f.o
       856         20          0          0          0        208   daddsub.o
        44          0          0          0          0        136   dcmp.o
       160          6          0          0          0         76   dcmpin.o
      1096         26        128          0          0        112   ddiv.o
       100          4          0          0          0         92   deqf.o
       108         10          0          0          0         72   dfixi.o
        88          0          0          0          0         92   dflti.o
       100          4          0          0          0         92   dgef.o
       584         26          0          0          0         84   dmul.o
        20          6          0          0          0         68   dnan2.o
        84          4          0          0          0         60   f2d.o
       348          8          0          0          0        160   faddsub.o
        48          0          0          0          0        136   fcmp.o
       100          4          0          0          0         68   fcmpin.o
       352         10         64          0          0         92   fdiv.o
        76          0          0          0          0         68   ffixi.o
        94          0          0          0          0         92   fflti.o
        84          4          0          0          0         76   fgef.o
        84          4          0          0          0         76   flef.o
       176          4          0          0          0         80   fmul.o
        16          6          0          0          0         68   fnan2.o
        16          4          0          0          0         76   printf1.o
        16          4          0          0          0         76   printf2.o
        94          0          0          0          0         68   retnan.o
         0          0          0          0          0          0   usenofp.o
        44          4          0          0          0         60   fpclassify.o

    ----------------------------------------------------------------------
     11984        366        744          0         96       6044   Library Totals
        22          4          1          0          0          0   (incl. Padding)

    ----------------------------------------------------------------------

      Code (inc. data)   RO Data    RW Data    ZI Data      Debug   Library Name

      7004        200        551          0         96       3624   c_p.l
      4914        158        192          0          0       2360   fz_ps.l
        44          4          0          0          0         60   m_ps.l

    ----------------------------------------------------------------------
     11984        366        744          0         96       6044   Library Totals

    ----------------------------------------------------------------------

==============================================================================


      Code (inc. data)   RO Data    RW Data    ZI Data      Debug   

     34556       2184       3800        904       3048     193712   Grand Totals
     34556       2184       3800        256       3048     193712   ELF Image Totals (compressed)
     34556       2184       3800        256          0          0   ROM Totals

==============================================================================

    Total RO  Size (Code + RO Data)                38356 (  37.46kB)
    Total RW  Size (RW Data + ZI Data)              3952 (   3.86kB)
    Total ROM Size (Code + RO Data + RW Data)      38612 (  37.71kB)

==============================================================================

