Component: ARM Compiler 6.16 Tool: armlink [5dfeaa00]

==============================================================================

Section Cross References

    main.o(.text.main) refers to zf_common_clock.o(.text.clock_init) for clock_init
    main.o(.text.main) refers to zf_common_debug.o(.text.debug_init) for debug_init
    main.o(.text.main) refers to menu.o(.text.Menu_Init) for Menu_Init
    main.o(.text.main) refers to zf_device_key.o(.text.key_scanner) for key_scanner
    main.o(.text.main) refers to menu.o(.text.Menu_Process) for Menu_Process
    main.o(.ARM.exidx.text.main) refers to main.o(.text.main) for [Anonymous Symbol]
    isr.o(.text.TIMA0_IRQHandler) refers to zf_driver_pit.o(.bss.pit_callback_list) for pit_callback_list
    isr.o(.text.TIMA0_IRQHandler) refers to zf_driver_pit.o(.data.pit_callback_ptr_list) for pit_callback_ptr_list
    isr.o(.ARM.exidx.text.TIMA0_IRQHandler) refers to isr.o(.text.TIMA0_IRQHandler) for [Anonymous Symbol]
    isr.o(.text.TIMA1_IRQHandler) refers to zf_driver_pit.o(.bss.pit_callback_list) for pit_callback_list
    isr.o(.text.TIMA1_IRQHandler) refers to zf_driver_pit.o(.data.pit_callback_ptr_list) for pit_callback_ptr_list
    isr.o(.ARM.exidx.text.TIMA1_IRQHandler) refers to isr.o(.text.TIMA1_IRQHandler) for [Anonymous Symbol]
    isr.o(.text.TIMG0_IRQHandler) refers to zf_driver_pit.o(.bss.pit_callback_list) for pit_callback_list
    isr.o(.text.TIMG0_IRQHandler) refers to zf_driver_pit.o(.data.pit_callback_ptr_list) for pit_callback_ptr_list
    isr.o(.ARM.exidx.text.TIMG0_IRQHandler) refers to isr.o(.text.TIMG0_IRQHandler) for [Anonymous Symbol]
    isr.o(.text.TIMG6_IRQHandler) refers to zf_driver_pit.o(.bss.pit_callback_list) for pit_callback_list
    isr.o(.text.TIMG6_IRQHandler) refers to zf_driver_pit.o(.data.pit_callback_ptr_list) for pit_callback_ptr_list
    isr.o(.ARM.exidx.text.TIMG6_IRQHandler) refers to isr.o(.text.TIMG6_IRQHandler) for [Anonymous Symbol]
    isr.o(.text.TIMG7_IRQHandler) refers to zf_driver_pit.o(.bss.pit_callback_list) for pit_callback_list
    isr.o(.text.TIMG7_IRQHandler) refers to zf_driver_pit.o(.data.pit_callback_ptr_list) for pit_callback_ptr_list
    isr.o(.ARM.exidx.text.TIMG7_IRQHandler) refers to isr.o(.text.TIMG7_IRQHandler) for [Anonymous Symbol]
    isr.o(.text.TIMG8_IRQHandler) refers to zf_driver_pit.o(.bss.pit_callback_list) for pit_callback_list
    isr.o(.text.TIMG8_IRQHandler) refers to zf_driver_pit.o(.data.pit_callback_ptr_list) for pit_callback_ptr_list
    isr.o(.ARM.exidx.text.TIMG8_IRQHandler) refers to isr.o(.text.TIMG8_IRQHandler) for [Anonymous Symbol]
    isr.o(.text.TIMG12_IRQHandler) refers to zf_driver_pit.o(.bss.pit_callback_list) for pit_callback_list
    isr.o(.text.TIMG12_IRQHandler) refers to zf_driver_pit.o(.data.pit_callback_ptr_list) for pit_callback_ptr_list
    isr.o(.ARM.exidx.text.TIMG12_IRQHandler) refers to isr.o(.text.TIMG12_IRQHandler) for [Anonymous Symbol]
    isr.o(.text.UART0_IRQHandler) refers to isr.o(.text.DL_UART_getPendingInterrupt) for DL_UART_getPendingInterrupt
    isr.o(.text.UART0_IRQHandler) refers to zf_common_debug.o(.text.debug_interrupr_handler) for debug_interrupr_handler
    isr.o(.text.UART0_IRQHandler) refers to isr.o(.text.DL_UART_clearInterruptStatus) for DL_UART_clearInterruptStatus
    isr.o(.text.UART0_IRQHandler) refers to zf_driver_uart.o(.data.uart_callback_list) for uart_callback_list
    isr.o(.text.UART0_IRQHandler) refers to zf_driver_uart.o(.bss.uart_callback_ptr_list) for uart_callback_ptr_list
    isr.o(.ARM.exidx.text.UART0_IRQHandler) refers to isr.o(.text.UART0_IRQHandler) for [Anonymous Symbol]
    isr.o(.ARM.exidx.text.DL_UART_getPendingInterrupt) refers to isr.o(.text.DL_UART_getPendingInterrupt) for [Anonymous Symbol]
    isr.o(.ARM.exidx.text.DL_UART_clearInterruptStatus) refers to isr.o(.text.DL_UART_clearInterruptStatus) for [Anonymous Symbol]
    isr.o(.text.UART1_IRQHandler) refers to isr.o(.text.DL_UART_getPendingInterrupt) for DL_UART_getPendingInterrupt
    isr.o(.text.UART1_IRQHandler) refers to isr.o(.text.DL_UART_clearInterruptStatus) for DL_UART_clearInterruptStatus
    isr.o(.text.UART1_IRQHandler) refers to zf_driver_uart.o(.data.uart_callback_list) for uart_callback_list
    isr.o(.text.UART1_IRQHandler) refers to zf_driver_uart.o(.bss.uart_callback_ptr_list) for uart_callback_ptr_list
    isr.o(.text.UART1_IRQHandler) refers to zf_device_type.o(.data.wireless_module_uart_handler) for wireless_module_uart_handler
    isr.o(.ARM.exidx.text.UART1_IRQHandler) refers to isr.o(.text.UART1_IRQHandler) for [Anonymous Symbol]
    isr.o(.text.UART2_IRQHandler) refers to isr.o(.text.DL_UART_getPendingInterrupt) for DL_UART_getPendingInterrupt
    isr.o(.text.UART2_IRQHandler) refers to isr.o(.text.DL_UART_clearInterruptStatus) for DL_UART_clearInterruptStatus
    isr.o(.text.UART2_IRQHandler) refers to zf_driver_uart.o(.data.uart_callback_list) for uart_callback_list
[...]
    [Anonymous Symbol]                       0x00006638   Section        0  zf_device_key.o(.rodata.key_index)
    [Anonymous Symbol]                       0x0000663c   Section        0  zf_common_debug.o(.rodata.str1.1)
    [Anonymous Symbol]                       0x00006696   Section        0  zf_common_fifo.o(.rodata.str1.1)
    [Anonymous Symbol]                       0x000066c1   Section        0  zf_driver_gpio.o(.rodata.str1.1)
    [Anonymous Symbol]                       0x000066ec   Section        0  zf_driver_spi.o(.rodata.str1.1)
    [Anonymous Symbol]                       0x00006716   Section        0  zf_driver_uart.o(.rodata.str1.1)
    [Anonymous Symbol]                       0x00006741   Section        0  zf_device_ips114.o(.rodata.str1.1)
    [Anonymous Symbol]                       0x0000676e   Section        0  zf_device_key.o(.rodata.str1.1)
    [Anonymous Symbol]                       0x00006798   Section        0  menu.o(.rodata.str1.1)
    uart_init.uart_clock_config              0x000067b4   Data           2  zf_driver_uart.o(.rodata.uart_init.uart_clock_config)
    [Anonymous Symbol]                       0x000067b4   Section        0  zf_driver_uart.o(.rodata.uart_init.uart_clock_config)
    uart_init.uart_default_config            0x000067b6   Data          10  zf_driver_uart.o(.rodata.uart_init.uart_default_config)
    [Anonymous Symbol]                       0x000067b6   Section        0  zf_driver_uart.o(.rodata.uart_init.uart_default_config)
    locale$$data                             0x000067e0   Section       28  lc_numeric_c.o(locale$$data)
    __lcnum_c_name                           0x000067e4   Data           2  lc_numeric_c.o(locale$$data)
    __lcnum_c_start                          0x000067ec   Data           0  lc_numeric_c.o(locale$$data)
    __lcnum_c_point                          0x000067f8   Data           0  lc_numeric_c.o(locale$$data)
    __lcnum_c_thousands                      0x000067fa   Data           0  lc_numeric_c.o(locale$$data)
    __lcnum_c_grouping                       0x000067fb   Data           0  lc_numeric_c.o(locale$$data)
    __lcnum_c_end                            0x000067fc   Data           0  lc_numeric_c.o(locale$$data)
    locale$$data                             0x000067fc   Section      272  lc_ctype_c.o(locale$$data)
    __lcctype_c_name                         0x00006800   Data           2  lc_ctype_c.o(locale$$data)
    __lcctype_c_start                        0x00006808   Data           0  lc_ctype_c.o(locale$$data)
    __lcctype_c_end                          0x0000690c   Data           0  lc_ctype_c.o(locale$$data)
    Cur_Menu                                 0x20200000   Data           4  menu.o(.data.Cur_Menu)
    [Anonymous Symbol]                       0x20200000   Section        0  menu.o(.data.Cur_Menu)
    ips114_bgcolor                           0x20200134   Data           2  zf_device_ips114.o(.data.ips114_bgcolor)
    [Anonymous Symbol]                       0x20200134   Section        0  zf_device_ips114.o(.data.ips114_bgcolor)
    ips114_display_font                      0x20200136   Data           1  zf_device_ips114.o(.data.ips114_display_font)
    [Anonymous Symbol]                       0x20200136   Section        0  zf_device_ips114.o(.data.ips114_display_font)
    ips114_pencolor                          0x2020013a   Data           2  zf_device_ips114.o(.data.ips114_pencolor)
    [Anonymous Symbol]                       0x2020013a   Section        0  zf_device_ips114.o(.data.ips114_pencolor)
    spi_list                                 0x2020015c   Data           8  zf_driver_spi.o(.data.spi_list)
    [Anonymous Symbol]                       0x2020015c   Section        0  zf_driver_spi.o(.data.spi_list)
    uart_irq                                 0x20200174   Data           4  zf_driver_uart.o(.data.uart_irq)
    [Anonymous Symbol]                       0x20200174   Section        0  zf_driver_uart.o(.data.uart_irq)
    uart_list                                0x20200178   Data          16  zf_driver_uart.o(.data.uart_list)
    [Anonymous Symbol]                       0x20200178   Section        0  zf_driver_uart.o(.data.uart_list)
    zf_debug_assert_enable                   0x2020018c   Data           1  zf_common_debug.o(.data.zf_debug_assert_enable)
    [Anonymous Symbol]                       0x2020018c   Section        0  zf_common_debug.o(.data.zf_debug_assert_enable)
    .bss                                     0x20200190   Section       96  libspace.o(.bss)
    Cur_Menu_index                           0x202001f0   Data           1  menu.o(.bss.Cur_Menu_index)
    [Anonymous Symbol]                       0x202001f0   Section        0  menu.o(.bss.Cur_Menu_index)
    Last_Cur_Menu                            0x202001f4   Data           4  menu.o(.bss.Last_Cur_Menu)
    [Anonymous Symbol]                       0x202001f4   Section        0  menu.o(.bss.Last_Cur_Menu)
    Last_Cur_Menu_index                      0x202001f8   Data           1  menu.o(.bss.Last_Cur_Menu_index)
    [Anonymous Symbol]                       0x202001f8   Section        0  menu.o(.bss.Last_Cur_Menu_index)
    debug_assert_handler.assert_nest_index   0x202001fd   Data           1  zf_common_debug.o(.bss.debug_assert_handler.assert_nest_index)
    [Anonymous Symbol]                       0x202001fd   Section        0  zf_common_debug.o(.bss.debug_assert_handler.assert_nest_index)
    debug_output_info                        0x20200200   Data          20  zf_common_debug.o(.bss.debug_output_info)
    [Anonymous Symbol]                       0x20200200   Section        0  zf_common_debug.o(.bss.debug_output_info)
    interrupt_nest_count                     0x202002ec   Data           4  zf_common_interrupt.o(.bss.interrupt_nest_count)
    [Anonymous Symbol]                       0x202002ec   Section        0  zf_common_interrupt.o(.bss.interrupt_nest_count)
    ips114_display_dir                       0x202002f0   Data           1  zf_device_ips114.o(.bss.ips114_display_dir)
    [Anonymous Symbol]                       0x202002f0   Section        0  zf_device_ips114.o(.bss.ips114_display_dir)
    key_press_time                           0x202002f4   Data          16  zf_device_key.o(.bss.key_press_time)
    [Anonymous Symbol]                       0x202002f4   Section        0  zf_device_key.o(.bss.key_press_time)
    key_state                                0x20200304   Data           4  zf_device_key.o(.bss.key_state)
    [Anonymous Symbol]                       0x20200304   Section        0  zf_device_key.o(.bss.key_state)
    scanner_period                           0x20200324   Data           4  zf_device_key.o(.bss.scanner_period)
    [Anonymous Symbol]                       0x20200324   Section        0  zf_device_key.o(.bss.scanner_period)
    uart_interrupt_state                     0x20200338   Data           4  zf_driver_uart.o(.bss.uart_interrupt_state)
    [Anonymous Symbol]                       0x20200338   Section        0  zf_driver_uart.o(.bss.uart_interrupt_state)
    zf_debug_init_flag                       0x2020033c   Data           1  zf_common_debug.o(.bss.zf_debug_init_flag)
    [Anonymous Symbol]                       0x2020033c   Section        0  zf_common_debug.o(.bss.zf_debug_init_flag)
    Heap_Mem                                 0x20200340   Data        1024  startup_mspm0g350x_uvision.o(HEAP)
    HEAP                                     0x20200340   Section     1024  startup_mspm0g350x_uvision.o(HEAP)
    Stack_Mem                                0x20200740   Data        1024  startup_mspm0g350x_uvision.o(STACK)
    STACK                                    0x20200740   Section     1024  startup_mspm0g350x_uvision.o(STACK)
    __initial_sp                             0x20200b40   Data           0  startup_mspm0g350x_uvision.o(STACK)

    Global Symbols

    Symbol Name                              Value     Ov Type        Size  Object(Section)

    BuildAttributes$$THM_ISAv3M$S$PE$A:L22$X:L11$S22$IEEE1$IW$~IW$USESV6$~STKCKD$USESV7$~SHL$OTIME$ROPI$IEEEX$EBA8$UX$STANDARDLIB$REQ8$PRES8$EABIv2 0x00000000   Number         0  anon$$obj.o ABSOLUTE
    __Vectors                                0x00000000   Data           4  startup_mspm0g350x_uvision.o(RESET)
    _printf_flags                            0x00000000   Number         0  printf_stubs.o ABSOLUTE
    _printf_return_value                     0x00000000   Number         0  printf_stubs.o ABSOLUTE
    _printf_sizespec                         0x00000000   Number         0  printf_stubs.o ABSOLUTE
    _printf_widthprec                        0x00000000   Number         0  printf_stubs.o ABSOLUTE
    __ARM_exceptions_init                     - Undefined Weak Reference
    __alloca_initialize                       - Undefined Weak Reference
    __arm_preinit_                            - Undefined Weak Reference
    __cpp_initialize__aeabi_                  - Undefined Weak Reference
    __cxa_finalize                            - Undefined Weak Reference
    __sigvec_lookup                           - Undefined Weak Reference
    _atexit_init                              - Undefined Weak Reference
    _call_atexit_fns                          - Undefined Weak Reference
    _clock_init                               - Undefined Weak Reference
    _fp_trap_init                             - Undefined Weak Reference
    _fp_trap_shutdown                         - Undefined Weak Reference
    _get_lc_collate                           - Undefined Weak Reference
    _get_lc_monetary                          - Undefined Weak Reference
    _get_lc_time                              - Undefined Weak Reference
    _getenv_init                              - Undefined Weak Reference
    _handle_redirection                       - Undefined Weak Reference
    _init_alloc                               - Undefined Weak Reference
    _init_user_alloc                          - Undefined Weak Reference
    _initio                                   - Undefined Weak Reference
    _printf_mbtowc                            - Undefined Weak Reference
    _printf_wc                                - Undefined Weak Reference
    _rand_init                                - Undefined Weak Reference
    _signal_finish                            - Undefined Weak Reference
    _signal_init                              - Undefined Weak Reference
    _terminate_alloc                          - Undefined Weak Reference
    _terminate_user_alloc                     - Undefined Weak Reference
    _terminateio                              - Undefined Weak Reference
    __Vectors_End                            0x000000c0   Data           0  startup_mspm0g350x_uvision.o(RESET)
    __Vectors_Size                           0x000000c0   Number         0  startup_mspm0g350x_uvision.o ABSOLUTE
    __main                                   0x000000c1   Thumb Code     8  __main.o(!!!main)
    __scatterload                            0x000000c9   Thumb Code     0  __scatter.o(!!!scatter)
    __scatterload_rt2                        0x000000c9   Thumb Code    52  __scatter.o(!!!scatter)
    __scatterload_rt2_thumb_only             0x000000c9   Thumb Code     0  __scatter.o(!!!scatter)
    __scatterload_null                       0x000000d9   Thumb Code     0  __scatter.o(!!!scatter)
    __scatterload_zeroinit                   0x00000109   Thumb Code    28  __scatter_zi.o(!!handler_zi)
    _printf_percent                          0x00000125   Thumb Code     0  _printf_percent.o(.ARM.Collect$$_printf_percent$$00000000)
    _printf_n                                0x00000127   Thumb Code     0  _printf_n.o(.ARM.Collect$$_printf_percent$$00000001)
    _printf_p                                0x00000131   Thumb Code     0  _printf_p.o(.ARM.Collect$$_printf_percent$$00000002)
    _printf_f                                0x0000013b   Thumb Code     0  _printf_f.o(.ARM.Collect$$_printf_percent$$00000003)
    _printf_e                                0x00000145   Thumb Code     0  _printf_e.o(.ARM.Collect$$_printf_percent$$00000004)
    _printf_g                                0x0000014f   Thumb Code     0  _printf_g.o(.ARM.Collect$$_printf_percent$$00000005)
    _printf_a                                0x00000159   Thumb Code     0  _printf_a.o(.ARM.Collect$$_printf_percent$$00000006)
    _printf_ll                               0x00000163   Thumb Code     0  _printf_ll.o(.ARM.Collect$$_printf_percent$$00000007)
    _printf_i                                0x0000016d   Thumb Code     0  _printf_i.o(.ARM.Collect$$_printf_percent$$00000008)
    _printf_d                                0x00000177   Thumb Code     0  _printf_d.o(.ARM.Collect$$_printf_percent$$00000009)
    _printf_u                                0x00000181   Thumb Code     0  _printf_u.o(.ARM.Collect$$_printf_percent$$0000000A)
    _printf_o                                0x0000018b   Thumb Code     0  _printf_o.o(.ARM.Collect$$_printf_percent$$0000000B)
    _printf_x                                0x00000195   Thumb Code     0  _printf_x.o(.ARM.Collect$$_printf_percent$$0000000C)
    _printf_lli                              0x0000019f   Thumb Code     0  _printf_lli.o(.ARM.Collect$$_printf_percent$$0000000D)
    _printf_lld                              0x000001a9   Thumb Code     0  _printf_lld.o(.ARM.Collect$$_printf_percent$$0000000E)
    _printf_llu                              0x000001b3   Thumb Code     0  _printf_llu.o(.ARM.Collect$$_printf_percent$$0000000F)
    _printf_llo                              0x000001bd   Thumb Code     0  _printf_llo.o(.ARM.Collect$$_printf_percent$$00000010)
    _printf_llx                              0x000001c7   Thumb Code     0  _printf_llx.o(.ARM.Collect$$_printf_percent$$00000011)
    _printf_l                                0x000001d1   Thumb Code     0  _printf_l.o(.ARM.Collect$$_printf_percent$$00000012)
    _printf_c                                0x000001db   Thumb Code     0  _printf_c.o(.ARM.Collect$$_printf_percent$$00000013)
    _printf_s                                0x000001e5   Thumb Code     0  _printf_s.o(.ARM.Collect$$_printf_percent$$00000014)
    _printf_lc                               0x000001ef   Thumb Code     0  _printf_lc.o(.ARM.Collect$$_printf_percent$$00000015)
    _printf_ls                               0x000001f9   Thumb Code     0  _printf_ls.o(.ARM.Collect$$_printf_percent$$00000016)
    _printf_percent_end                      0x00000203   Thumb Code     0  _printf_percent_end.o(.ARM.Collect$$_printf_percent$$00000017)
    __rt_lib_init                            0x00000207   Thumb Code     0  libinit.o(.ARM.Collect$$libinit$$00000000)
    __rt_lib_init_fp_1                       0x00000209   Thumb Code     0  libinit2.o(.ARM.Collect$$libinit$$00000002)
    __rt_lib_init_heap_1                     0x00000209   Thumb Code     0  libinit2.o(.ARM.Collect$$libinit$$0000000A)
    __rt_lib_init_lc_common                  0x00000209   Thumb Code     0  libinit2.o(.ARM.Collect$$libinit$$0000000F)
    __rt_lib_init_preinit_1                  0x00000209   Thumb Code     0  libinit2.o(.ARM.Collect$$libinit$$00000004)
    __rt_lib_init_rand_1                     0x00000209   Thumb Code     0  libinit2.o(.ARM.Collect$$libinit$$0000000E)
    __rt_lib_init_user_alloc_1               0x00000209   Thumb Code     0  libinit2.o(.ARM.Collect$$libinit$$0000000C)
    __rt_lib_init_lc_collate_1               0x0000020f   Thumb Code     0  libinit2.o(.ARM.Collect$$libinit$$00000011)
    __rt_lib_init_lc_ctype_2                 0x0000020f   Thumb Code     0  libinit2.o(.ARM.Collect$$libinit$$00000012)
    __rt_lib_init_lc_ctype_1                 0x0000021b   Thumb Code     0  libinit2.o(.ARM.Collect$$libinit$$00000013)
    __rt_lib_init_lc_monetary_1              0x0000021b   Thumb Code     0  libinit2.o(.ARM.Collect$$libinit$$00000015)
    __rt_lib_init_lc_numeric_2               0x0000021b   Thumb Code     0  libinit2.o(.ARM.Collect$$libinit$$00000016)
    __rt_lib_init_alloca_1                   0x00000225   Thumb Code     0  libinit2.o(.ARM.Collect$$libinit$$0000002E)
    __rt_lib_init_argv_1                     0x00000225   Thumb Code     0  libinit2.o(.ARM.Collect$$libinit$$0000002C)
    __rt_lib_init_atexit_1                   0x00000225   Thumb Code     0  libinit2.o(.ARM.Collect$$libinit$$0000001B)
    __rt_lib_init_clock_1                    0x00000225   Thumb Code     0  libinit2.o(.ARM.Collect$$libinit$$00000021)
    __rt_lib_init_cpp_1                      0x00000225   Thumb Code     0  libinit2.o(.ARM.Collect$$libinit$$00000032)
    __rt_lib_init_exceptions_1               0x00000225   Thumb Code     0  libinit2.o(.ARM.Collect$$libinit$$00000030)
    __rt_lib_init_fp_trap_1                  0x00000225   Thumb Code     0  libinit2.o(.ARM.Collect$$libinit$$0000001F)
    __rt_lib_init_getenv_1                   0x00000225   Thumb Code     0  libinit2.o(.ARM.Collect$$libinit$$00000023)
    __rt_lib_init_lc_numeric_1               0x00000225   Thumb Code     0  libinit2.o(.ARM.Collect$$libinit$$00000017)
    __rt_lib_init_lc_time_1                  0x00000225   Thumb Code     0  libinit2.o(.ARM.Collect$$libinit$$00000019)
    __rt_lib_init_return                     0x00000225   Thumb Code     0  libinit2.o(.ARM.Collect$$libinit$$00000033)
    __rt_lib_init_signal_1                   0x00000225   Thumb Code     0  libinit2.o(.ARM.Collect$$libinit$$0000001D)
    __rt_lib_init_stdio_1                    0x00000225   Thumb Code     0  libinit2.o(.ARM.Collect$$libinit$$00000025)
    __rt_lib_shutdown                        0x00000227   Thumb Code     0  libshutdown.o(.ARM.Collect$$libshutdown$$00000000)
    __rt_lib_shutdown_cpp_1                  0x00000229   Thumb Code     0  libshutdown2.o(.ARM.Collect$$libshutdown$$00000002)
    __rt_lib_shutdown_fp_trap_1              0x00000229   Thumb Code     0  libshutdown2.o(.ARM.Collect$$libshutdown$$00000007)
    __rt_lib_shutdown_heap_1                 0x00000229   Thumb Code     0  libshutdown2.o(.ARM.Collect$$libshutdown$$0000000F)
    __rt_lib_shutdown_return                 0x00000229   Thumb Code     0  libshutdown2.o(.ARM.Collect$$libshutdown$$00000010)
    __rt_lib_shutdown_signal_1               0x00000229   Thumb Code     0  libshutdown2.o(.ARM.Collect$$libshutdown$$0000000A)
    __rt_lib_shutdown_stdio_1                0x00000229   Thumb Code     0  libshutdown2.o(.ARM.Collect$$libshutdown$$00000004)
    __rt_lib_shutdown_user_alloc_1           0x00000229   Thumb Code     0  libshutdown2.o(.ARM.Collect$$libshutdown$$0000000C)
    __rt_entry                               0x0000022b   Thumb Code     0  __rtentry.o(.ARM.Collect$$rtentry$$00000000)
    __rt_entry_presh_1                       0x0000022b   Thumb Code     0  __rtentry2.o(.ARM.Collect$$rtentry$$00000002)
    __rt_entry_sh                            0x0000022b   Thumb Code     0  __rtentry4.o(.ARM.Collect$$rtentry$$00000004)
    __rt_entry_li                            0x00000231   Thumb Code     0  __rtentry2.o(.ARM.Collect$$rtentry$$0000000A)
    __rt_entry_postsh_1                      0x00000231   Thumb Code     0  __rtentry2.o(.ARM.Collect$$rtentry$$00000009)
    __rt_entry_main                          0x00000235   Thumb Code     0  __rtentry2.o(.ARM.Collect$$rtentry$$0000000D)
    __rt_entry_postli_1                      0x00000235   Thumb Code     0  __rtentry2.o(.ARM.Collect$$rtentry$$0000000C)
    __rt_exit                                0x0000023d   Thumb Code     0  rtexit.o(.ARM.Collect$$rtexit$$00000000)
    __rt_exit_ls                             0x0000023f   Thumb Code     0  rtexit2.o(.ARM.Collect$$rtexit$$00000003)
    __rt_exit_prels_1                        0x0000023f   Thumb Code     0  rtexit2.o(.ARM.Collect$$rtexit$$00000002)
    __rt_exit_exit                           0x00000243   Thumb Code     0  rtexit2.o(.ARM.Collect$$rtexit$$00000004)
    __aeabi_memcpy4                          0x00000249   Thumb Code    56  rt_memcpy.o(.emb_text)
    __aeabi_memcpy8                          0x00000249   Thumb Code     0  rt_memcpy.o(.emb_text)
    Reset_Handler                            0x00000281   Thumb Code     4  startup_mspm0g350x_uvision.o(.text)
    NMI_Handler                              0x00000285   Thumb Code     2  startup_mspm0g350x_uvision.o(.text)
    HardFault_Handler                        0x00000287   Thumb Code     2  startup_mspm0g350x_uvision.o(.text)
    SVC_Handler                              0x00000289   Thumb Code     2  startup_mspm0g350x_uvision.o(.text)
    PendSV_Handler                           0x0000028b   Thumb Code     2  startup_mspm0g350x_uvision.o(.text)
    SysTick_Handler                          0x0000028d   Thumb Code     2  startup_mspm0g350x_uvision.o(.text)
    ADC0_IRQHandler                          0x0000028f   Thumb Code     0  startup_mspm0g350x_uvision.o(.text)
    ADC1_IRQHandler                          0x0000028f   Thumb Code     0  startup_mspm0g350x_uvision.o(.text)
    AES_IRQHandler                           0x0000028f   Thumb Code     0  startup_mspm0g350x_uvision.o(.text)
    CANFD0_IRQHandler                        0x0000028f   Thumb Code     0  startup_mspm0g350x_uvision.o(.text)
    DAC0_IRQHandler                          0x0000028f   Thumb Code     0  startup_mspm0g350x_uvision.o(.text)
    DMA_IRQHandler                           0x0000028f   Thumb Code     0  startup_mspm0g350x_uvision.o(.text)
    Default_Handler                          0x0000028f   Thumb Code     2  startup_mspm0g350x_uvision.o(.text)
    GROUP0_IRQHandler                        0x0000028f   Thumb Code     0  startup_mspm0g350x_uvision.o(.text)
    I2C0_IRQHandler                          0x0000028f   Thumb Code     0  startup_mspm0g350x_uvision.o(.text)
    I2C1_IRQHandler                          0x0000028f   Thumb Code     0  startup_mspm0g350x_uvision.o(.text)
    RTC_IRQHandler                           0x0000028f   Thumb Code     0  startup_mspm0g350x_uvision.o(.text)
    SPI0_IRQHandler                          0x0000028f   Thumb Code     0  startup_mspm0g350x_uvision.o(.text)
    SPI1_IRQHandler                          0x0000028f   Thumb Code     0  startup_mspm0g350x_uvision.o(.text)
    __user_initial_stackheap                 0x00000291   Thumb Code    10  startup_mspm0g350x_uvision.o(.text)
    sprintf                                  0x000002b1   Thumb Code    40  sprintf.o(.text)
    strlen                                   0x000002dd   Thumb Code    62  strlen.o(.text)
    __aeabi_memcpy                           0x00000321   Thumb Code   130  rt_memcpy.o(.text)
    __rt_memcpy                              0x00000321   Thumb Code     0  rt_memcpy.o(.text)
    _memset_w                                0x000003a3   Thumb Code    26  rt_memclr.o(.text)
    _memset                                  0x000003bd   Thumb Code    30  rt_memclr.o(.text)
    __aeabi_memclr                           0x000003db   Thumb Code     4  rt_memclr.o(.text)
    __rt_memclr                              0x000003db   Thumb Code     0  rt_memclr.o(.text)
    __aeabi_memclr4                          0x000003df   Thumb Code     0  rt_memclr.o(.text)
    __aeabi_memclr8                          0x000003df   Thumb Code     0  rt_memclr.o(.text)
    __rt_memclr_w                            0x000003df   Thumb Code     4  rt_memclr.o(.text)
    __aeabi_uidiv                            0x000003e5   Thumb Code     0  aeabi_sdiv.o(.text)
    __aeabi_uidivmod                         0x000003e5   Thumb Code    20  aeabi_sdiv.o(.text)
    __aeabi_idiv                             0x000003f9   Thumb Code     0  aeabi_sdiv.o(.text)
    __aeabi_idivmod                          0x000003f9   Thumb Code   338  aeabi_sdiv.o(.text)
    __use_two_region_memory                  0x00000551   Thumb Code     2  heapauxi.o(.text)
    __rt_heap_escrow$2region                 0x00000553   Thumb Code     2  heapauxi.o(.text)
    __rt_heap_expand$2region                 0x00000555   Thumb Code     2  heapauxi.o(.text)
    __aeabi_dadd                             0x00000851   Thumb Code     0  daddsub.o(.text)
    _dadd                                    0x00000851   Thumb Code    26  daddsub.o(.text)
    __aeabi_dsub                             0x0000086b   Thumb Code     0  daddsub.o(.text)
    _dsub                                    0x0000086b   Thumb Code    22  daddsub.o(.text)
    __aeabi_drsub                            0x00000881   Thumb Code     0  daddsub.o(.text)
    _drsb                                    0x00000881   Thumb Code    28  daddsub.o(.text)
    __aeabi_ddiv                             0x000008b1   Thumb Code     0  ddiv.o(.text)
    _ddiv                                    0x000008b1   Thumb Code  1072  ddiv.o(.text)
    _drdiv                                   0x00000ce1   Thumb Code    20  ddiv.o(.text)
    __aeabi_d2iz                             0x00000cf9   Thumb Code     0  dfixi.o(.text)
    _dfix                                    0x00000cf9   Thumb Code    98  dfixi.o(.text)
    __aeabi_i2d_normalise                    0x00000d65   Thumb Code    66  dflti.o(.text)
    __aeabi_i2d                              0x00000da7   Thumb Code    16  dflti.o(.text)
    _dflt                                    0x00000da7   Thumb Code     0  dflti.o(.text)
    __aeabi_ui2d                             0x00000db7   Thumb Code     6  dflti.o(.text)
    _dfltu                                   0x00000db7   Thumb Code     0  dflti.o(.text)
    __aeabi_dmul                             0x00000dbd   Thumb Code     0  dmul.o(.text)
    _dmul                                    0x00000dbd   Thumb Code   558  dmul.o(.text)
    _printf_pre_padding                      0x00001005   Thumb Code    44  _printf_pad.o(.text)
    _printf_post_padding                     0x00001031   Thumb Code    34  _printf_pad.o(.text)
    _printf_truncate_signed                  0x00001053   Thumb Code    18  _printf_truncate.o(.text)
    _printf_truncate_unsigned                0x00001065   Thumb Code    18  _printf_truncate.o(.text)
    _printf_str                              0x00001077   Thumb Code    82  _printf_str.o(.text)
    _printf_int_dec                          0x000010c9   Thumb Code    90  _printf_dec.o(.text)
    _printf_charcount                        0x00001135   Thumb Code    38  _printf_charcount.o(.text)
    _printf_char_common                      0x00001167   Thumb Code    32  _printf_char_common.o(.text)
    _sputc                                   0x0000118d   Thumb Code    10  _sputc.o(.text)
    _printf_wctomb                           0x00001199   Thumb Code   182  _printf_wctomb.o(.text)
    _printf_longlong_dec                     0x00001255   Thumb Code    94  _printf_longlong_dec.o(.text)
    _printf_longlong_oct                     0x000012c5   Thumb Code    68  _printf_oct_int_ll.o(.text)
    _printf_int_oct                          0x00001309   Thumb Code    24  _printf_oct_int_ll.o(.text)
    _printf_ll_oct                           0x00001321   Thumb Code    10  _printf_oct_int_ll.o(.text)
    _printf_longlong_hex                     0x00001335   Thumb Code    88  _printf_hex_int_ll_ptr.o(.text)
    _printf_int_hex                          0x0000138d   Thumb Code    28  _printf_hex_int_ll_ptr.o(.text)
    _printf_ll_hex                           0x000013a9   Thumb Code    10  _printf_hex_int_ll_ptr.o(.text)
    _printf_hex_ptr                          0x000013b3   Thumb Code    22  _printf_hex_int_ll_ptr.o(.text)
    __printf                                 0x000013cd   Thumb Code   386  __printf_flags_ss_wp.o(.text)
    _ll_udiv10                               0x00001555   Thumb Code   122  lludiv10.o(.text)
    _printf_int_common                       0x000015cf   Thumb Code   176  _printf_intcommon.o(.text)
    _printf_fp_dec_real                      0x0000181d   Thumb Code   620  _printf_fp_dec.o(.text)
    _printf_fp_hex_real                      0x00001a95   Thumb Code   718  _printf_fp_hex.o(.text)
    _printf_cs_common                        0x00001d6d   Thumb Code    22  _printf_char.o(.text)
    _printf_char                             0x00001d83   Thumb Code    16  _printf_char.o(.text)
    _printf_string                           0x00001d93   Thumb Code     8  _printf_char.o(.text)
    _printf_lcs_common                       0x00001d9b   Thumb Code    22  _printf_wchar.o(.text)
    _printf_wchar                            0x00001db1   Thumb Code    16  _printf_wchar.o(.text)
    _printf_wstring                          0x00001dc1   Thumb Code     8  _printf_wchar.o(.text)
    _c16rtomb                                0x00001dc9   Thumb Code    66  _c16rtomb.o(.text)
    _wcrtomb                                 0x00001dc9   Thumb Code     0  _c16rtomb.o(.text)
    __rt_udiv10                              0x00001e0b   Thumb Code    40  rtudiv10.o(.text)
    __user_libspace                          0x00001e35   Thumb Code     8  libspace.o(.text)
    __user_perproc_libspace                  0x00001e35   Thumb Code     0  libspace.o(.text)
    __user_perthread_libspace                0x00001e35   Thumb Code     0  libspace.o(.text)
    __user_setup_stackheap                   0x00001e3d   Thumb Code    62  sys_stackheap_outer.o(.text)
    __rt_ctype_table                         0x00001e7d   Thumb Code    16  rt_ctype_table.o(.text)
    __rt_locale                              0x00001e8d   Thumb Code     8  rt_locale_intlibspace.o(.text)
    _printf_fp_infnan                        0x00001e95   Thumb Code   120  _printf_fp_infnan.o(.text)
    _btod_etento                             0x00001f1d   Thumb Code   210  bigflt0.o(.text)
    _btod_d2e                                0x00001ff5   Thumb Code    64  btod.o(.text)
    _btod_emul                               0x00002429   Thumb Code    28  btod.o(.text)
    _btod_emuld                              0x00002445   Thumb Code   144  btod.o(.text)
    _btod_ediv                               0x000024d5   Thumb Code    26  btod.o(.text)
    _btod_edivd                              0x000024ef   Thumb Code   124  btod.o(.text)
    exit                                     0x00002575   Thumb Code    16  exit.o(.text)
    strcmp                                   0x00002585   Thumb Code   132  strcmp.o(.text)
    __decompress                             0x0000260d   Thumb Code     0  __dczerorl2.o(.text)
    __decompress1                            0x0000260d   Thumb Code    86  __dczerorl2.o(.text)
    DL_Common_delayCycles                    0x00002689   Thumb Code    20  dl_common.o(.text.DL_Common_delayCycles)
    DL_SPI_init                              0x000028c9   Thumb Code    64  dl_spi.o(.text.DL_SPI_init)
    DL_SPI_setClockConfig                    0x0000294d   Thumb Code    32  dl_spi.o(.text.DL_SPI_setClockConfig)
    DL_SYSCTL_configSYSPLL                   0x000029a1   Thumb Code   212  ti_msp_dl_config.o(.text.DL_SYSCTL_configSYSPLL)
    DL_SYSCTL_setHFCLKSourceHFXTParams       0x00002b25   Thumb Code   160  ti_msp_dl_config.o(.text.DL_SYSCTL_setHFCLKSourceHFXTParams)
    DL_SYSCTL_setLFCLKSourceLFXT             0x00002bd5   Thumb Code    76  ti_msp_dl_config.o(.text.DL_SYSCTL_setLFCLKSourceLFXT)
    DL_SYSCTL_switchMCLKfromSYSOSCtoHSCLK    0x00002c79   Thumb Code    32  ti_msp_dl_config.o(.text.DL_SYSCTL_switchMCLKfromSYSOSCtoHSCLK)
    DL_UART_init                             0x00002d9d   Thumb Code    68  dl_uart.o(.text.DL_UART_init)
    DL_UART_setClockConfig                   0x00002e81   Thumb Code    32  dl_uart.o(.text.DL_UART_setClockConfig)
    DL_VREF_configReference                  0x00002ed9   Thumb Code    48  dl_vref.o(.text.DL_VREF_configReference)
    GROUP1_IRQHandler                        0x00002f61   Thumb Code   224  isr.o(.text.GROUP1_IRQHandler)
    Menu_Init                                0x000032d5   Thumb Code    46  menu.o(.text.Menu_Init)
    Menu_Process                             0x00003303   Thumb Code    16  menu.o(.text.Menu_Process)
    SYSCFG_DL_GPIO_init                      0x00003315   Thumb Code   120  ti_msp_dl_config.o(.text.SYSCFG_DL_GPIO_init)
    SYSCFG_DL_SYSCTL_init                    0x0000338d   Thumb Code    96  ti_msp_dl_config.o(.text.SYSCFG_DL_SYSCTL_init)
    SYSCFG_DL_SYSTICK_init                   0x000033f5   Thumb Code    14  ti_msp_dl_config.o(.text.SYSCFG_DL_SYSTICK_init)
    SYSCFG_DL_VREF_init                      0x00003405   Thumb Code    12  ti_msp_dl_config.o(.text.SYSCFG_DL_VREF_init)
    SYSCFG_DL_init                           0x00003415   Thumb Code    24  ti_msp_dl_config.o(.text.SYSCFG_DL_init)
    SYSCFG_DL_initPower                      0x0000342d   Thumb Code    56  ti_msp_dl_config.o(.text.SYSCFG_DL_initPower)
    TIMA0_IRQHandler                         0x00003471   Thumb Code    16  isr.o(.text.TIMA0_IRQHandler)
    TIMA1_IRQHandler                         0x00003481   Thumb Code    16  isr.o(.text.TIMA1_IRQHandler)
    TIMG0_IRQHandler                         0x00003491   Thumb Code    16  isr.o(.text.TIMG0_IRQHandler)
    TIMG12_IRQHandler                        0x000034a1   Thumb Code    16  isr.o(.text.TIMG12_IRQHandler)
    TIMG6_IRQHandler                         0x000034b1   Thumb Code    16  isr.o(.text.TIMG6_IRQHandler)
    TIMG7_IRQHandler                         0x000034c1   Thumb Code    16  isr.o(.text.TIMG7_IRQHandler)
    TIMG8_IRQHandler                         0x000034d1   Thumb Code    16  isr.o(.text.TIMG8_IRQHandler)
    Task1                                    0x000034e9   Thumb Code    20  menu.o(.text.Task1)
    Task2                                    0x00003501   Thumb Code    16  menu.o(.text.Task2)
    Task3                                    0x00003515   Thumb Code    16  menu.o(.text.Task3)
    Task4                                    0x00003529   Thumb Code    16  menu.o(.text.Task4)
    UART0_IRQHandler                         0x0000353d   Thumb Code    76  isr.o(.text.UART0_IRQHandler)
    UART1_IRQHandler                         0x00003591   Thumb Code    80  isr.o(.text.UART1_IRQHandler)
    UART2_IRQHandler                         0x000035ed   Thumb Code    72  isr.o(.text.UART2_IRQHandler)
    UART3_IRQHandler                         0x0000363d   Thumb Code    72  isr.o(.text.UART3_IRQHandler)
    _sys_exit                                0x0000377d   Thumb Code     8  zf_common_debug.o(.text._sys_exit)
    afio_init                                0x00003785   Thumb Code   328  zf_driver_gpio.o(.text.afio_init)
    clock_init                               0x000038dd   Thumb Code    26  zf_common_clock.o(.text.clock_init)
    debug_assert_handler                     0x00003a31   Thumb Code    92  zf_common_debug.o(.text.debug_assert_handler)
    debug_init                               0x00003ad9   Thumb Code    72  zf_common_debug.o(.text.debug_init)
    debug_interrupr_handler                  0x00003b31   Thumb Code    28  zf_common_debug.o(.text.debug_interrupr_handler)
    debug_output_init                        0x00003e99   Thumb Code    64  zf_common_debug.o(.text.debug_output_init)
    debug_output_struct_init                 0x00003ee1   Thumb Code    48  zf_common_debug.o(.text.debug_output_struct_init)
    fifo_init                                0x00003fdd   Thumb Code   136  zf_common_fifo.o(.text.fifo_init)
    fifo_write_buffer                        0x0000406d   Thumb Code   932  zf_common_fifo.o(.text.fifo_write_buffer)
    gpio_get_level                           0x00004415   Thumb Code    52  zf_driver_gpio.o(.text.gpio_get_level)
    gpio_init                                0x00004449   Thumb Code   424  zf_driver_gpio.o(.text.gpio_init)
    gpio_set_level                           0x00004611   Thumb Code   100  zf_driver_gpio.o(.text.gpio_set_level)
    interrupt_disable                        0x00004675   Thumb Code    22  zf_common_interrupt.o(.text.interrupt_disable)
    interrupt_enable                         0x0000468b   Thumb Code    22  zf_common_interrupt.o(.text.interrupt_enable)
    interrupt_global_disable                 0x000046a1   Thumb Code    28  zf_common_interrupt.o(.text.interrupt_global_disable)
    interrupt_init                           0x000046c1   Thumb Code     2  zf_common_interrupt.o(.text.interrupt_init)
    interrupt_set_priority                   0x000046c3   Thumb Code    30  zf_common_interrupt.o(.text.interrupt_set_priority)
    ips114_clear                             0x000046e1   Thumb Code   212  zf_device_ips114.o(.text.ips114_clear)
    ips114_init                              0x00004839   Thumb Code   740  zf_device_ips114.o(.text.ips114_init)
    ips114_set_color                         0x00004b39   Thumb Code    28  zf_device_ips114.o(.text.ips114_set_color)
    ips114_set_dir                           0x00004b5d   Thumb Code    64  zf_device_ips114.o(.text.ips114_set_dir)
    ips114_show_char                         0x00004d99   Thumb Code   676  zf_device_ips114.o(.text.ips114_show_char)
    ips114_show_string                       0x00005055   Thumb Code   208  zf_device_ips114.o(.text.ips114_show_string)
    key_get_state                            0x00005179   Thumb Code    20  zf_device_key.o(.text.key_get_state)
    key_init                                 0x0000518d   Thumb Code    92  zf_device_key.o(.text.key_init)
    key_scanner                              0x000051ed   Thumb Code   220  zf_device_key.o(.text.key_scanner)
    main                                     0x000052dd   Thumb Code    36  main.o(.text.main)
    spi_init                                 0x00005439   Thumb Code   600  zf_driver_spi.o(.text.spi_init)
    spi_write_16bit                          0x000056b9   Thumb Code    28  zf_driver_spi.o(.text.spi_write_16bit)
    spi_write_16bit_array                    0x000056d5   Thumb Code    64  zf_driver_spi.o(.text.spi_write_16bit_array)
    spi_write_8bit                           0x00005719   Thumb Code    28  zf_driver_spi.o(.text.spi_write_8bit)
    system_delay_init                        0x00005735   Thumb Code     2  zf_driver_delay.o(.text.system_delay_init)
    system_delay_ms                          0x00005739   Thumb Code    68  zf_driver_delay.o(.text.system_delay_ms)
    uart_init                                0x00005799   Thumb Code   336  zf_driver_uart.o(.text.uart_init)
    uart_query_byte                          0x00005901   Thumb Code    88  zf_driver_uart.o(.text.uart_query_byte)
    uart_set_interrupt_config                0x00005959   Thumb Code   384  zf_driver_uart.o(.text.uart_set_interrupt_config)
    uart_write_string                        0x00005ae1   Thumb Code    88  zf_driver_uart.o(.text.uart_write_string)
    __ARM_common_ll_muluu                    0x00005b41   Thumb Code    48  btod.o(i.__ARM_common_ll_muluu)
    __ARM_fpclassify                         0x00005b71   Thumb Code    40  fpclassify.o(i.__ARM_fpclassify)
    _is_digit                                0x00005b9d   Thumb Code    14  __printf_wp.o(i._is_digit)
    _get_lc_numeric                          0x00005bad   Thumb Code    44  lc_numeric_c.o(locale$$code)
    _get_lc_ctype                            0x00005bd9   Thumb Code    44  lc_ctype_c.o(locale$$code)
    _printf_fp_dec                           0x00005c05   Thumb Code    16  printf1.o(x$fpl$printf1)
    _printf_fp_hex                           0x00005c15   Thumb Code    16  printf2.o(x$fpl$printf2)
    __I$use$fp                               0x00005c24   Number         0  usenofp.o(x$fpl$usenofp)
    ascii_font_6x8                           0x00005dac   Data         552  zf_common_font.o(.rodata.ascii_font_6x8)
    ascii_font_8x16                          0x00005fd4   Data        1520  zf_common_font.o(.rodata.ascii_font_8x16)
    gpio_iomux_index                         0x000065fc   Data          60  zf_driver_gpio.o(.rodata.gpio_iomux_index)
    Region$$Table$$Base                      0x000067c0   Number         0  anon$$obj.o(Region$$Table)
    Region$$Table$$Limit                     0x000067e0   Number         0  anon$$obj.o(Region$$Table)
    __ctype                                  0x00006809   Data           0  lc_ctype_c.o(locale$$data)
    Main_Menu                                0x20200004   Data          48  menu.o(.data.Main_Menu)
    PID_Menu                                 0x20200034   Data          24  menu.o(.data.PID_Menu)
    Task_Menu                                0x2020004c   Data          96  menu.o(.data.Task_Menu)
    exti_callback_ptr_list                   0x202000ac   Data         128  zf_driver_exti.o(.data.exti_callback_ptr_list)
    gpio_group                               0x2020012c   Data           8  zf_driver_gpio.o(.data.gpio_group)
    ips114_height_max                        0x20200138   Data           2  zf_device_ips114.o(.data.ips114_height_max)
    ips114_width_max                         0x2020013c   Data           2  zf_device_ips114.o(.data.ips114_width_max)
    pit_callback_ptr_list                    0x20200140   Data          28  zf_driver_pit.o(.data.pit_callback_ptr_list)
    uart_callback_list                       0x20200164   Data          16  zf_driver_uart.o(.data.uart_callback_list)
    wireless_module_uart_handler             0x20200188   Data           4  zf_device_type.o(.data.wireless_module_uart_handler)
    __libspace_start                         0x20200190   Data          96  libspace.o(.bss)
    __temporary_stack_top$libspace           0x202001f0   Data           0  libspace.o(.bss)
    Menu_Button                              0x202001f9   Data           4  menu.o(.bss.Menu_Button)
    debug_uart_buffer                        0x20200214   Data          64  zf_common_debug.o(.bss.debug_uart_buffer)
    debug_uart_data                          0x20200254   Data           1  zf_common_debug.o(.bss.debug_uart_data)
    debug_uart_fifo                          0x20200255   Data          22  zf_common_debug.o(.bss.debug_uart_fifo)
    exti_callback_list                       0x2020026c   Data         128  zf_driver_exti.o(.bss.exti_callback_list)
    pit_callback_list                        0x20200308   Data          28  zf_driver_pit.o(.bss.pit_callback_list)
    uart_callback_ptr_list                   0x20200328   Data          16  zf_driver_uart.o(.bss.uart_callback_ptr_list)



==============================================================================

Memory Map of the image

  Image Entry point : 0x000000c1

  Load Region LR_IROM1 (Base: 0x00000000, Size: 0x00006aa0, Max: 0x00020000, ABSOLUTE, COMPRESSED[0x00006990])

    Execution Region ER_IROM1 (Exec base: 0x00000000, Load base: 0x00000000, Size: 0x0000690c, Max: 0x00020000, ABSOLUTE)

    Exec Addr    Load Addr    Size         Type   Attr      Idx    E Section Name        Object

    0x00000000   0x00000000   0x000000c0   Data   RO         1348    RESET               startup_mspm0g350x_uvision.o
    0x000000c0   0x000000c0   0x00000008   Code   RO         2693  * !!!main             c_p.l(__main.o)
    0x000000c8   0x000000c8   0x0000003c   Code   RO         3146    !!!scatter          c_p.l(__scatter.o)
    0x00000104   0x00000104   0x00000004   PAD
    0x00000108   0x00000108   0x0000001c   Code   RO         3148    !!handler_zi        c_p.l(__scatter_zi.o)
    0x00000124   0x00000124   0x00000002   Code   RO         2845    .ARM.Collect$$_printf_percent$$00000000  c_p.l(_printf_percent.o)
    0x00000126   0x00000126   0x0000000a   Code   RO         2834    .ARM.Collect$$_printf_percent$$00000001  c_p.l(_printf_n.o)
    0x00000130   0x00000130   0x0000000a   Code   RO         2836    .ARM.Collect$$_printf_percent$$00000002  c_p.l(_printf_p.o)
    0x0000013a   0x0000013a   0x0000000a   Code   RO         2841    .ARM.Collect$$_printf_percent$$00000003  c_p.l(_printf_f.o)
    0x00000144   0x00000144   0x0000000a   Code   RO         2842    .ARM.Collect$$_printf_percent$$00000004  c_p.l(_printf_e.o)
    0x0000014e   0x0000014e   0x0000000a   Code   RO         2843    .ARM.Collect$$_printf_percent$$00000005  c_p.l(_printf_g.o)
    0x00000158   0x00000158   0x0000000a   Code   RO         2844    .ARM.Collect$$_printf_percent$$00000006  c_p.l(_printf_a.o)
    0x00000162   0x00000162   0x0000000a   Code   RO         2849    .ARM.Collect$$_printf_percent$$00000007  c_p.l(_printf_ll.o)
    0x0000016c   0x0000016c   0x0000000a   Code   RO         2838    .ARM.Collect$$_printf_percent$$00000008  c_p.l(_printf_i.o)
    0x00000176   0x00000176   0x0000000a   Code   RO         2839    .ARM.Collect$$_printf_percent$$00000009  c_p.l(_printf_d.o)
    0x00000180   0x00000180   0x0000000a   Code   RO         2840    .ARM.Collect$$_printf_percent$$0000000A  c_p.l(_printf_u.o)
    0x0000018a   0x0000018a   0x0000000a   Code   RO         2837    .ARM.Collect$$_printf_percent$$0000000B  c_p.l(_printf_o.o)
    0x00000194   0x00000194   0x0000000a   Code   RO         2835    .ARM.Collect$$_printf_percent$$0000000C  c_p.l(_printf_x.o)
    0x0000019e   0x0000019e   0x0000000a   Code   RO         2846    .ARM.Collect$$_printf_percent$$0000000D  c_p.l(_printf_lli.o)
    0x000001a8   0x000001a8   0x0000000a   Code   RO         2847    .ARM.Collect$$_printf_percent$$0000000E  c_p.l(_printf_lld.o)
    0x000001b2   0x000001b2   0x0000000a   Code   RO         2848    .ARM.Collect$$_printf_percent$$0000000F  c_p.l(_printf_llu.o)
    0x000001bc   0x000001bc   0x0000000a   Code   RO         2853    .ARM.Collect$$_printf_percent$$00000010  c_p.l(_printf_llo.o)
    0x000001c6   0x000001c6   0x0000000a   Code   RO         2854    .ARM.Collect$$_printf_percent$$00000011  c_p.l(_printf_llx.o)
    0x000001d0   0x000001d0   0x0000000a   Code   RO         2850    .ARM.Collect$$_printf_percent$$00000012  c_p.l(_printf_l.o)
    0x000001da   0x000001da   0x0000000a   Code   RO         2832    .ARM.Collect$$_printf_percent$$00000013  c_p.l(_printf_c.o)
    0x000001e4   0x000001e4   0x0000000a   Code   RO         2833    .ARM.Collect$$_printf_percent$$00000014  c_p.l(_printf_s.o)
    0x000001ee   0x000001ee   0x0000000a   Code   RO         2851    .ARM.Collect$$_printf_percent$$00000015  c_p.l(_printf_lc.o)
    0x000001f8   0x000001f8   0x0000000a   Code   RO         2852    .ARM.Collect$$_printf_percent$$00000016  c_p.l(_printf_ls.o)
    0x00000202   0x00000202   0x00000004   Code   RO         2942    .ARM.Collect$$_printf_percent$$00000017  c_p.l(_printf_percent_end.o)
    0x00000206   0x00000206   0x00000002   Code   RO         2996    .ARM.Collect$$libinit$$00000000  c_p.l(libinit.o)
    0x00000208   0x00000208   0x00000000   Code   RO         3022    .ARM.Collect$$libinit$$00000002  c_p.l(libinit2.o)
    0x00000208   0x00000208   0x00000000   Code   RO         3024    .ARM.Collect$$libinit$$00000004  c_p.l(libinit2.o)
    0x00000208   0x00000208   0x00000000   Code   RO         3027    .ARM.Collect$$libinit$$0000000A  c_p.l(libinit2.o)
    0x00000208   0x00000208   0x00000000   Code   RO         3029    .ARM.Collect$$libinit$$0000000C  c_p.l(libinit2.o)
    0x00000208   0x00000208   0x00000000   Code   RO         3031    .ARM.Collect$$libinit$$0000000E  c_p.l(libinit2.o)
    0x00000208   0x00000208   0x00000006   Code   RO         3032    .ARM.Collect$$libinit$$0000000F  c_p.l(libinit2.o)
    0x0000020e   0x0000020e   0x00000000   Code   RO         3034    .ARM.Collect$$libinit$$00000011  c_p.l(libinit2.o)
    0x0000020e   0x0000020e   0x0000000c   Code   RO         3035    .ARM.Collect$$libinit$$00000012  c_p.l(libinit2.o)
    0x0000021a   0x0000021a   0x00000000   Code   RO         3036    .ARM.Collect$$libinit$$00000013  c_p.l(libinit2.o)
    0x0000021a   0x0000021a   0x00000000   Code   RO         3038    .ARM.Collect$$libinit$$00000015  c_p.l(libinit2.o)
    0x0000021a   0x0000021a   0x0000000a   Code   RO         3039    .ARM.Collect$$libinit$$00000016  c_p.l(libinit2.o)
    0x00000224   0x00000224   0x00000000   Code   RO         3040    .ARM.Collect$$libinit$$00000017  c_p.l(libinit2.o)
    0x00000224   0x00000224   0x00000000   Code   RO         3042    .ARM.Collect$$libinit$$00000019  c_p.l(libinit2.o)
    0x00000224   0x00000224   0x00000000   Code   RO         3044    .ARM.Collect$$libinit$$0000001B  c_p.l(libinit2.o)
    0x00000224   0x00000224   0x00000000   Code   RO         3046    .ARM.Collect$$libinit$$0000001D  c_p.l(libinit2.o)
    0x00000224   0x00000224   0x00000000   Code   RO         3048    .ARM.Collect$$libinit$$0000001F  c_p.l(libinit2.o)
    0x00000224   0x00000224   0x00000000   Code   RO         3050    .ARM.Collect$$libinit$$00000021  c_p.l(libinit2.o)
    0x00000224   0x00000224   0x00000000   Code   RO         3052    .ARM.Collect$$libinit$$00000023  c_p.l(libinit2.o)
    0x00000224   0x00000224   0x00000000   Code   RO         3054    .ARM.Collect$$libinit$$00000025  c_p.l(libinit2.o)
    0x00000224   0x00000224   0x00000000   Code   RO         3058    .ARM.Collect$$libinit$$0000002C  c_p.l(libinit2.o)
    0x00000224   0x00000224   0x00000000   Code   RO         3060    .ARM.Collect$$libinit$$0000002E  c_p.l(libinit2.o)
    0x00000224   0x00000224   0x00000000   Code   RO         3062    .ARM.Collect$$libinit$$00000030  c_p.l(libinit2.o)
    0x00000224   0x00000224   0x00000000   Code   RO         3064    .ARM.Collect$$libinit$$00000032  c_p.l(libinit2.o)
    0x00000224   0x00000224   0x00000002   Code   RO         3065    .ARM.Collect$$libinit$$00000033  c_p.l(libinit2.o)
    0x00000226   0x00000226   0x00000002   Code   RO         3097    .ARM.Collect$$libshutdown$$00000000  c_p.l(libshutdown.o)
    0x00000228   0x00000228   0x00000000   Code   RO         3128    .ARM.Collect$$libshutdown$$00000002  c_p.l(libshutdown2.o)
    0x00000228   0x00000228   0x00000000   Code   RO         3130    .ARM.Collect$$libshutdown$$00000004  c_p.l(libshutdown2.o)
    0x00000228   0x00000228   0x00000000   Code   RO         3133    .ARM.Collect$$libshutdown$$00000007  c_p.l(libshutdown2.o)
    0x00000228   0x00000228   0x00000000   Code   RO         3136    .ARM.Collect$$libshutdown$$0000000A  c_p.l(libshutdown2.o)
    0x00000228   0x00000228   0x00000000   Code   RO         3138    .ARM.Collect$$libshutdown$$0000000C  c_p.l(libshutdown2.o)
    0x00000228   0x00000228   0x00000000   Code   RO         3141    .ARM.Collect$$libshutdown$$0000000F  c_p.l(libshutdown2.o)
    0x00000228   0x00000228   0x00000002   Code   RO         3142    .ARM.Collect$$libshutdown$$00000010  c_p.l(libshutdown2.o)
    0x0000022a   0x0000022a   0x00000000   Code   RO         2755    .ARM.Collect$$rtentry$$00000000  c_p.l(__rtentry.o)
    0x0000022a   0x0000022a   0x00000000   Code   RO         2904    .ARM.Collect$$rtentry$$00000002  c_p.l(__rtentry2.o)
    0x0000022a   0x0000022a   0x00000006   Code   RO         2916    .ARM.Collect$$rtentry$$00000004  c_p.l(__rtentry4.o)
    0x00000230   0x00000230   0x00000000   Code   RO         2906    .ARM.Collect$$rtentry$$00000009  c_p.l(__rtentry2.o)
    0x00000230   0x00000230   0x00000004   Code   RO         2907    .ARM.Collect$$rtentry$$0000000A  c_p.l(__rtentry2.o)
    0x00000234   0x00000234   0x00000000   Code   RO         2909    .ARM.Collect$$rtentry$$0000000C  c_p.l(__rtentry2.o)
    0x00000234   0x00000234   0x00000008   Code   RO         2910    .ARM.Collect$$rtentry$$0000000D  c_p.l(__rtentry2.o)
    0x0000023c   0x0000023c   0x00000002   Code   RO         3006    .ARM.Collect$$rtexit$$00000000  c_p.l(rtexit.o)
    0x0000023e   0x0000023e   0x00000000   Code   RO         3069    .ARM.Collect$$rtexit$$00000002  c_p.l(rtexit2.o)
    0x0000023e   0x0000023e   0x00000004   Code   RO         3070    .ARM.Collect$$rtexit$$00000003  c_p.l(rtexit2.o)
    0x00000242   0x00000242   0x00000006   Code   RO         3071    .ARM.Collect$$rtexit$$00000004  c_p.l(rtexit2.o)
    0x00000248   0x00000248   0x00000038   Code   RO         2677    .emb_text           c_p.l(rt_memcpy.o)
    0x00000280   0x00000280   0x00000030   Code   RO         1349    .text               startup_mspm0g350x_uvision.o
    0x000002b0   0x000002b0   0x0000002c   Code   RO         2665    .text               c_p.l(sprintf.o)
    0x000002dc   0x000002dc   0x00000044   Code   RO         2675    .text               c_p.l(strlen.o)
    0x00000320   0x00000320   0x00000082   Code   RO         2678    .text               c_p.l(rt_memcpy.o)
    0x000003a2   0x000003a2   0x00000040   Code   RO         2685    .text               c_p.l(rt_memclr.o)
    0x000003e2   0x000003e2   0x00000002   PAD
    0x000003e4   0x000003e4   0x0000016c   Code   RO         2687    .text               c_p.l(aeabi_sdiv.o)
    0x00000550   0x00000550   0x00000006   Code   RO         2691    .text               c_p.l(heapauxi.o)
    0x00000556   0x00000556   0x00000002   PAD
    0x00000558   0x00000558   0x00000358   Code   RO         2695    .text               fz_ps.l(daddsub.o)
    0x000008b0   0x000008b0   0x00000448   Code   RO         2709    .text               fz_ps.l(ddiv.o)
    0x00000cf8   0x00000cf8   0x0000006c   Code   RO         2712    .text               fz_ps.l(dfixi.o)
    0x00000d64   0x00000d64   0x00000058   Code   RO         2716    .text               fz_ps.l(dflti.o)
    0x00000dbc   0x00000dbc   0x00000248   Code   RO         2718    .text               fz_ps.l(dmul.o)
    0x00001004   0x00001004   0x0000004e   Code   RO         2764    .text               c_p.l(_printf_pad.o)
    0x00001052   0x00001052   0x00000024   Code   RO         2766    .text               c_p.l(_printf_truncate.o)
    0x00001076   0x00001076   0x00000052   Code   RO         2768    .text               c_p.l(_printf_str.o)
    0x000010c8   0x000010c8   0x0000006c   Code   RO         2770    .text               c_p.l(_printf_dec.o)
    0x00001134   0x00001134   0x00000026   Code   RO         2772    .text               c_p.l(_printf_charcount.o)
    0x0000115a   0x0000115a   0x00000002   PAD
    0x0000115c   0x0000115c   0x00000030   Code   RO         2774    .text               c_p.l(_printf_char_common.o)
    0x0000118c   0x0000118c   0x0000000a   Code   RO         2776    .text               c_p.l(_sputc.o)
    0x00001196   0x00001196   0x00000002   PAD
    0x00001198   0x00001198   0x000000bc   Code   RO         2780    .text               c_p.l(_printf_wctomb.o)
    0x00001254   0x00001254   0x00000070   Code   RO         2783    .text               c_p.l(_printf_longlong_dec.o)
    0x000012c4   0x000012c4   0x00000070   Code   RO         2789    .text               c_p.l(_printf_oct_int_ll.o)
    0x00001334   0x00001334   0x00000098   Code   RO         2809    .text               c_p.l(_printf_hex_int_ll_ptr.o)
    0x000013cc   0x000013cc   0x00000188   Code   RO         2829    .text               c_p.l(__printf_flags_ss_wp.o)
    0x00001554   0x00001554   0x0000007a   Code   RO         2925    .text               c_p.l(lludiv10.o)
    0x000015ce   0x000015ce   0x000000b0   Code   RO         2927    .text               c_p.l(_printf_intcommon.o)
    0x0000167e   0x0000167e   0x00000002   PAD
    0x00001680   0x00001680   0x00000414   Code   RO         2929    .text               c_p.l(_printf_fp_dec.o)
    0x00001a94   0x00001a94   0x000002d8   Code   RO         2933    .text               c_p.l(_printf_fp_hex.o)
    0x00001d6c   0x00001d6c   0x0000002e   Code   RO         2938    .text               c_p.l(_printf_char.o)
    0x00001d9a   0x00001d9a   0x0000002e   Code   RO         2940    .text               c_p.l(_printf_wchar.o)
    0x00001dc8   0x00001dc8   0x00000042   Code   RO         2943    .text               c_p.l(_c16rtomb.o)
    0x00001e0a   0x00001e0a   0x00000028   Code   RO         2945    .text               c_p.l(rtudiv10.o)
    0x00001e32   0x00001e32   0x00000002   PAD
    0x00001e34   0x00001e34   0x00000008   Code   RO         2957    .text               c_p.l(libspace.o)
    0x00001e3c   0x00001e3c   0x0000003e   Code   RO         2960    .text               c_p.l(sys_stackheap_outer.o)
    0x00001e7a   0x00001e7a   0x00000002   PAD
    0x00001e7c   0x00001e7c   0x00000010   Code   RO         2963    .text               c_p.l(rt_ctype_table.o)
    0x00001e8c   0x00001e8c   0x00000008   Code   RO         2968    .text               c_p.l(rt_locale_intlibspace.o)
    0x00001e94   0x00001e94   0x00000088   Code   RO         2970    .text               c_p.l(_printf_fp_infnan.o)
    0x00001f1c   0x00001f1c   0x000000d8   Code   RO         2972    .text               c_p.l(bigflt0.o)
    0x00001ff4   0x00001ff4   0x00000580   Code   RO         2975    .text               c_p.l(btod.o)
    0x00002574   0x00002574   0x00000010   Code   RO         2985    .text               c_p.l(exit.o)
    0x00002584   0x00002584   0x00000088   Code   RO         3019    .text               c_p.l(strcmp.o)
    0x0000260c   0x0000260c   0x00000056   Code   RO         3144    .text               c_p.l(__dczerorl2.o)
    0x00002662   0x00002662   0x00000002   PAD
    0x00002664   0x00002664   0x00000014   Code   RO           68    .text.DL_ADC12_enablePower  zf_common_clock.o
    0x00002678   0x00002678   0x00000010   Code   RO           66    .text.DL_ADC12_reset  zf_common_clock.o
    0x00002688   0x00002688   0x00000014   Code   RO         1491    .text.DL_Common_delayCycles  dl_common.o
    0x0000269c   0x0000269c   0x00000028   Code   RO          517    .text.DL_Common_updateReg  zf_driver_spi.o
    0x000026c4   0x000026c4   0x00000028   Code   RO          590    .text.DL_Common_updateReg  zf_driver_uart.o
    0x000026ec   0x000026ec   0x00000028   Code   RO         1426    .text.DL_Common_updateReg  ti_msp_dl_config.o
    0x00002714   0x00002714   0x00000028   Code   RO         2295    .text.DL_Common_updateReg  dl_spi.o
    0x0000273c   0x0000273c   0x00000028   Code   RO         2501    .text.DL_Common_updateReg  dl_uart.o
    0x00002764   0x00002764   0x0000001c   Code   RO         1388    .text.DL_GPIO_clearInterruptStatus  ti_msp_dl_config.o
    0x00002780   0x00002780   0x00000014   Code   RO         1382    .text.DL_GPIO_clearPins  ti_msp_dl_config.o
    0x00002794   0x00002794   0x0000001c   Code   RO         1390    .text.DL_GPIO_enableInterrupt  ti_msp_dl_config.o
    0x000027b0   0x000027b0   0x00000018   Code   RO         1384    .text.DL_GPIO_enableOutput  ti_msp_dl_config.o
    0x000027c8   0x000027c8   0x00000014   Code   RO           52    .text.DL_GPIO_enablePower  zf_common_clock.o
    0x000027dc   0x000027dc   0x00000014   Code   RO         1372    .text.DL_GPIO_enablePower  ti_msp_dl_config.o
    0x000027f0   0x000027f0   0x00000030   Code   RO         1380    .text.DL_GPIO_initDigitalInputFeatures  ti_msp_dl_config.o
    0x00002820   0x00002820   0x0000002c   Code   RO         1378    .text.DL_GPIO_initDigitalOutputFeatures  ti_msp_dl_config.o
    0x0000284c   0x0000284c   0x00000018   Code   RO         1376    .text.DL_GPIO_initPeripheralAnalogFunction  ti_msp_dl_config.o
    0x00002864   0x00002864   0x00000010   Code   RO           50    .text.DL_GPIO_reset  zf_common_clock.o
    0x00002874   0x00002874   0x00000010   Code   RO         1368    .text.DL_GPIO_reset  ti_msp_dl_config.o
    0x00002884   0x00002884   0x00000018   Code   RO         1386    .text.DL_GPIO_setUpperPinsPolarity  ti_msp_dl_config.o
    0x0000289c   0x0000289c   0x00000014   Code   RO          515    .text.DL_SPI_enable  zf_driver_spi.o
    0x000028b0   0x000028b0   0x00000018   Code   RO           64    .text.DL_SPI_enablePower  zf_common_clock.o
    0x000028c8   0x000028c8   0x00000048   Code   RO         2293    .text.DL_SPI_init   dl_spi.o
    0x00002910   0x00002910   0x00000018   Code   RO           62    .text.DL_SPI_reset  zf_common_clock.o
    0x00002928   0x00002928   0x00000024   Code   RO          511    .text.DL_SPI_setBitRateSerialClockDivider  zf_driver_spi.o
    0x0000294c   0x0000294c   0x00000024   Code   RO         2297    .text.DL_SPI_setClockConfig  dl_spi.o
    0x00002970   0x00002970   0x00000030   Code   RO          513    .text.DL_SPI_setFIFOThreshold  zf_driver_spi.o
    0x000029a0   0x000029a0   0x000000ec   Code   RO         1394    .text.DL_SYSCTL_configSYSPLL  ti_msp_dl_config.o
    0x00002a8c   0x00002a8c   0x0000000c   Code   RO         1408    .text.DL_SYSCTL_disableHFXT  ti_msp_dl_config.o
    0x00002a98   0x00002a98   0x00000010   Code   RO         1410    .text.DL_SYSCTL_disableSYSPLL  ti_msp_dl_config.o
    0x00002aa8   0x00002aa8   0x00000010   Code   RO         1416    .text.DL_SYSCTL_enableMFCLK  ti_msp_dl_config.o
    0x00002ab8   0x00002ab8   0x00000010   Code   RO         1418    .text.DL_SYSCTL_enableMFPCLK  ti_msp_dl_config.o
    0x00002ac8   0x00002ac8   0x0000000c   Code   RO         1396    .text.DL_SYSCTL_getClockStatus  ti_msp_dl_config.o
    0x00002ad4   0x00002ad4   0x00000018   Code   RO         1402    .text.DL_SYSCTL_setBORThreshold  ti_msp_dl_config.o
    0x00002aec   0x00002aec   0x0000001c   Code   RO         1404    .text.DL_SYSCTL_setFlashWaitState  ti_msp_dl_config.o
    0x00002b08   0x00002b08   0x0000001c   Code   RO         1414    .text.DL_SYSCTL_setHFCLKDividerForMFPCLK  ti_msp_dl_config.o
    0x00002b24   0x00002b24   0x000000b0   Code   RO         1392    .text.DL_SYSCTL_setHFCLKSourceHFXTParams  ti_msp_dl_config.o
    0x00002bd4   0x00002bd4   0x00000050   Code   RO         1398    .text.DL_SYSCTL_setLFCLKSourceLFXT  ti_msp_dl_config.o
    0x00002c24   0x00002c24   0x00000020   Code   RO         1420    .text.DL_SYSCTL_setMFPCLKSource  ti_msp_dl_config.o
    0x00002c44   0x00002c44   0x0000001c   Code   RO         1406    .text.DL_SYSCTL_setSYSOSCFreq  ti_msp_dl_config.o
    0x00002c60   0x00002c60   0x00000018   Code   RO         1412    .text.DL_SYSCTL_setULPCLKDivider  ti_msp_dl_config.o
    0x00002c78   0x00002c78   0x00000028   Code   RO         1400    .text.DL_SYSCTL_switchMCLKfromSYSOSCtoHSCLK  ti_msp_dl_config.o
    0x00002ca0   0x00002ca0   0x0000000c   Code   RO         1424    .text.DL_SYSTICK_enable  ti_msp_dl_config.o
    0x00002cac   0x00002cac   0x00000028   Code   RO         1422    .text.DL_SYSTICK_init  ti_msp_dl_config.o
    0x00002cd4   0x00002cd4   0x00000014   Code   RO           56    .text.DL_Timer_enablePower  zf_common_clock.o
    0x00002ce8   0x00002ce8   0x00000010   Code   RO           54    .text.DL_Timer_reset  zf_common_clock.o
    0x00002cf8   0x00002cf8   0x00000018   Code   RO           29    .text.DL_UART_clearInterruptStatus  isr.o
    0x00002d10   0x00002d10   0x00000016   Code   RO         2499    .text.DL_UART_disable  dl_uart.o
    0x00002d26   0x00002d26   0x00000002   PAD
    0x00002d28   0x00002d28   0x00000018   Code   RO          578    .text.DL_UART_disableInterrupt  zf_driver_uart.o
    0x00002d40   0x00002d40   0x00000016   Code   RO          588    .text.DL_UART_enable  zf_driver_uart.o
    0x00002d56   0x00002d56   0x00000002   PAD
    0x00002d58   0x00002d58   0x0000001c   Code   RO          580    .text.DL_UART_enableInterrupt  zf_driver_uart.o
    0x00002d74   0x00002d74   0x00000014   Code   RO           60    .text.DL_UART_enablePower  zf_common_clock.o
    0x00002d88   0x00002d88   0x00000012   Code   RO           27    .text.DL_UART_getPendingInterrupt  isr.o
    0x00002d9a   0x00002d9a   0x00000002   PAD
    0x00002d9c   0x00002d9c   0x00000048   Code   RO         2497    .text.DL_UART_init  dl_uart.o
    0x00002de4   0x00002de4   0x00000014   Code   RO          558    .text.DL_UART_isBusy  zf_driver_uart.o
    0x00002df8   0x00002df8   0x00000014   Code   RO          568    .text.DL_UART_isRXFIFOEmpty  zf_driver_uart.o
    0x00002e0c   0x00002e0c   0x00000014   Code   RO          570    .text.DL_UART_receiveData  zf_driver_uart.o
    0x00002e20   0x00002e20   0x00000014   Code   RO           58    .text.DL_UART_reset  zf_common_clock.o
    0x00002e34   0x00002e34   0x0000004c   Code   RO          586    .text.DL_UART_setBaudRateDivisor  zf_driver_uart.o
    0x00002e80   0x00002e80   0x00000024   Code   RO         2503    .text.DL_UART_setClockConfig  dl_uart.o
    0x00002ea4   0x00002ea4   0x0000001e   Code   RO          584    .text.DL_UART_setOversampling  zf_driver_uart.o
    0x00002ec2   0x00002ec2   0x00000016   Code   RO          560    .text.DL_UART_transmitData  zf_driver_uart.o
    0x00002ed8   0x00002ed8   0x00000034   Code   RO         2554    .text.DL_VREF_configReference  dl_vref.o
    0x00002f0c   0x00002f0c   0x00000014   Code   RO           72    .text.DL_VREF_enablePower  zf_common_clock.o
    0x00002f20   0x00002f20   0x00000018   Code   RO         1374    .text.DL_VREF_enablePower  ti_msp_dl_config.o
    0x00002f38   0x00002f38   0x00000010   Code   RO           70    .text.DL_VREF_reset  zf_common_clock.o
    0x00002f48   0x00002f48   0x00000018   Code   RO         1370    .text.DL_VREF_reset  ti_msp_dl_config.o
    0x00002f60   0x00002f60   0x000000f0   Code   RO           37    .text.GROUP1_IRQHandler  isr.o
    0x00003050   0x00003050   0x0000014c   Code   RO         2580    .text.Menu_Behaviour  menu.o
    0x0000319c   0x0000319c   0x00000050   Code   RO         2578    .text.Menu_Button_Interface  menu.o
    0x000031ec   0x000031ec   0x000000e8   Code   RO         2582    .text.Menu_Display  menu.o
    0x000032d4   0x000032d4   0x0000002e   Code   RO         2584    .text.Menu_Init     menu.o
    0x00003302   0x00003302   0x00000010   Code   RO         2576    .text.Menu_Process  menu.o
    0x00003312   0x00003312   0x00000002   PAD
    0x00003314   0x00003314   0x00000078   Code   RO         1360    .text.SYSCFG_DL_GPIO_init  ti_msp_dl_config.o
    0x0000338c   0x0000338c   0x00000068   Code   RO         1362    .text.SYSCFG_DL_SYSCTL_init  ti_msp_dl_config.o
    0x000033f4   0x000033f4   0x0000000e   Code   RO         1366    .text.SYSCFG_DL_SYSTICK_init  ti_msp_dl_config.o
    0x00003402   0x00003402   0x00000002   PAD
    0x00003404   0x00003404   0x00000010   Code   RO         1364    .text.SYSCFG_DL_VREF_init  ti_msp_dl_config.o
    0x00003414   0x00003414   0x00000018   Code   RO         1356    .text.SYSCFG_DL_init  ti_msp_dl_config.o
    0x0000342c   0x0000342c   0x00000044   Code   RO         1358    .text.SYSCFG_DL_initPower  ti_msp_dl_config.o
    0x00003470   0x00003470   0x00000010   Code   RO           11    .text.TIMA0_IRQHandler  isr.o
    0x00003480   0x00003480   0x00000010   Code   RO           13    .text.TIMA1_IRQHandler  isr.o
    0x00003490   0x00003490   0x00000010   Code   RO           15    .text.TIMG0_IRQHandler  isr.o
    0x000034a0   0x000034a0   0x00000010   Code   RO           23    .text.TIMG12_IRQHandler  isr.o
    0x000034b0   0x000034b0   0x00000010   Code   RO           17    .text.TIMG6_IRQHandler  isr.o
    0x000034c0   0x000034c0   0x00000010   Code   RO           19    .text.TIMG7_IRQHandler  isr.o
    0x000034d0   0x000034d0   0x00000018   Code   RO           21    .text.TIMG8_IRQHandler  isr.o
    0x000034e8   0x000034e8   0x00000018   Code   RO         2568    .text.Task1         menu.o
    0x00003500   0x00003500   0x00000014   Code   RO         2570    .text.Task2         menu.o
    0x00003514   0x00003514   0x00000014   Code   RO         2572    .text.Task3         menu.o
    0x00003528   0x00003528   0x00000014   Code   RO         2574    .text.Task4         menu.o
    0x0000353c   0x0000353c   0x00000054   Code   RO           25    .text.UART0_IRQHandler  isr.o
    0x00003590   0x00003590   0x0000005c   Code   RO           31    .text.UART1_IRQHandler  isr.o
    0x000035ec   0x000035ec   0x00000050   Code   RO           33    .text.UART2_IRQHandler  isr.o
    0x0000363c   0x0000363c   0x00000058   Code   RO           35    .text.UART3_IRQHandler  isr.o
    0x00003694   0x00003694   0x00000034   Code   RO          222    .text.__NVIC_DisableIRQ  zf_common_interrupt.o
    0x000036c8   0x000036c8   0x0000002c   Code   RO          218    .text.__NVIC_EnableIRQ  zf_common_interrupt.o
    0x000036f4   0x000036f4   0x00000088   Code   RO          226    .text.__NVIC_SetPriority  zf_common_interrupt.o
    0x0000377c   0x0000377c   0x00000008   Code   RO           89    .text._sys_exit     zf_common_debug.o
    0x00003784   0x00003784   0x00000158   Code   RO          356    .text.afio_init     zf_driver_gpio.o
    0x000038dc   0x000038dc   0x0000001a   Code   RO           46    .text.clock_init    zf_common_clock.o
    0x000038f6   0x000038f6   0x00000002   PAD
    0x000038f8   0x000038f8   0x00000138   Code   RO           48    .text.clock_reset   zf_common_clock.o
    0x00003a30   0x00003a30   0x00000068   Code   RO           99    .text.debug_assert_handler  zf_common_debug.o
    0x00003a98   0x00003a98   0x0000003e   Code   RO          105    .text.debug_delay   zf_common_debug.o
    0x00003ad6   0x00003ad6   0x00000002   PAD
    0x00003ad8   0x00003ad8   0x00000058   Code   RO          113    .text.debug_init    zf_common_debug.o
    0x00003b30   0x00003b30   0x00000024   Code   RO           87    .text.debug_interrupr_handler  zf_common_debug.o
    0x00003b54   0x00003b54   0x00000344   Code   RO          103    .text.debug_output  zf_common_debug.o
    0x00003e98   0x00003e98   0x00000048   Code   RO          111    .text.debug_output_init  zf_common_debug.o
    0x00003ee0   0x00003ee0   0x00000034   Code   RO          109    .text.debug_output_struct_init  zf_common_debug.o
    0x00003f14   0x00003f14   0x00000002   Code   RO          101    .text.debug_protective_handler  zf_common_debug.o
    0x00003f16   0x00003f16   0x00000012   Code   RO          115    .text.debug_uart_str_output  zf_common_debug.o
    0x00003f28   0x00003f28   0x0000000a   Code   RO          329    .text.exti_callbakc_defalut  zf_driver_exti.o
    0x00003f32   0x00003f32   0x000000a8   Code   RO          139    .text.fifo_head_offset  zf_common_fifo.o
    0x00003fda   0x00003fda   0x00000002   PAD
    0x00003fdc   0x00003fdc   0x00000090   Code   RO          151    .text.fifo_init     zf_common_fifo.o
    0x0000406c   0x0000406c   0x000003a8   Code   RO          141    .text.fifo_write_buffer  zf_common_fifo.o
    0x00004414   0x00004414   0x00000034   Code   RO          348    .text.gpio_get_level  zf_driver_gpio.o
    0x00004448   0x00004448   0x000001c8   Code   RO          354    .text.gpio_init     zf_driver_gpio.o
    0x00004610   0x00004610   0x00000064   Code   RO          346    .text.gpio_set_level  zf_driver_gpio.o
    0x00004674   0x00004674   0x00000016   Code   RO          220    .text.interrupt_disable  zf_common_interrupt.o
    0x0000468a   0x0000468a   0x00000016   Code   RO          216    .text.interrupt_enable  zf_common_interrupt.o
    0x000046a0   0x000046a0   0x00000020   Code   RO          214    .text.interrupt_global_disable  zf_common_interrupt.o
    0x000046c0   0x000046c0   0x00000002   Code   RO          228    .text.interrupt_init  zf_common_interrupt.o
    0x000046c2   0x000046c2   0x0000001e   Code   RO          224    .text.interrupt_set_priority  zf_common_interrupt.o
    0x000046e0   0x000046e0   0x000000dc   Code   RO          819    .text.ips114_clear  zf_device_ips114.o
    0x000047bc   0x000047bc   0x0000007c   Code   RO          859    .text.ips114_debug_init  zf_device_ips114.o
    0x00004838   0x00004838   0x00000300   Code   RO          855    .text.ips114_init   zf_device_ips114.o
    0x00004b38   0x00004b38   0x00000024   Code   RO          829    .text.ips114_set_color  zf_device_ips114.o
    0x00004b5c   0x00004b5c   0x0000004c   Code   RO          825    .text.ips114_set_dir  zf_device_ips114.o
    0x00004ba8   0x00004ba8   0x000001f0   Code   RO          821    .text.ips114_set_region  zf_device_ips114.o
    0x00004d98   0x00004d98   0x000002bc   Code   RO          835    .text.ips114_show_char  zf_device_ips114.o
    0x00005054   0x00005054   0x000000e4   Code   RO          837    .text.ips114_show_string  zf_device_ips114.o
    0x00005138   0x00005138   0x00000040   Code   RO          857    .text.ips114_write_index  zf_device_ips114.o
    0x00005178   0x00005178   0x00000014   Code   RO         1327    .text.key_get_state  zf_device_key.o
    0x0000518c   0x0000518c   0x00000060   Code   RO         1333    .text.key_init      zf_device_key.o
    0x000051ec   0x000051ec   0x000000f0   Code   RO         1325    .text.key_scanner   zf_device_key.o
    0x000052dc   0x000052dc   0x00000024   Code   RO            2    .text.main          main.o
    0x00005300   0x00005300   0x0000000a   Code   RO          368    .text.pit_callbakc_defalut  zf_driver_pit.o
    0x0000530a   0x0000530a   0x00000002   PAD
    0x0000530c   0x0000530c   0x000000b4   Code   RO          477    .text.spi_16bit_data_handler  zf_driver_spi.o
    0x000053c0   0x000053c0   0x00000078   Code   RO          471    .text.spi_8bit_data_handler  zf_driver_spi.o
    0x00005438   0x00005438   0x00000280   Code   RO          509    .text.spi_init      zf_driver_spi.o
    0x000056b8   0x000056b8   0x0000001c   Code   RO          475    .text.spi_write_16bit  zf_driver_spi.o
    0x000056d4   0x000056d4   0x00000044   Code   RO          479    .text.spi_write_16bit_array  zf_driver_spi.o
    0x00005718   0x00005718   0x0000001c   Code   RO          469    .text.spi_write_8bit  zf_driver_spi.o
    0x00005734   0x00005734   0x00000002   Code   RO          320    .text.system_delay_init  zf_driver_delay.o
    0x00005736   0x00005736   0x00000002   PAD
    0x00005738   0x00005738   0x00000054   Code   RO          316    .text.system_delay_ms  zf_driver_delay.o
    0x0000578c   0x0000578c   0x00000002   Code   RO         1150    .text.type_default_callback  zf_device_type.o
    0x0000578e   0x0000578e   0x0000000a   Code   RO          554    .text.uart_callbakc_defalut  zf_driver_uart.o
    0x00005798   0x00005798   0x00000168   Code   RO          582    .text.uart_init     zf_driver_uart.o
    0x00005900   0x00005900   0x00000058   Code   RO          572    .text.uart_query_byte  zf_driver_uart.o
    0x00005958   0x00005958   0x00000188   Code   RO          576    .text.uart_set_interrupt_config  zf_driver_uart.o
    0x00005ae0   0x00005ae0   0x00000060   Code   RO          564    .text.uart_write_string  zf_driver_uart.o
    0x00005b40   0x00005b40   0x00000030   Code   RO         2978    i.__ARM_common_ll_muluu  c_p.l(btod.o)
    0x00005b70   0x00005b70   0x0000002c   Code   RO         2953    i.__ARM_fpclassify  m_ps.l(fpclassify.o)
    0x00005b9c   0x00005b9c   0x0000000e   Code   RO         2822    i._is_digit         c_p.l(__printf_wp.o)
    0x00005baa   0x00005baa   0x00000002   PAD
    0x00005bac   0x00005bac   0x0000002c   Code   RO         2983    locale$$code        c_p.l(lc_numeric_c.o)
    0x00005bd8   0x00005bd8   0x0000002c   Code   RO         3013    locale$$code        c_p.l(lc_ctype_c.o)
    0x00005c04   0x00005c04   0x00000010   Code   RO         2867    x$fpl$printf1       fz_ps.l(printf1.o)
    0x00005c14   0x00005c14   0x00000010   Code   RO         2869    x$fpl$printf2       fz_ps.l(printf2.o)
    0x00005c24   0x00005c24   0x00000000   Code   RO         2875    x$fpl$usenofp       fz_ps.l(usenofp.o)
    0x00005c24   0x00005c24   0x00000080   Data   RO         2710    .constdata          fz_ps.l(ddiv.o)
    0x00005ca4   0x00005ca4   0x00000008   Data   RO         2781    .constdata          c_p.l(_printf_wctomb.o)
    0x00005cac   0x00005cac   0x00000028   Data   RO         2810    .constdata          c_p.l(_printf_hex_int_ll_ptr.o)
    0x00005cd4   0x00005cd4   0x00000011   Data   RO         2830    .constdata          c_p.l(__printf_flags_ss_wp.o)
    0x00005ce5   0x00005ce5   0x00000026   Data   RO         2934    .constdata          c_p.l(_printf_fp_hex.o)
    0x00005d0b   0x00005d0b   0x00000001   PAD
    0x00005d0c   0x00005d0c   0x00000094   Data   RO         2973    .constdata          c_p.l(bigflt0.o)
    0x00005da0   0x00005da0   0x00000002   Data   RO          521    .rodata..L__const.spi_init.spi_default_clock_config  zf_driver_spi.o
    0x00005da2   0x00005da2   0x0000000a   Data   RO          520    .rodata..L__const.spi_init.spi_default_config  zf_driver_spi.o
    0x00005dac   0x00005dac   0x00000228   Data   RO          162    .rodata.ascii_font_6x8  zf_common_font.o
    0x00005fd4   0x00005fd4   0x000005f0   Data   RO          161    .rodata.ascii_font_8x16  zf_common_font.o
    0x000065c4   0x000065c4   0x00000003   Data   RO         1429    .rodata.gLFCLKConfig  ti_msp_dl_config.o
    0x000065c7   0x000065c7   0x00000001   PAD
    0x000065c8   0x000065c8   0x00000028   Data   RO         1428    .rodata.gSYSPLLConfig  ti_msp_dl_config.o
    0x000065f0   0x000065f0   0x0000000c   Data   RO         1430    .rodata.gVREFConfig  ti_msp_dl_config.o
    0x000065fc   0x000065fc   0x0000003c   Data   RO          359    .rodata.gpio_iomux_index  zf_driver_gpio.o
    0x00006638   0x00006638   0x00000004   Data   RO         1335    .rodata.key_index   zf_device_key.o
    0x0000663c   0x0000663c   0x0000005a   Data   RO          122    .rodata.str1.1      zf_common_debug.o
    0x00006696   0x00006696   0x0000002b   Data   RO          153    .rodata.str1.1      zf_common_fifo.o
    0x000066c1   0x000066c1   0x0000002b   Data   RO          360    .rodata.str1.1      zf_driver_gpio.o
    0x000066ec   0x000066ec   0x0000002a   Data   RO          519    .rodata.str1.1      zf_driver_spi.o
    0x00006716   0x00006716   0x0000002b   Data   RO          595    .rodata.str1.1      zf_driver_uart.o
    0x00006741   0x00006741   0x0000002d   Data   RO          867    .rodata.str1.1      zf_device_ips114.o
    0x0000676e   0x0000676e   0x0000002a   Data   RO         1339    .rodata.str1.1      zf_device_key.o
    0x00006798   0x00006798   0x0000001c   Data   RO         2589    .rodata.str1.1      menu.o
    0x000067b4   0x000067b4   0x00000002   Data   RO          598    .rodata.uart_init.uart_clock_config  zf_driver_uart.o
    0x000067b6   0x000067b6   0x0000000a   Data   RO          599    .rodata.uart_init.uart_default_config  zf_driver_uart.o
    0x000067c0   0x000067c0   0x00000020   Data   RO         3143    Region$$Table       anon$$obj.o
    0x000067e0   0x000067e0   0x0000001c   Data   RO         2982    locale$$data        c_p.l(lc_numeric_c.o)
    0x000067fc   0x000067fc   0x00000110   Data   RO         3012    locale$$data        c_p.l(lc_ctype_c.o)


    Execution Region RW_IRAM2 (Exec base: 0x20200000, Load base: 0x00006910, Size: 0x00000b40, Max: 0x00008000, ABSOLUTE, COMPRESSED[0x00000080])

    Exec Addr    Load Addr    Size         Type   Attr      Idx    E Section Name        Object

    0x20200000   COMPRESSED   0x00000004   Data   RW         2592    .data.Cur_Menu      menu.o
    0x20200004   COMPRESSED   0x00000030   Data   RW         2588    .data.Main_Menu     menu.o
    0x20200034   COMPRESSED   0x00000018   Data   RW         2587    .data.PID_Menu      menu.o
    0x2020004c   COMPRESSED   0x00000060   Data   RW         2586    .data.Task_Menu     menu.o
    0x202000ac   COMPRESSED   0x00000080   Data   RW          338    .data.exti_callback_ptr_list  zf_driver_exti.o
    0x2020012c   COMPRESSED   0x00000008   Data   RW          358    .data.gpio_group    zf_driver_gpio.o
    0x20200134   COMPRESSED   0x00000002   Data   RW          863    .data.ips114_bgcolor  zf_device_ips114.o
    0x20200136   COMPRESSED   0x00000001   Data   RW          865    .data.ips114_display_font  zf_device_ips114.o
    0x20200137   COMPRESSED   0x00000001   PAD
    0x20200138   COMPRESSED   0x00000002   Data   RW          862    .data.ips114_height_max  zf_device_ips114.o
    0x2020013a   COMPRESSED   0x00000002   Data   RW          866    .data.ips114_pencolor  zf_device_ips114.o
    0x2020013c   COMPRESSED   0x00000002   Data   RW          861    .data.ips114_width_max  zf_device_ips114.o
    0x2020013e   COMPRESSED   0x00000002   PAD
    0x20200140   COMPRESSED   0x0000001c   Data   RW          381    .data.pit_callback_ptr_list  zf_driver_pit.o
    0x2020015c   COMPRESSED   0x00000008   Data   RW          522    .data.spi_list      zf_driver_spi.o
    0x20200164   COMPRESSED   0x00000010   Data   RW          593    .data.uart_callback_list  zf_driver_uart.o
    0x20200174   COMPRESSED   0x00000004   Data   RW          597    .data.uart_irq      zf_driver_uart.o
    0x20200178   COMPRESSED   0x00000010   Data   RW          594    .data.uart_list     zf_driver_uart.o
    0x20200188   COMPRESSED   0x00000004   Data   RW         1163    .data.wireless_module_uart_handler  zf_device_type.o
    0x2020018c   COMPRESSED   0x00000001   Data   RW          120    .data.zf_debug_assert_enable  zf_common_debug.o
    0x2020018d   COMPRESSED   0x00000003   PAD
    0x20200190        -       0x00000060   Zero   RW         2958    .bss                c_p.l(libspace.o)
    0x202001f0        -       0x00000001   Zero   RW         2591    .bss.Cur_Menu_index  menu.o
    0x202001f1   COMPRESSED   0x00000003   PAD
    0x202001f4        -       0x00000004   Zero   RW         2593    .bss.Last_Cur_Menu  menu.o
    0x202001f8        -       0x00000001   Zero   RW         2594    .bss.Last_Cur_Menu_index  menu.o
    0x202001f9        -       0x00000004   Zero   RW         2590    .bss.Menu_Button    menu.o
    0x202001fd        -       0x00000001   Zero   RW          121    .bss.debug_assert_handler.assert_nest_index  zf_common_debug.o
    0x202001fe   COMPRESSED   0x00000002   PAD
    0x20200200        -       0x00000014   Zero   RW          123    .bss.debug_output_info  zf_common_debug.o
    0x20200214        -       0x00000040   Zero   RW          124    .bss.debug_uart_buffer  zf_common_debug.o
    0x20200254        -       0x00000001   Zero   RW          117    .bss.debug_uart_data  zf_common_debug.o
    0x20200255        -       0x00000016   Zero   RW          118    .bss.debug_uart_fifo  zf_common_debug.o
    0x2020026b   COMPRESSED   0x00000001   PAD
    0x2020026c        -       0x00000080   Zero   RW          337    .bss.exti_callback_list  zf_driver_exti.o
    0x202002ec        -       0x00000004   Zero   RW          230    .bss.interrupt_nest_count  zf_common_interrupt.o
    0x202002f0        -       0x00000001   Zero   RW          864    .bss.ips114_display_dir  zf_device_ips114.o
    0x202002f1   COMPRESSED   0x00000003   PAD
    0x202002f4        -       0x00000010   Zero   RW         1336    .bss.key_press_time  zf_device_key.o
    0x20200304        -       0x00000004   Zero   RW         1338    .bss.key_state      zf_device_key.o
    0x20200308        -       0x0000001c   Zero   RW          380    .bss.pit_callback_list  zf_driver_pit.o
    0x20200324        -       0x00000004   Zero   RW         1337    .bss.scanner_period  zf_device_key.o
    0x20200328        -       0x00000010   Zero   RW          592    .bss.uart_callback_ptr_list  zf_driver_uart.o
    0x20200338        -       0x00000004   Zero   RW          596    .bss.uart_interrupt_state  zf_driver_uart.o
    0x2020033c        -       0x00000001   Zero   RW          119    .bss.zf_debug_init_flag  zf_common_debug.o
    0x2020033d   COMPRESSED   0x00000003   PAD
    0x20200340        -       0x00000400   Zero   RW         1347    HEAP                startup_mspm0g350x_uvision.o
    0x20200740        -       0x00000400   Zero   RW         1346    STACK               startup_mspm0g350x_uvision.o



  Load Region LR_BCR (Base: 0x41c00000, Size: 0x00000000, Max: 0x00000100, ABSOLUTE)

    Execution Region BCR_CONFIG (Exec base: 0x41c00000, Load base: 0x41c00000, Size: 0x00000000, Max: 0x00000080, ABSOLUTE)

    **** No section assigned to this execution region ****



  Load Region LR_BSL (Base: 0x41c00100, Size: 0x00000000, Max: 0x00000100, ABSOLUTE)

    Execution Region BSL_CONFIG (Exec base: 0x41c00100, Load base: 0x41c00100, Size: 0x00000000, Max: 0x00000080, ABSOLUTE)

    **** No section assigned to this execution region ****


==============================================================================

Image component sizes


      Code (inc. data)   RO Data    RW Data    ZI Data      Debug   Object Name

        20          0          0          0          0        605   dl_common.o
       148         12          0          0          0      10637   dl_spi.o
       170          8          0          0          0      10699   dl_uart.o
        52          4          0          0          0       2513   dl_vref.o
       746         72          0          0          0       5407   isr.o
        36          0          0          0          0        512   main.o
       790         44         28        172         10       3345   menu.o
        48         22        192          0       2048        728   startup_mspm0g350x_uvision.o
      1530        140         55          0          0      16771   ti_msp_dl_config.o
       570         80          0          0          0      11166   zf_common_clock.o
      1278         68         90          1        109       7703   zf_common_debug.o
      1248         12         43          0          0       5643   zf_common_fifo.o
         0          0       2072          0          0        708   zf_common_font.o
       340         20          0          0          4       3594   zf_common_interrupt.o
      2712        176         45          9          1      12526   zf_device_ips114.o
       356         24         46          0         24       2926   zf_device_key.o
         2          0          0          4          0       1931   zf_device_type.o
        86         16          0          0          0       1161   zf_driver_delay.o
        10          0          0        128        128       3742   zf_driver_exti.o
       952        208        103          8          0       6735   zf_driver_gpio.o
        10          0          0         28         28       6666   zf_driver_pit.o
      1208         80         54          8          0      12360   zf_driver_spi.o
      1248        104         55         36         20      12127   zf_driver_uart.o

    ----------------------------------------------------------------------
     13580       1090       2816        400       2384     140205   Object Totals
         0          0         32          0          0          0   (incl. Generated)
        20          0          1          6         12          0   (incl. Padding)

    ----------------------------------------------------------------------

      Code (inc. data)   RO Data    RW Data    ZI Data      Debug   Library Member Name

        86          0          0          0          0          0   __dczerorl2.o
         8          0          0          0          0         68   __main.o
       392          6         17          0          0         76   __printf_flags_ss_wp.o
        14          0          0          0          0         60   __printf_wp.o
         0          0          0          0          0          0   __rtentry.o
        12          0          0          0          0          0   __rtentry2.o
         6          0          0          0          0          0   __rtentry4.o
        60          8          0          0          0          0   __scatter.o
        28          0          0          0          0          0   __scatter_zi.o
        66          0          0          0          0         76   _c16rtomb.o
        10          0          0          0          0          0   _printf_a.o
        10          0          0          0          0          0   _printf_c.o
        46          0          0          0          0        100   _printf_char.o
        48          6          0          0          0         88   _printf_char_common.o
        38          0          0          0          0         60   _printf_charcount.o
        10          0          0          0          0          0   _printf_d.o
       108         18          0          0          0         76   _printf_dec.o
        10          0          0          0          0          0   _printf_e.o
        10          0          0          0          0          0   _printf_f.o
      1044         12          0          0          0        116   _printf_fp_dec.o
       728         10         38          0          0         84   _printf_fp_hex.o
       136         16          0          0          0         76   _printf_fp_infnan.o
        10          0          0          0          0          0   _printf_g.o
       152          4         40          0          0        148   _printf_hex_int_ll_ptr.o
        10          0          0          0          0          0   _printf_i.o
       176          0          0          0          0         84   _printf_intcommon.o
        10          0          0          0          0          0   _printf_l.o
        10          0          0          0          0          0   _printf_lc.o
        10          0          0          0          0          0   _printf_ll.o
        10          0          0          0          0          0   _printf_lld.o
        10          0          0          0          0          0   _printf_lli.o
        10          0          0          0          0          0   _printf_llo.o
        10          0          0          0          0          0   _printf_llu.o
        10          0          0          0          0          0   _printf_llx.o
       112         18          0          0          0         76   _printf_longlong_dec.o
        10          0          0          0          0          0   _printf_ls.o
        10          0          0          0          0          0   _printf_n.o
        10          0          0          0          0          0   _printf_o.o
       112         10          0          0          0        112   _printf_oct_int_ll.o
        10          0          0          0          0          0   _printf_p.o
        78          0          0          0          0        100   _printf_pad.o
         2          0          0          0          0          0   _printf_percent.o
         4          0          0          0          0          0   _printf_percent_end.o
        10          0          0          0          0          0   _printf_s.o
        82          0          0          0          0         72   _printf_str.o
        36          0          0          0          0         76   _printf_truncate.o
        10          0          0          0          0          0   _printf_u.o
        46          0          0          0          0        100   _printf_wchar.o
       188          6          8          0          0         80   _printf_wctomb.o
        10          0          0          0          0          0   _printf_x.o
        10          0          0          0          0         60   _sputc.o
       364          4          0          0          0         92   aeabi_sdiv.o
       216          6        148          0          0         80   bigflt0.o
      1456         30          0          0          0        336   btod.o
        16          0          0          0          0         68   exit.o
         6          0          0          0          0        136   heapauxi.o
        44         10        272          0          0         76   lc_ctype_c.o
        44         10         28          0          0         76   lc_numeric_c.o
         2          0          0          0          0          0   libinit.o
        30          0          0          0          0          0   libinit2.o
         2          0          0          0          0          0   libshutdown.o
         2          0          0          0          0          0   libshutdown2.o
         8          4          0          0         96         68   libspace.o
       122          0          0          0          0         72   lludiv10.o
        16          4          0          0          0         76   rt_ctype_table.o
         8          4          0          0          0         68   rt_locale_intlibspace.o
        64          0          0          0          0        108   rt_memclr.o
       186          0          0          0          0        144   rt_memcpy.o
         2          0          0          0          0          0   rtexit.o
        10          0          0          0          0          0   rtexit2.o
        40          0          0          0          0         60   rtudiv10.o
        44          4          0          0          0         84   sprintf.o
       136          4          0          0          0         72   strcmp.o
        68          6          0          0          0         72   strlen.o
        62          0          0          0          0         80   sys_stackheap_outer.o
       856         20          0          0          0        208   daddsub.o
      1096         26        128          0          0        112   ddiv.o
       108         10          0          0          0         72   dfixi.o
        88          0          0          0          0         92   dflti.o
       584         26          0          0          0         84   dmul.o
        16          4          0          0          0         76   printf1.o
        16          4          0          0          0         76   printf2.o
         0          0          0          0          0          0   usenofp.o
        44          4          0          0          0         60   fpclassify.o

    ----------------------------------------------------------------------
      9816        298        680          0         96       4336   Library Totals
        22          4          1          0          0          0   (incl. Padding)

    ----------------------------------------------------------------------

      Code (inc. data)   RO Data    RW Data    ZI Data      Debug   Library Name

      6986        200        551          0         96       3556   c_p.l
      2764         90        128          0          0        720   fz_ps.l
        44          4          0          0          0         60   m_ps.l

    ----------------------------------------------------------------------
      9816        298        680          0         96       4336   Library Totals

    ----------------------------------------------------------------------

==============================================================================


      Code (inc. data)   RO Data    RW Data    ZI Data      Debug   

     23396       1388       3496        400       2480     142149   Grand Totals
     23396       1388       3496        128       2480     142149   ELF Image Totals (compressed)
     23396       1388       3496        128          0          0   ROM Totals

==============================================================================

    Total RO  Size (Code + RO Data)                26892 (  26.26kB)
    Total RW  Size (RW Data + ZI Data)              2880 (   2.81kB)
    Total ROM Size (Code + RO Data + RW Data)      27020 (  26.39kB)

==============================================================================

