<html>
<body>
<pre>
<h1>�Vision Build Log</h1>
<h2>Tool Versions:</h2>
IDE-Version: ��Vision V5.41.0.0
Copyright (C) 2024 ARM Ltd and ARM Germany GmbH. All rights reserved.
License Information: 1 lzx, 1, LIC=585FJ-UM04G-KP7ZY-IHZHB-06QJN-CBQAG
 
Tool Versions:
Toolchain:       MDK-ARM Plus  Version: 5.41.0.0
Toolchain Path:  F:\keil\ARM\ARMCLANG\Bin
C Compiler:      ArmClang.exe V6.22
Assembler:       Armasm.exe V6.22
Linker/Locator:  ArmLink.exe V6.22
Library Manager: ArmAr.exe V6.22
Hex Converter:   FromElf.exe V6.22
CPU DLL:         SARMCM3.DLL V5.41.0.0
Dialog DLL:      DARMCM1.DLL V1.19.6.0
Target DLL:      CMSIS_AGDI.dll V1.33.21.0
Dialog DLL:      TARMCM1.DLL V1.14.6.0
 
<h2>Project:</h2>
F:\Code\2025_EDC\SeekFree\project\keil\SeekFree_MSPM0G3507_Device_Library.uvprojx
Project File Date:  07/30/2025

<h2>Output:</h2>
*** Using Compiler 'V6.22', folder: 'F:\keil\ARM\ARMCLANG\Bin'
Build target 'SeekFree_MSPM0G3507_Device_Library'
compiling main.c...
../code/Application/UpperMonitor.c(22): warning: incompatible pointer types passing 'uint8_t (*)[100]' (aka 'unsigned char (*)[100]') to parameter of type 'const uint8 *' (aka 'const unsigned char *') [-Wincompatible-pointer-types]
   22 |                                 uart_write_buffer(UpperMonitor_UART_INDEX,&UpperMonitor_Cmd_Send->Usart_Send_Buff,UpperMonitor_Cmd_Send->Usart_Send_Index);
      |                                                                           ^~~~~~~~~~~~~~~~~~~~~~~~~~~~~~~~~~~~~~~
../../libraries/zf_driver\zf_driver_uart.h(168): note: passing argument to parameter 'buff' here
  168 | void uart_write_buffer (uart_index_enum uart_index, const uint8 *buff, uint32 len);
      |                                                                  ^
../code/Application/UpperMonitor.c(158): warning: incompatible pointer types passing 'uint16_t *' (aka 'unsigned short *') to parameter of type 'uint8 *' (aka 'unsigned char *') [-Wincompatible-pointer-types]
  158 |         VisionMonitor_UART_INDEX,&RxData); // 读取数据寄存器，存放在接收的数据变量
      |                                  ^~~~~~~
../../libraries/zf_driver\zf_driver_uart.h(188): note: passing argument to parameter 'data' here
  188 | uint8 uart_read_byte (uart_index_enum uart_index, uint8 *data);
      |                                                          ^
2 warnings generated.
compiling UpperMonitor.c...
linking...
Program Size: Code=44204 RO-data=4072 RW-data=1952 ZI-data=4408  
".\Objects\SeekFree_MSPM0G3507_Device_Library.axf" - 0 Error(s), 2 Warning(s).

<h2>Software Packages used:</h2>

Package Vendor: TexasInstruments
                https://software-dl.ti.com/msp430/esd/MSPM0-CMSIS/MSPM0G1X0X_G3X0X/latest/exports/TexasInstruments.MSPM0G1X0X_G3X0X_DFP.1.3.1.pack
                TexasInstruments::MSPM0G1X0X_G3X0X_DFP@1.3.1
                Device Family Pack for Texas Instruments MSPM0G1X0X_G3X0X Series

<h2>Collection of Component include folders:</h2>

<h2>Collection of Component Files used:</h2>
Build Time Elapsed:  00:00:02
</pre>
</body>
</html>
